[0.253s] Invoking command in '/home/guanyu/crocoddyl/wbot/ros2_ws/build/wbot_bringup': AMENT_PREFIX_PATH=/home/guanyu/crocoddyl/wbot/ros2_ws/install/wbot_simulator:/home/guanyu/crocoddyl/wbot/ros2_ws/install/wbot_mpc:/home/guanyu/crocoddyl/wbot/ros2_ws/install/wbot_command:/home/guanyu/crocoddyl/wbot/ros2_ws/install/wbot_msgs:${AMENT_PREFIX_PATH} CMAKE_PREFIX_PATH=/home/guanyu/crocoddyl/wbot/ros2_ws/install/wbot_msgs LD_LIBRARY_PATH=/home/guanyu/crocoddyl/wbot/ros2_ws/install/wbot_msgs/lib:${LD_LIBRARY_PATH} PYTHONPATH=/home/guanyu/crocoddyl/wbot/ros2_ws/build/wbot_bringup/prefix_override:/usr/lib/python3/dist-packages/colcon_core/task/python/colcon_distutils_commands:/home/guanyu/crocoddyl/wbot/ros2_ws/install/wbot_bringup/lib/python3.10/site-packages:/home/guanyu/crocoddyl/wbot/ros2_ws/build/wbot_simulator:/home/guanyu/crocoddyl/wbot/ros2_ws/install/wbot_simulator/lib/python3.10/site-packages:/home/guanyu/crocoddyl/wbot/ros2_ws/build/wbot_mpc:/home/guanyu/crocoddyl/wbot/ros2_ws/install/wbot_mpc/lib/python3.10/site-packages:/home/guanyu/crocoddyl/wbot/ros2_ws/build/wbot_command:/home/guanyu/crocoddyl/wbot/ros2_ws/install/wbot_command/lib/python3.10/site-packages:/home/guanyu/crocoddyl/wbot/ros2_ws/install/wbot_msgs/local/lib/python3.10/dist-packages:${PYTHONPATH} /usr/bin/python3 -W ignore:setup.py install is deprecated -W ignore:easy_install command is deprecated setup.py develop --uninstall --editable --build-directory /home/guanyu/crocoddyl/wbot/ros2_ws/build/wbot_bringup/build
[0.362s] running develop
[0.424s] Removing /home/guanyu/crocoddyl/wbot/ros2_ws/install/wbot_bringup/lib/python3.10/site-packages/wbot-bringup.egg-link (link to .)
[0.434s] Invoked command in '/home/guanyu/crocoddyl/wbot/ros2_ws/build/wbot_bringup' returned '0': AMENT_PREFIX_PATH=/home/guanyu/crocoddyl/wbot/ros2_ws/install/wbot_simulator:/home/guanyu/crocoddyl/wbot/ros2_ws/install/wbot_mpc:/home/guanyu/crocoddyl/wbot/ros2_ws/install/wbot_command:/home/guanyu/crocoddyl/wbot/ros2_ws/install/wbot_msgs:${AMENT_PREFIX_PATH} CMAKE_PREFIX_PATH=/home/guanyu/crocoddyl/wbot/ros2_ws/install/wbot_msgs LD_LIBRARY_PATH=/home/guanyu/crocoddyl/wbot/ros2_ws/install/wbot_msgs/lib:${LD_LIBRARY_PATH} PYTHONPATH=/home/guanyu/crocoddyl/wbot/ros2_ws/build/wbot_bringup/prefix_override:/usr/lib/python3/dist-packages/colcon_core/task/python/colcon_distutils_commands:/home/guanyu/crocoddyl/wbot/ros2_ws/install/wbot_bringup/lib/python3.10/site-packages:/home/guanyu/crocoddyl/wbot/ros2_ws/build/wbot_simulator:/home/guanyu/crocoddyl/wbot/ros2_ws/install/wbot_simulator/lib/python3.10/site-packages:/home/guanyu/crocoddyl/wbot/ros2_ws/build/wbot_mpc:/home/guanyu/crocoddyl/wbot/ros2_ws/install/wbot_mpc/lib/python3.10/site-packages:/home/guanyu/crocoddyl/wbot/ros2_ws/build/wbot_command:/home/guanyu/crocoddyl/wbot/ros2_ws/install/wbot_command/lib/python3.10/site-packages:/home/guanyu/crocoddyl/wbot/ros2_ws/install/wbot_msgs/local/lib/python3.10/dist-packages:${PYTHONPATH} /usr/bin/python3 -W ignore:setup.py install is deprecated -W ignore:easy_install command is deprecated setup.py develop --uninstall --editable --build-directory /home/guanyu/crocoddyl/wbot/ros2_ws/build/wbot_bringup/build
[0.435s] Invoking command in '/home/guanyu/crocoddyl/wbot/ros2_ws/src/wbot_bringup': AMENT_PREFIX_PATH=/home/guanyu/crocoddyl/wbot/ros2_ws/install/wbot_simulator:/home/guanyu/crocoddyl/wbot/ros2_ws/install/wbot_mpc:/home/guanyu/crocoddyl/wbot/ros2_ws/install/wbot_command:/home/guanyu/crocoddyl/wbot/ros2_ws/install/wbot_msgs:${AMENT_PREFIX_PATH} CMAKE_PREFIX_PATH=/home/guanyu/crocoddyl/wbot/ros2_ws/install/wbot_msgs LD_LIBRARY_PATH=/home/guanyu/crocoddyl/wbot/ros2_ws/install/wbot_msgs/lib:${LD_LIBRARY_PATH} PYTHONPATH=/home/guanyu/crocoddyl/wbot/ros2_ws/build/wbot_bringup/prefix_override:/usr/lib/python3/dist-packages/colcon_core/task/python/colcon_distutils_commands:/home/guanyu/crocoddyl/wbot/ros2_ws/install/wbot_bringup/lib/python3.10/site-packages:/home/guanyu/crocoddyl/wbot/ros2_ws/build/wbot_simulator:/home/guanyu/crocoddyl/wbot/ros2_ws/install/wbot_simulator/lib/python3.10/site-packages:/home/guanyu/crocoddyl/wbot/ros2_ws/build/wbot_mpc:/home/guanyu/crocoddyl/wbot/ros2_ws/install/wbot_mpc/lib/python3.10/site-packages:/home/guanyu/crocoddyl/wbot/ros2_ws/build/wbot_command:/home/guanyu/crocoddyl/wbot/ros2_ws/install/wbot_command/lib/python3.10/site-packages:/home/guanyu/crocoddyl/wbot/ros2_ws/install/wbot_msgs/local/lib/python3.10/dist-packages:${PYTHONPATH} /usr/bin/python3 -W ignore:setup.py install is deprecated -W ignore:easy_install command is deprecated setup.py egg_info --egg-base ../../build/wbot_bringup build --build-base /home/guanyu/crocoddyl/wbot/ros2_ws/build/wbot_bringup/build install --record /home/guanyu/crocoddyl/wbot/ros2_ws/build/wbot_bringup/install.log --single-version-externally-managed install_data --force
[0.534s] running egg_info
[0.535s] writing ../../build/wbot_bringup/wbot_bringup.egg-info/PKG-INFO
[0.535s] writing dependency_links to ../../build/wbot_bringup/wbot_bringup.egg-info/dependency_links.txt
[0.535s] writing entry points to ../../build/wbot_bringup/wbot_bringup.egg-info/entry_points.txt
[0.535s] writing requirements to ../../build/wbot_bringup/wbot_bringup.egg-info/requires.txt
[0.535s] writing top-level names to ../../build/wbot_bringup/wbot_bringup.egg-info/top_level.txt
[0.536s] reading manifest file '../../build/wbot_bringup/wbot_bringup.egg-info/SOURCES.txt'
[0.536s] writing manifest file '../../build/wbot_bringup/wbot_bringup.egg-info/SOURCES.txt'
[0.536s] running build
[0.537s] running build_py
[0.537s] creating /home/guanyu/crocoddyl/wbot/ros2_ws/build/wbot_bringup/build
[0.537s] creating /home/guanyu/crocoddyl/wbot/ros2_ws/build/wbot_bringup/build/lib
[0.537s] creating /home/guanyu/crocoddyl/wbot/ros2_ws/build/wbot_bringup/build/lib/wbot_bringup
[0.537s] copying wbot_bringup/__init__.py -> /home/guanyu/crocoddyl/wbot/ros2_ws/build/wbot_bringup/build/lib/wbot_bringup
[0.537s] running install
[0.537s] running install_lib
[0.537s] creating /home/guanyu/crocoddyl/wbot/ros2_ws/install/wbot_bringup/lib/python3.10/site-packages/wbot_bringup
[0.537s] copying /home/guanyu/crocoddyl/wbot/ros2_ws/build/wbot_bringup/build/lib/wbot_bringup/__init__.py -> /home/guanyu/crocoddyl/wbot/ros2_ws/install/wbot_bringup/lib/python3.10/site-packages/wbot_bringup
[0.537s] byte-compiling /home/guanyu/crocoddyl/wbot/ros2_ws/install/wbot_bringup/lib/python3.10/site-packages/wbot_bringup/__init__.py to __init__.cpython-310.pyc
[0.537s] running install_data
[0.537s] copying resource/wbot_bringup -> /home/guanyu/crocoddyl/wbot/ros2_ws/install/wbot_bringup/share/ament_index/resource_index/packages
[0.537s] copying package.xml -> /home/guanyu/crocoddyl/wbot/ros2_ws/install/wbot_bringup/share/wbot_bringup
[0.538s] copying launch/wbot_mpc.launch.py -> /home/guanyu/crocoddyl/wbot/ros2_ws/install/wbot_bringup/share/wbot_bringup/launch
[0.538s] running install_egg_info
[0.539s] Copying ../../build/wbot_bringup/wbot_bringup.egg-info to /home/guanyu/crocoddyl/wbot/ros2_ws/install/wbot_bringup/lib/python3.10/site-packages/wbot_bringup-0.0.0-py3.10.egg-info
[0.539s] running install_scripts
[0.548s] writing list of installed files to '/home/guanyu/crocoddyl/wbot/ros2_ws/build/wbot_bringup/install.log'
[0.557s] Invoked command in '/home/guanyu/crocoddyl/wbot/ros2_ws/src/wbot_bringup' returned '0': AMENT_PREFIX_PATH=/home/guanyu/crocoddyl/wbot/ros2_ws/install/wbot_simulator:/home/guanyu/crocoddyl/wbot/ros2_ws/install/wbot_mpc:/home/guanyu/crocoddyl/wbot/ros2_ws/install/wbot_command:/home/guanyu/crocoddyl/wbot/ros2_ws/install/wbot_msgs:${AMENT_PREFIX_PATH} CMAKE_PREFIX_PATH=/home/guanyu/crocoddyl/wbot/ros2_ws/install/wbot_msgs LD_LIBRARY_PATH=/home/guanyu/crocoddyl/wbot/ros2_ws/install/wbot_msgs/lib:${LD_LIBRARY_PATH} PYTHONPATH=/home/guanyu/crocoddyl/wbot/ros2_ws/build/wbot_bringup/prefix_override:/usr/lib/python3/dist-packages/colcon_core/task/python/colcon_distutils_commands:/home/guanyu/crocoddyl/wbot/ros2_ws/install/wbot_bringup/lib/python3.10/site-packages:/home/guanyu/crocoddyl/wbot/ros2_ws/build/wbot_simulator:/home/guanyu/crocoddyl/wbot/ros2_ws/install/wbot_simulator/lib/python3.10/site-packages:/home/guanyu/crocoddyl/wbot/ros2_ws/build/wbot_mpc:/home/guanyu/crocoddyl/wbot/ros2_ws/install/wbot_mpc/lib/python3.10/site-packages:/home/guanyu/crocoddyl/wbot/ros2_ws/build/wbot_command:/home/guanyu/crocoddyl/wbot/ros2_ws/install/wbot_command/lib/python3.10/site-packages:/home/guanyu/crocoddyl/wbot/ros2_ws/install/wbot_msgs/local/lib/python3.10/dist-packages:${PYTHONPATH} /usr/bin/python3 -W ignore:setup.py install is deprecated -W ignore:easy_install command is deprecated setup.py egg_info --egg-base ../../build/wbot_bringup build --build-base /home/guanyu/crocoddyl/wbot/ros2_ws/build/wbot_bringup/build install --record /home/guanyu/crocoddyl/wbot/ros2_ws/build/wbot_bringup/install.log --single-version-externally-managed install_data --force
