running develop
Removing /home/guanyu/crocoddyl/wbot/ros2_ws/install/wbot_simulator/lib/python3.10/site-packages/wbot-simulator.egg-link (link to .)
running egg_info
writing ../../build/wbot_simulator/wbot_simulator.egg-info/PKG-INFO
writing dependency_links to ../../build/wbot_simulator/wbot_simulator.egg-info/dependency_links.txt
writing entry points to ../../build/wbot_simulator/wbot_simulator.egg-info/entry_points.txt
writing requirements to ../../build/wbot_simulator/wbot_simulator.egg-info/requires.txt
writing top-level names to ../../build/wbot_simulator/wbot_simulator.egg-info/top_level.txt
reading manifest file '../../build/wbot_simulator/wbot_simulator.egg-info/SOURCES.txt'
writing manifest file '../../build/wbot_simulator/wbot_simulator.egg-info/SOURCES.txt'
running build
running build_py
creating /home/guanyu/crocoddyl/wbot/ros2_ws/build/wbot_simulator/build
creating /home/guanyu/crocoddyl/wbot/ros2_ws/build/wbot_simulator/build/lib
creating /home/guanyu/crocoddyl/wbot/ros2_ws/build/wbot_simulator/build/lib/wbot_simulator
copying wbot_simulator/mujoco_node.py -> /home/guanyu/crocoddyl/wbot/ros2_ws/build/wbot_simulator/build/lib/wbot_simulator
copying wbot_simulator/__init__.py -> /home/guanyu/crocoddyl/wbot/ros2_ws/build/wbot_simulator/build/lib/wbot_simulator
running install
running install_lib
creating /home/guanyu/crocoddyl/wbot/ros2_ws/install/wbot_simulator/lib/python3.10/site-packages/wbot_simulator
copying /home/guanyu/crocoddyl/wbot/ros2_ws/build/wbot_simulator/build/lib/wbot_simulator/mujoco_node.py -> /home/guanyu/crocoddyl/wbot/ros2_ws/install/wbot_simulator/lib/python3.10/site-packages/wbot_simulator
copying /home/guanyu/crocoddyl/wbot/ros2_ws/build/wbot_simulator/build/lib/wbot_simulator/__init__.py -> /home/guanyu/crocoddyl/wbot/ros2_ws/install/wbot_simulator/lib/python3.10/site-packages/wbot_simulator
byte-compiling /home/guanyu/crocoddyl/wbot/ros2_ws/install/wbot_simulator/lib/python3.10/site-packages/wbot_simulator/mujoco_node.py to mujoco_node.cpython-310.pyc
byte-compiling /home/guanyu/crocoddyl/wbot/ros2_ws/install/wbot_simulator/lib/python3.10/site-packages/wbot_simulator/__init__.py to __init__.cpython-310.pyc
running install_data
copying resource/wbot_simulator -> /home/guanyu/crocoddyl/wbot/ros2_ws/install/wbot_simulator/share/ament_index/resource_index/packages
copying package.xml -> /home/guanyu/crocoddyl/wbot/ros2_ws/install/wbot_simulator/share/wbot_simulator
running install_egg_info
Copying ../../build/wbot_simulator/wbot_simulator.egg-info to /home/guanyu/crocoddyl/wbot/ros2_ws/install/wbot_simulator/lib/python3.10/site-packages/wbot_simulator-0.0.0-py3.10.egg-info
running install_scripts
Installing mujoco_node script to /home/guanyu/crocoddyl/wbot/ros2_ws/install/wbot_simulator/lib/wbot_simulator
writing list of installed files to '/home/guanyu/crocoddyl/wbot/ros2_ws/build/wbot_simulator/install.log'
