[0.358s] Invoking command in '/home/guanyu/crocoddyl/wbot/ros2_ws/build/wbot_simulator': AMENT_PREFIX_PATH=/home/guanyu/crocoddyl/wbot/ros2_ws/install/wbot_msgs:${AMENT_PREFIX_PATH} CMAKE_PREFIX_PATH=/home/guanyu/crocoddyl/wbot/ros2_ws/install/wbot_msgs LD_LIBRARY_PATH=/home/guanyu/crocoddyl/wbot/ros2_ws/install/wbot_msgs/lib:${LD_LIBRARY_PATH} PYTHONPATH=/home/guanyu/crocoddyl/wbot/ros2_ws/build/wbot_simulator/prefix_override:/usr/lib/python3/dist-packages/colcon_core/task/python/colcon_distutils_commands:/home/guanyu/crocoddyl/wbot/ros2_ws/install/wbot_simulator/lib/python3.10/site-packages:/home/guanyu/crocoddyl/wbot/ros2_ws/install/wbot_msgs/local/lib/python3.10/dist-packages:${PYTHONPATH} /usr/bin/python3 -W ignore:setup.py install is deprecated -W ignore:easy_install command is deprecated setup.py develop --uninstall --editable --build-directory /home/guanyu/crocoddyl/wbot/ros2_ws/build/wbot_simulator/build
[0.464s] running develop
[0.527s] Removing /home/guanyu/crocoddyl/wbot/ros2_ws/install/wbot_simulator/lib/python3.10/site-packages/wbot-simulator.egg-link (link to .)
[0.538s] Invoked command in '/home/guanyu/crocoddyl/wbot/ros2_ws/build/wbot_simulator' returned '0': AMENT_PREFIX_PATH=/home/guanyu/crocoddyl/wbot/ros2_ws/install/wbot_msgs:${AMENT_PREFIX_PATH} CMAKE_PREFIX_PATH=/home/guanyu/crocoddyl/wbot/ros2_ws/install/wbot_msgs LD_LIBRARY_PATH=/home/guanyu/crocoddyl/wbot/ros2_ws/install/wbot_msgs/lib:${LD_LIBRARY_PATH} PYTHONPATH=/home/guanyu/crocoddyl/wbot/ros2_ws/build/wbot_simulator/prefix_override:/usr/lib/python3/dist-packages/colcon_core/task/python/colcon_distutils_commands:/home/guanyu/crocoddyl/wbot/ros2_ws/install/wbot_simulator/lib/python3.10/site-packages:/home/guanyu/crocoddyl/wbot/ros2_ws/install/wbot_msgs/local/lib/python3.10/dist-packages:${PYTHONPATH} /usr/bin/python3 -W ignore:setup.py install is deprecated -W ignore:easy_install command is deprecated setup.py develop --uninstall --editable --build-directory /home/guanyu/crocoddyl/wbot/ros2_ws/build/wbot_simulator/build
[0.538s] Invoking command in '/home/guanyu/crocoddyl/wbot/ros2_ws/src/wbot_simulator': AMENT_PREFIX_PATH=/home/guanyu/crocoddyl/wbot/ros2_ws/install/wbot_msgs:${AMENT_PREFIX_PATH} CMAKE_PREFIX_PATH=/home/guanyu/crocoddyl/wbot/ros2_ws/install/wbot_msgs LD_LIBRARY_PATH=/home/guanyu/crocoddyl/wbot/ros2_ws/install/wbot_msgs/lib:${LD_LIBRARY_PATH} PYTHONPATH=/home/guanyu/crocoddyl/wbot/ros2_ws/build/wbot_simulator/prefix_override:/usr/lib/python3/dist-packages/colcon_core/task/python/colcon_distutils_commands:/home/guanyu/crocoddyl/wbot/ros2_ws/install/wbot_simulator/lib/python3.10/site-packages:/home/guanyu/crocoddyl/wbot/ros2_ws/install/wbot_msgs/local/lib/python3.10/dist-packages:${PYTHONPATH} /usr/bin/python3 -W ignore:setup.py install is deprecated -W ignore:easy_install command is deprecated setup.py egg_info --egg-base ../../build/wbot_simulator build --build-base /home/guanyu/crocoddyl/wbot/ros2_ws/build/wbot_simulator/build install --record /home/guanyu/crocoddyl/wbot/ros2_ws/build/wbot_simulator/install.log --single-version-externally-managed install_data --force
[0.638s] running egg_info
[0.638s] writing ../../build/wbot_simulator/wbot_simulator.egg-info/PKG-INFO
[0.639s] writing dependency_links to ../../build/wbot_simulator/wbot_simulator.egg-info/dependency_links.txt
[0.639s] writing entry points to ../../build/wbot_simulator/wbot_simulator.egg-info/entry_points.txt
[0.639s] writing requirements to ../../build/wbot_simulator/wbot_simulator.egg-info/requires.txt
[0.639s] writing top-level names to ../../build/wbot_simulator/wbot_simulator.egg-info/top_level.txt
[0.639s] reading manifest file '../../build/wbot_simulator/wbot_simulator.egg-info/SOURCES.txt'
[0.640s] writing manifest file '../../build/wbot_simulator/wbot_simulator.egg-info/SOURCES.txt'
[0.640s] running build
[0.640s] running build_py
[0.640s] creating /home/guanyu/crocoddyl/wbot/ros2_ws/build/wbot_simulator/build
[0.640s] creating /home/guanyu/crocoddyl/wbot/ros2_ws/build/wbot_simulator/build/lib
[0.640s] creating /home/guanyu/crocoddyl/wbot/ros2_ws/build/wbot_simulator/build/lib/wbot_simulator
[0.640s] copying wbot_simulator/mujoco_node.py -> /home/guanyu/crocoddyl/wbot/ros2_ws/build/wbot_simulator/build/lib/wbot_simulator
[0.640s] copying wbot_simulator/__init__.py -> /home/guanyu/crocoddyl/wbot/ros2_ws/build/wbot_simulator/build/lib/wbot_simulator
[0.640s] running install
[0.640s] running install_lib
[0.641s] creating /home/guanyu/crocoddyl/wbot/ros2_ws/install/wbot_simulator/lib/python3.10/site-packages/wbot_simulator
[0.641s] copying /home/guanyu/crocoddyl/wbot/ros2_ws/build/wbot_simulator/build/lib/wbot_simulator/mujoco_node.py -> /home/guanyu/crocoddyl/wbot/ros2_ws/install/wbot_simulator/lib/python3.10/site-packages/wbot_simulator
[0.641s] copying /home/guanyu/crocoddyl/wbot/ros2_ws/build/wbot_simulator/build/lib/wbot_simulator/__init__.py -> /home/guanyu/crocoddyl/wbot/ros2_ws/install/wbot_simulator/lib/python3.10/site-packages/wbot_simulator
[0.641s] byte-compiling /home/guanyu/crocoddyl/wbot/ros2_ws/install/wbot_simulator/lib/python3.10/site-packages/wbot_simulator/mujoco_node.py to mujoco_node.cpython-310.pyc
[0.641s] byte-compiling /home/guanyu/crocoddyl/wbot/ros2_ws/install/wbot_simulator/lib/python3.10/site-packages/wbot_simulator/__init__.py to __init__.cpython-310.pyc
[0.641s] running install_data
[0.641s] copying resource/wbot_simulator -> /home/guanyu/crocoddyl/wbot/ros2_ws/install/wbot_simulator/share/ament_index/resource_index/packages
[0.642s] copying package.xml -> /home/guanyu/crocoddyl/wbot/ros2_ws/install/wbot_simulator/share/wbot_simulator
[0.642s] running install_egg_info
[0.642s] Copying ../../build/wbot_simulator/wbot_simulator.egg-info to /home/guanyu/crocoddyl/wbot/ros2_ws/install/wbot_simulator/lib/python3.10/site-packages/wbot_simulator-0.0.0-py3.10.egg-info
[0.643s] running install_scripts
[0.651s] Installing mujoco_node script to /home/guanyu/crocoddyl/wbot/ros2_ws/install/wbot_simulator/lib/wbot_simulator
[0.652s] writing list of installed files to '/home/guanyu/crocoddyl/wbot/ros2_ws/build/wbot_simulator/install.log'
[0.665s] Invoked command in '/home/guanyu/crocoddyl/wbot/ros2_ws/src/wbot_simulator' returned '0': AMENT_PREFIX_PATH=/home/guanyu/crocoddyl/wbot/ros2_ws/install/wbot_msgs:${AMENT_PREFIX_PATH} CMAKE_PREFIX_PATH=/home/guanyu/crocoddyl/wbot/ros2_ws/install/wbot_msgs LD_LIBRARY_PATH=/home/guanyu/crocoddyl/wbot/ros2_ws/install/wbot_msgs/lib:${LD_LIBRARY_PATH} PYTHONPATH=/home/guanyu/crocoddyl/wbot/ros2_ws/build/wbot_simulator/prefix_override:/usr/lib/python3/dist-packages/colcon_core/task/python/colcon_distutils_commands:/home/guanyu/crocoddyl/wbot/ros2_ws/install/wbot_simulator/lib/python3.10/site-packages:/home/guanyu/crocoddyl/wbot/ros2_ws/install/wbot_msgs/local/lib/python3.10/dist-packages:${PYTHONPATH} /usr/bin/python3 -W ignore:setup.py install is deprecated -W ignore:easy_install command is deprecated setup.py egg_info --egg-base ../../build/wbot_simulator build --build-base /home/guanyu/crocoddyl/wbot/ros2_ws/build/wbot_simulator/build install --record /home/guanyu/crocoddyl/wbot/ros2_ws/build/wbot_simulator/install.log --single-version-externally-managed install_data --force
