[0.271s] Invoking command in '/home/guanyu/crocoddyl/wbot/ros2_ws/src/wbot_bringup': AMENT_PREFIX_PATH=/home/guanyu/crocoddyl/wbot/ros2_ws/install/wbot_simulator:/home/guanyu/crocoddyl/wbot/ros2_ws/install/wbot_mpc:/home/guanyu/crocoddyl/wbot/ros2_ws/install/wbot_command:/home/guanyu/crocoddyl/wbot/ros2_ws/install/wbot_msgs:${AMENT_PREFIX_PATH} CMAKE_PREFIX_PATH=/home/guanyu/crocoddyl/wbot/ros2_ws/install/wbot_msgs LD_LIBRARY_PATH=/home/guanyu/crocoddyl/wbot/ros2_ws/install/wbot_msgs/lib:${LD_LIBRARY_PATH} PYTHONPATH=/home/guanyu/crocoddyl/wbot/ros2_ws/build/wbot_bringup/prefix_override:/usr/lib/python3/dist-packages/colcon_core/task/python/colcon_distutils_commands:/home/guanyu/crocoddyl/wbot/ros2_ws/install/wbot_bringup/lib/python3.10/site-packages:/home/guanyu/crocoddyl/wbot/ros2_ws/build/wbot_simulator:/home/guanyu/crocoddyl/wbot/ros2_ws/install/wbot_simulator/lib/python3.10/site-packages:/home/guanyu/crocoddyl/wbot/ros2_ws/build/wbot_mpc:/home/guanyu/crocoddyl/wbot/ros2_ws/install/wbot_mpc/lib/python3.10/site-packages:/home/guanyu/crocoddyl/wbot/ros2_ws/build/wbot_command:/home/guanyu/crocoddyl/wbot/ros2_ws/install/wbot_command/lib/python3.10/site-packages:/home/guanyu/crocoddyl/wbot/ros2_ws/install/wbot_msgs/local/lib/python3.10/dist-packages:${PYTHONPATH} /usr/bin/python3 -W ignore:setup.py install is deprecated -W ignore:easy_install command is deprecated setup.py egg_info --egg-base ../../build/wbot_bringup build --build-base /home/guanyu/crocoddyl/wbot/ros2_ws/build/wbot_bringup/build install --record /home/guanyu/crocoddyl/wbot/ros2_ws/build/wbot_bringup/install.log --single-version-externally-managed install_data
[0.382s] running egg_info
[0.382s] writing ../../build/wbot_bringup/wbot_bringup.egg-info/PKG-INFO
[0.382s] writing dependency_links to ../../build/wbot_bringup/wbot_bringup.egg-info/dependency_links.txt
[0.383s] writing entry points to ../../build/wbot_bringup/wbot_bringup.egg-info/entry_points.txt
[0.383s] writing requirements to ../../build/wbot_bringup/wbot_bringup.egg-info/requires.txt
[0.383s] writing top-level names to ../../build/wbot_bringup/wbot_bringup.egg-info/top_level.txt
[0.383s] reading manifest file '../../build/wbot_bringup/wbot_bringup.egg-info/SOURCES.txt'
[0.384s] writing manifest file '../../build/wbot_bringup/wbot_bringup.egg-info/SOURCES.txt'
[0.384s] running build
[0.384s] running build_py
[0.384s] running install
[0.384s] running install_lib
[0.384s] running install_data
[0.384s] copying launch/wbot_mpc_sim_only.launch.py -> /home/guanyu/crocoddyl/wbot/ros2_ws/install/wbot_bringup/share/wbot_bringup/launch
[0.385s] running install_egg_info
[0.385s] removing '/home/guanyu/crocoddyl/wbot/ros2_ws/install/wbot_bringup/lib/python3.10/site-packages/wbot_bringup-0.0.0-py3.10.egg-info' (and everything under it)
[0.385s] Copying ../../build/wbot_bringup/wbot_bringup.egg-info to /home/guanyu/crocoddyl/wbot/ros2_ws/install/wbot_bringup/lib/python3.10/site-packages/wbot_bringup-0.0.0-py3.10.egg-info
[0.386s] running install_scripts
[0.395s] writing list of installed files to '/home/guanyu/crocoddyl/wbot/ros2_ws/build/wbot_bringup/install.log'
[0.405s] Invoked command in '/home/guanyu/crocoddyl/wbot/ros2_ws/src/wbot_bringup' returned '0': AMENT_PREFIX_PATH=/home/guanyu/crocoddyl/wbot/ros2_ws/install/wbot_simulator:/home/guanyu/crocoddyl/wbot/ros2_ws/install/wbot_mpc:/home/guanyu/crocoddyl/wbot/ros2_ws/install/wbot_command:/home/guanyu/crocoddyl/wbot/ros2_ws/install/wbot_msgs:${AMENT_PREFIX_PATH} CMAKE_PREFIX_PATH=/home/guanyu/crocoddyl/wbot/ros2_ws/install/wbot_msgs LD_LIBRARY_PATH=/home/guanyu/crocoddyl/wbot/ros2_ws/install/wbot_msgs/lib:${LD_LIBRARY_PATH} PYTHONPATH=/home/guanyu/crocoddyl/wbot/ros2_ws/build/wbot_bringup/prefix_override:/usr/lib/python3/dist-packages/colcon_core/task/python/colcon_distutils_commands:/home/guanyu/crocoddyl/wbot/ros2_ws/install/wbot_bringup/lib/python3.10/site-packages:/home/guanyu/crocoddyl/wbot/ros2_ws/build/wbot_simulator:/home/guanyu/crocoddyl/wbot/ros2_ws/install/wbot_simulator/lib/python3.10/site-packages:/home/guanyu/crocoddyl/wbot/ros2_ws/build/wbot_mpc:/home/guanyu/crocoddyl/wbot/ros2_ws/install/wbot_mpc/lib/python3.10/site-packages:/home/guanyu/crocoddyl/wbot/ros2_ws/build/wbot_command:/home/guanyu/crocoddyl/wbot/ros2_ws/install/wbot_command/lib/python3.10/site-packages:/home/guanyu/crocoddyl/wbot/ros2_ws/install/wbot_msgs/local/lib/python3.10/dist-packages:${PYTHONPATH} /usr/bin/python3 -W ignore:setup.py install is deprecated -W ignore:easy_install command is deprecated setup.py egg_info --egg-base ../../build/wbot_bringup build --build-base /home/guanyu/crocoddyl/wbot/ros2_ws/build/wbot_bringup/build install --record /home/guanyu/crocoddyl/wbot/ros2_ws/build/wbot_bringup/install.log --single-version-externally-managed install_data
