running develop
running egg_info
creating wbot_command.egg-info
writing wbot_command.egg-info/PKG-INFO
writing dependency_links to wbot_command.egg-info/dependency_links.txt
writing entry points to wbot_command.egg-info/entry_points.txt
writing requirements to wbot_command.egg-info/requires.txt
writing top-level names to wbot_command.egg-info/top_level.txt
writing manifest file 'wbot_command.egg-info/SOURCES.txt'
reading manifest file 'wbot_command.egg-info/SOURCES.txt'
writing manifest file 'wbot_command.egg-info/SOURCES.txt'
running build_ext
Creating /home/guanyu/crocoddyl/wbot/ros2_ws/install/wbot_command/lib/python3.10/site-packages/wbot-command.egg-link (link to .)
Installing velocity_command script to /home/guanyu/crocoddyl/wbot/ros2_ws/install/wbot_command/lib/wbot_command

Installed /home/guanyu/crocoddyl/wbot/ros2_ws/build/wbot_command
running symlink_data
creating /home/guanyu/crocoddyl/wbot/ros2_ws/install/wbot_command/share/ament_index
creating /home/guanyu/crocoddyl/wbot/ros2_ws/install/wbot_command/share/ament_index/resource_index
creating /home/guanyu/crocoddyl/wbot/ros2_ws/install/wbot_command/share/ament_index/resource_index/packages
symbolically linking /home/guanyu/crocoddyl/wbot/ros2_ws/build/wbot_command/resource/wbot_command -> /home/guanyu/crocoddyl/wbot/ros2_ws/install/wbot_command/share/ament_index/resource_index/packages
symbolically linking /home/guanyu/crocoddyl/wbot/ros2_ws/build/wbot_command/package.xml -> /home/guanyu/crocoddyl/wbot/ros2_ws/install/wbot_command/share/wbot_command
