[0.478s] Invoking command in '/home/guanyu/crocoddyl/wbot/ros2_ws/build/wbot_command': AMENT_PREFIX_PATH=/home/guanyu/crocoddyl/wbot/ros2_ws/install/wbot_msgs:${AMENT_PREFIX_PATH} CMAKE_PREFIX_PATH=/home/guanyu/crocoddyl/wbot/ros2_ws/install/wbot_msgs LD_LIBRARY_PATH=/home/guanyu/crocoddyl/wbot/ros2_ws/install/wbot_msgs/lib:${LD_LIBRARY_PATH} PYTHONPATH=/home/guanyu/crocoddyl/wbot/ros2_ws/build/wbot_command/prefix_override:/usr/lib/python3/dist-packages/colcon_core/task/python/colcon_distutils_commands:/home/guanyu/crocoddyl/wbot/ros2_ws/install/wbot_command/lib/python3.10/site-packages:/home/guanyu/crocoddyl/wbot/ros2_ws/install/wbot_msgs/local/lib/python3.10/dist-packages:${PYTHONPATH} /usr/bin/python3 -W ignore:setup.py install is deprecated -W ignore:easy_install command is deprecated setup.py develop --editable --build-directory /home/guanyu/crocoddyl/wbot/ros2_ws/build/wbot_command/build --no-deps symlink_data
[0.586s] running develop
[0.654s] running egg_info
[0.654s] creating wbot_command.egg-info
[0.654s] writing wbot_command.egg-info/PKG-INFO
[0.654s] writing dependency_links to wbot_command.egg-info/dependency_links.txt
[0.654s] writing entry points to wbot_command.egg-info/entry_points.txt
[0.654s] writing requirements to wbot_command.egg-info/requires.txt
[0.654s] writing top-level names to wbot_command.egg-info/top_level.txt
[0.654s] writing manifest file 'wbot_command.egg-info/SOURCES.txt'
[0.655s] reading manifest file 'wbot_command.egg-info/SOURCES.txt'
[0.655s] writing manifest file 'wbot_command.egg-info/SOURCES.txt'
[0.656s] running build_ext
[0.656s] Creating /home/guanyu/crocoddyl/wbot/ros2_ws/install/wbot_command/lib/python3.10/site-packages/wbot-command.egg-link (link to .)
[0.656s] Installing velocity_command script to /home/guanyu/crocoddyl/wbot/ros2_ws/install/wbot_command/lib/wbot_command
[0.656s] 
[0.656s] Installed /home/guanyu/crocoddyl/wbot/ros2_ws/build/wbot_command
[0.656s] running symlink_data
[0.656s] creating /home/guanyu/crocoddyl/wbot/ros2_ws/install/wbot_command/share/ament_index
[0.656s] creating /home/guanyu/crocoddyl/wbot/ros2_ws/install/wbot_command/share/ament_index/resource_index
[0.656s] creating /home/guanyu/crocoddyl/wbot/ros2_ws/install/wbot_command/share/ament_index/resource_index/packages
[0.656s] symbolically linking /home/guanyu/crocoddyl/wbot/ros2_ws/build/wbot_command/resource/wbot_command -> /home/guanyu/crocoddyl/wbot/ros2_ws/install/wbot_command/share/ament_index/resource_index/packages
[0.656s] symbolically linking /home/guanyu/crocoddyl/wbot/ros2_ws/build/wbot_command/package.xml -> /home/guanyu/crocoddyl/wbot/ros2_ws/install/wbot_command/share/wbot_command
[0.668s] Invoked command in '/home/guanyu/crocoddyl/wbot/ros2_ws/build/wbot_command' returned '0': AMENT_PREFIX_PATH=/home/guanyu/crocoddyl/wbot/ros2_ws/install/wbot_msgs:${AMENT_PREFIX_PATH} CMAKE_PREFIX_PATH=/home/guanyu/crocoddyl/wbot/ros2_ws/install/wbot_msgs LD_LIBRARY_PATH=/home/guanyu/crocoddyl/wbot/ros2_ws/install/wbot_msgs/lib:${LD_LIBRARY_PATH} PYTHONPATH=/home/guanyu/crocoddyl/wbot/ros2_ws/build/wbot_command/prefix_override:/usr/lib/python3/dist-packages/colcon_core/task/python/colcon_distutils_commands:/home/guanyu/crocoddyl/wbot/ros2_ws/install/wbot_command/lib/python3.10/site-packages:/home/guanyu/crocoddyl/wbot/ros2_ws/install/wbot_msgs/local/lib/python3.10/dist-packages:${PYTHONPATH} /usr/bin/python3 -W ignore:setup.py install is deprecated -W ignore:easy_install command is deprecated setup.py develop --editable --build-directory /home/guanyu/crocoddyl/wbot/ros2_ws/build/wbot_command/build --no-deps symlink_data
