[0.044s] DEBUG:colcon:Command line arguments: ['/usr/bin/colcon', 'build', '--symlink-install']
[0.044s] DEBUG:colcon:Parsed command line arguments: Namespace(log_base=None, log_level=None, verb_name='build', build_base='build', install_base='install', merge_install=False, symlink_install=True, test_result_base=None, continue_on_error=False, executor='parallel', parallel_workers=28, event_handlers=None, ignore_user_meta=False, metas=['./colcon.meta'], base_paths=['.'], packages_ignore=None, packages_ignore_regex=None, paths=None, packages_up_to=None, packages_up_to_regex=None, packages_above=None, packages_above_and_dependencies=None, packages_above_depth=None, packages_select_by_dep=None, packages_skip_by_dep=None, packages_skip_up_to=None, packages_select_build_failed=False, packages_skip_build_finished=False, packages_select_test_failures=False, packages_skip_test_passed=False, packages_select=None, packages_skip=None, packages_select_regex=None, packages_skip_regex=None, packages_start=None, packages_end=None, allow_overriding=[], cmake_args=None, cmake_target=None, cmake_target_skip_unavailable=False, cmake_clean_cache=False, cmake_clean_first=False, cmake_force_configure=False, ament_cmake_args=None, catkin_cmake_args=None, catkin_skip_building_tests=False, mixin_files=None, mixin=None, verb_parser=<colcon_mixin.mixin.mixin_argument.MixinArgumentDecorator object at 0x7a897fb61540>, verb_extension=<colcon_core.verb.build.BuildVerb object at 0x7a897fc6e410>, main=<bound method BuildVerb.main of <colcon_core.verb.build.BuildVerb object at 0x7a897fc6e410>>, mixin_verb=('build',))
[0.109s] Level 1:colcon.colcon_core.package_discovery:discover_packages(colcon_meta) check parameters
[0.109s] Level 1:colcon.colcon_core.package_discovery:discover_packages(recursive) check parameters
[0.109s] Level 1:colcon.colcon_core.package_discovery:discover_packages(ignore) check parameters
[0.109s] Level 1:colcon.colcon_core.package_discovery:discover_packages(path) check parameters
[0.109s] Level 1:colcon.colcon_core.package_discovery:discover_packages(colcon_meta) discover
[0.109s] Level 1:colcon.colcon_core.package_discovery:discover_packages(recursive) discover
[0.109s] INFO:colcon.colcon_core.package_discovery:Crawling recursively for packages in '/home/guanyu/crocoddyl/wbot/ros2_ws'
[0.109s] Level 1:colcon.colcon_core.package_identification:_identify(.) by extensions ['ignore', 'ignore_ament_install']
[0.109s] Level 1:colcon.colcon_core.package_identification:_identify(.) by extension 'ignore'
[0.109s] Level 1:colcon.colcon_core.package_identification:_identify(.) by extension 'ignore_ament_install'
[0.109s] Level 1:colcon.colcon_core.package_identification:_identify(.) by extensions ['colcon_pkg']
[0.109s] Level 1:colcon.colcon_core.package_identification:_identify(.) by extension 'colcon_pkg'
[0.109s] Level 1:colcon.colcon_core.package_identification:_identify(.) by extensions ['colcon_meta']
[0.109s] Level 1:colcon.colcon_core.package_identification:_identify(.) by extension 'colcon_meta'
[0.109s] Level 1:colcon.colcon_core.package_identification:_identify(.) by extensions ['ros']
[0.109s] Level 1:colcon.colcon_core.package_identification:_identify(.) by extension 'ros'
[0.114s] Level 1:colcon.colcon_core.package_identification:_identify(.) by extensions ['cmake', 'python']
[0.114s] Level 1:colcon.colcon_core.package_identification:_identify(.) by extension 'cmake'
[0.114s] Level 1:colcon.colcon_core.package_identification:_identify(.) by extension 'python'
[0.114s] Level 1:colcon.colcon_core.package_identification:_identify(.) by extensions ['python_setup_py']
[0.114s] Level 1:colcon.colcon_core.package_identification:_identify(.) by extension 'python_setup_py'
[0.114s] Level 1:colcon.colcon_core.package_identification:_identify(build) by extensions ['ignore', 'ignore_ament_install']
[0.114s] Level 1:colcon.colcon_core.package_identification:_identify(build) by extension 'ignore'
[0.114s] Level 1:colcon.colcon_core.package_identification:_identify(build) ignored
[0.114s] Level 1:colcon.colcon_core.package_identification:_identify(install) by extensions ['ignore', 'ignore_ament_install']
[0.114s] Level 1:colcon.colcon_core.package_identification:_identify(install) by extension 'ignore'
[0.114s] Level 1:colcon.colcon_core.package_identification:_identify(install) ignored
[0.114s] Level 1:colcon.colcon_core.package_identification:_identify(log) by extensions ['ignore', 'ignore_ament_install']
[0.114s] Level 1:colcon.colcon_core.package_identification:_identify(log) by extension 'ignore'
[0.114s] Level 1:colcon.colcon_core.package_identification:_identify(log) ignored
[0.115s] Level 1:colcon.colcon_core.package_identification:_identify(src) by extensions ['ignore', 'ignore_ament_install']
[0.115s] Level 1:colcon.colcon_core.package_identification:_identify(src) by extension 'ignore'
[0.115s] Level 1:colcon.colcon_core.package_identification:_identify(src) by extension 'ignore_ament_install'
[0.115s] Level 1:colcon.colcon_core.package_identification:_identify(src) by extensions ['colcon_pkg']
[0.115s] Level 1:colcon.colcon_core.package_identification:_identify(src) by extension 'colcon_pkg'
[0.115s] Level 1:colcon.colcon_core.package_identification:_identify(src) by extensions ['colcon_meta']
[0.115s] Level 1:colcon.colcon_core.package_identification:_identify(src) by extension 'colcon_meta'
[0.115s] Level 1:colcon.colcon_core.package_identification:_identify(src) by extensions ['ros']
[0.115s] Level 1:colcon.colcon_core.package_identification:_identify(src) by extension 'ros'
[0.115s] Level 1:colcon.colcon_core.package_identification:_identify(src) by extensions ['cmake', 'python']
[0.115s] Level 1:colcon.colcon_core.package_identification:_identify(src) by extension 'cmake'
[0.115s] Level 1:colcon.colcon_core.package_identification:_identify(src) by extension 'python'
[0.115s] Level 1:colcon.colcon_core.package_identification:_identify(src) by extensions ['python_setup_py']
[0.115s] Level 1:colcon.colcon_core.package_identification:_identify(src) by extension 'python_setup_py'
[0.115s] Level 1:colcon.colcon_core.package_identification:_identify(src/wbot_bringup) by extensions ['ignore', 'ignore_ament_install']
[0.115s] Level 1:colcon.colcon_core.package_identification:_identify(src/wbot_bringup) by extension 'ignore'
[0.115s] Level 1:colcon.colcon_core.package_identification:_identify(src/wbot_bringup) by extension 'ignore_ament_install'
[0.115s] Level 1:colcon.colcon_core.package_identification:_identify(src/wbot_bringup) by extensions ['colcon_pkg']
[0.115s] Level 1:colcon.colcon_core.package_identification:_identify(src/wbot_bringup) by extension 'colcon_pkg'
[0.115s] Level 1:colcon.colcon_core.package_identification:_identify(src/wbot_bringup) by extensions ['colcon_meta']
[0.115s] Level 1:colcon.colcon_core.package_identification:_identify(src/wbot_bringup) by extension 'colcon_meta'
[0.115s] Level 1:colcon.colcon_core.package_identification:_identify(src/wbot_bringup) by extensions ['ros']
[0.115s] Level 1:colcon.colcon_core.package_identification:_identify(src/wbot_bringup) by extension 'ros'
[0.116s] DEBUG:colcon.colcon_core.package_identification:Package 'src/wbot_bringup' with type 'ros.ament_python' and name 'wbot_bringup'
[0.116s] Level 1:colcon.colcon_core.package_identification:_identify(src/wbot_command) by extensions ['ignore', 'ignore_ament_install']
[0.116s] Level 1:colcon.colcon_core.package_identification:_identify(src/wbot_command) by extension 'ignore'
[0.116s] Level 1:colcon.colcon_core.package_identification:_identify(src/wbot_command) by extension 'ignore_ament_install'
[0.116s] Level 1:colcon.colcon_core.package_identification:_identify(src/wbot_command) by extensions ['colcon_pkg']
[0.116s] Level 1:colcon.colcon_core.package_identification:_identify(src/wbot_command) by extension 'colcon_pkg'
[0.116s] Level 1:colcon.colcon_core.package_identification:_identify(src/wbot_command) by extensions ['colcon_meta']
[0.116s] Level 1:colcon.colcon_core.package_identification:_identify(src/wbot_command) by extension 'colcon_meta'
[0.116s] Level 1:colcon.colcon_core.package_identification:_identify(src/wbot_command) by extensions ['ros']
[0.116s] Level 1:colcon.colcon_core.package_identification:_identify(src/wbot_command) by extension 'ros'
[0.117s] DEBUG:colcon.colcon_core.package_identification:Package 'src/wbot_command' with type 'ros.ament_python' and name 'wbot_command'
[0.117s] Level 1:colcon.colcon_core.package_identification:_identify(src/wbot_mpc) by extensions ['ignore', 'ignore_ament_install']
[0.117s] Level 1:colcon.colcon_core.package_identification:_identify(src/wbot_mpc) by extension 'ignore'
[0.117s] Level 1:colcon.colcon_core.package_identification:_identify(src/wbot_mpc) by extension 'ignore_ament_install'
[0.117s] Level 1:colcon.colcon_core.package_identification:_identify(src/wbot_mpc) by extensions ['colcon_pkg']
[0.117s] Level 1:colcon.colcon_core.package_identification:_identify(src/wbot_mpc) by extension 'colcon_pkg'
[0.117s] Level 1:colcon.colcon_core.package_identification:_identify(src/wbot_mpc) by extensions ['colcon_meta']
[0.117s] Level 1:colcon.colcon_core.package_identification:_identify(src/wbot_mpc) by extension 'colcon_meta'
[0.117s] Level 1:colcon.colcon_core.package_identification:_identify(src/wbot_mpc) by extensions ['ros']
[0.117s] Level 1:colcon.colcon_core.package_identification:_identify(src/wbot_mpc) by extension 'ros'
[0.117s] DEBUG:colcon.colcon_core.package_identification:Package 'src/wbot_mpc' with type 'ros.ament_python' and name 'wbot_mpc'
[0.117s] Level 1:colcon.colcon_core.package_identification:_identify(src/wbot_msgs) by extensions ['ignore', 'ignore_ament_install']
[0.117s] Level 1:colcon.colcon_core.package_identification:_identify(src/wbot_msgs) by extension 'ignore'
[0.117s] Level 1:colcon.colcon_core.package_identification:_identify(src/wbot_msgs) by extension 'ignore_ament_install'
[0.117s] Level 1:colcon.colcon_core.package_identification:_identify(src/wbot_msgs) by extensions ['colcon_pkg']
[0.117s] Level 1:colcon.colcon_core.package_identification:_identify(src/wbot_msgs) by extension 'colcon_pkg'
[0.117s] Level 1:colcon.colcon_core.package_identification:_identify(src/wbot_msgs) by extensions ['colcon_meta']
[0.117s] Level 1:colcon.colcon_core.package_identification:_identify(src/wbot_msgs) by extension 'colcon_meta'
[0.117s] Level 1:colcon.colcon_core.package_identification:_identify(src/wbot_msgs) by extensions ['ros']
[0.117s] Level 1:colcon.colcon_core.package_identification:_identify(src/wbot_msgs) by extension 'ros'
[0.117s] DEBUG:colcon.colcon_core.package_identification:Package 'src/wbot_msgs' with type 'ros.ament_cmake' and name 'wbot_msgs'
[0.118s] Level 1:colcon.colcon_core.package_identification:_identify(src/wbot_simulator) by extensions ['ignore', 'ignore_ament_install']
[0.118s] Level 1:colcon.colcon_core.package_identification:_identify(src/wbot_simulator) by extension 'ignore'
[0.118s] Level 1:colcon.colcon_core.package_identification:_identify(src/wbot_simulator) by extension 'ignore_ament_install'
[0.118s] Level 1:colcon.colcon_core.package_identification:_identify(src/wbot_simulator) by extensions ['colcon_pkg']
[0.118s] Level 1:colcon.colcon_core.package_identification:_identify(src/wbot_simulator) by extension 'colcon_pkg'
[0.118s] Level 1:colcon.colcon_core.package_identification:_identify(src/wbot_simulator) by extensions ['colcon_meta']
[0.118s] Level 1:colcon.colcon_core.package_identification:_identify(src/wbot_simulator) by extension 'colcon_meta'
[0.118s] Level 1:colcon.colcon_core.package_identification:_identify(src/wbot_simulator) by extensions ['ros']
[0.118s] Level 1:colcon.colcon_core.package_identification:_identify(src/wbot_simulator) by extension 'ros'
[0.118s] DEBUG:colcon.colcon_core.package_identification:Package 'src/wbot_simulator' with type 'ros.ament_python' and name 'wbot_simulator'
[0.118s] Level 1:colcon.colcon_core.package_discovery:discover_packages(recursive) using defaults
[0.118s] Level 1:colcon.colcon_core.package_discovery:discover_packages(ignore) discover
[0.118s] Level 1:colcon.colcon_core.package_discovery:discover_packages(ignore) using defaults
[0.118s] Level 1:colcon.colcon_core.package_discovery:discover_packages(path) discover
[0.118s] Level 1:colcon.colcon_core.package_discovery:discover_packages(path) using defaults
[0.131s] Level 1:colcon.colcon_core.package_discovery:discover_packages(prefix_path) check parameters
[0.131s] Level 1:colcon.colcon_core.package_discovery:discover_packages(prefix_path) discover
[0.132s] DEBUG:colcon.colcon_installed_package_information.package_discovery:Found 286 installed packages in /opt/ros/humble
[0.133s] Level 1:colcon.colcon_core.package_discovery:discover_packages(prefix_path) using defaults
[0.147s] Level 5:colcon.colcon_core.verb:set package 'wbot_msgs' build argument 'cmake_args' from command line to 'None'
[0.148s] Level 5:colcon.colcon_core.verb:set package 'wbot_msgs' build argument 'cmake_target' from command line to 'None'
[0.148s] Level 5:colcon.colcon_core.verb:set package 'wbot_msgs' build argument 'cmake_target_skip_unavailable' from command line to 'False'
[0.148s] Level 5:colcon.colcon_core.verb:set package 'wbot_msgs' build argument 'cmake_clean_cache' from command line to 'False'
[0.148s] Level 5:colcon.colcon_core.verb:set package 'wbot_msgs' build argument 'cmake_clean_first' from command line to 'False'
[0.148s] Level 5:colcon.colcon_core.verb:set package 'wbot_msgs' build argument 'cmake_force_configure' from command line to 'False'
[0.148s] Level 5:colcon.colcon_core.verb:set package 'wbot_msgs' build argument 'ament_cmake_args' from command line to 'None'
[0.148s] Level 5:colcon.colcon_core.verb:set package 'wbot_msgs' build argument 'catkin_cmake_args' from command line to 'None'
[0.148s] Level 5:colcon.colcon_core.verb:set package 'wbot_msgs' build argument 'catkin_skip_building_tests' from command line to 'False'
[0.148s] DEBUG:colcon.colcon_core.verb:Building package 'wbot_msgs' with the following arguments: {'ament_cmake_args': None, 'build_base': '/home/guanyu/crocoddyl/wbot/ros2_ws/build/wbot_msgs', 'catkin_cmake_args': None, 'catkin_skip_building_tests': False, 'cmake_args': None, 'cmake_clean_cache': False, 'cmake_clean_first': False, 'cmake_force_configure': False, 'cmake_target': None, 'cmake_target_skip_unavailable': False, 'install_base': '/home/guanyu/crocoddyl/wbot/ros2_ws/install/wbot_msgs', 'merge_install': False, 'path': '/home/guanyu/crocoddyl/wbot/ros2_ws/src/wbot_msgs', 'symlink_install': True, 'test_result_base': None}
[0.148s] Level 5:colcon.colcon_core.verb:set package 'wbot_command' build argument 'cmake_args' from command line to 'None'
[0.148s] Level 5:colcon.colcon_core.verb:set package 'wbot_command' build argument 'cmake_target' from command line to 'None'
[0.148s] Level 5:colcon.colcon_core.verb:set package 'wbot_command' build argument 'cmake_target_skip_unavailable' from command line to 'False'
[0.148s] Level 5:colcon.colcon_core.verb:set package 'wbot_command' build argument 'cmake_clean_cache' from command line to 'False'
[0.148s] Level 5:colcon.colcon_core.verb:set package 'wbot_command' build argument 'cmake_clean_first' from command line to 'False'
[0.148s] Level 5:colcon.colcon_core.verb:set package 'wbot_command' build argument 'cmake_force_configure' from command line to 'False'
[0.148s] Level 5:colcon.colcon_core.verb:set package 'wbot_command' build argument 'ament_cmake_args' from command line to 'None'
[0.148s] Level 5:colcon.colcon_core.verb:set package 'wbot_command' build argument 'catkin_cmake_args' from command line to 'None'
[0.148s] Level 5:colcon.colcon_core.verb:set package 'wbot_command' build argument 'catkin_skip_building_tests' from command line to 'False'
[0.148s] DEBUG:colcon.colcon_core.verb:Building package 'wbot_command' with the following arguments: {'ament_cmake_args': None, 'build_base': '/home/guanyu/crocoddyl/wbot/ros2_ws/build/wbot_command', 'catkin_cmake_args': None, 'catkin_skip_building_tests': False, 'cmake_args': None, 'cmake_clean_cache': False, 'cmake_clean_first': False, 'cmake_force_configure': False, 'cmake_target': None, 'cmake_target_skip_unavailable': False, 'install_base': '/home/guanyu/crocoddyl/wbot/ros2_ws/install/wbot_command', 'merge_install': False, 'path': '/home/guanyu/crocoddyl/wbot/ros2_ws/src/wbot_command', 'symlink_install': True, 'test_result_base': None}
[0.148s] Level 5:colcon.colcon_core.verb:set package 'wbot_mpc' build argument 'cmake_args' from command line to 'None'
[0.148s] Level 5:colcon.colcon_core.verb:set package 'wbot_mpc' build argument 'cmake_target' from command line to 'None'
[0.148s] Level 5:colcon.colcon_core.verb:set package 'wbot_mpc' build argument 'cmake_target_skip_unavailable' from command line to 'False'
[0.148s] Level 5:colcon.colcon_core.verb:set package 'wbot_mpc' build argument 'cmake_clean_cache' from command line to 'False'
[0.148s] Level 5:colcon.colcon_core.verb:set package 'wbot_mpc' build argument 'cmake_clean_first' from command line to 'False'
[0.148s] Level 5:colcon.colcon_core.verb:set package 'wbot_mpc' build argument 'cmake_force_configure' from command line to 'False'
[0.148s] Level 5:colcon.colcon_core.verb:set package 'wbot_mpc' build argument 'ament_cmake_args' from command line to 'None'
[0.148s] Level 5:colcon.colcon_core.verb:set package 'wbot_mpc' build argument 'catkin_cmake_args' from command line to 'None'
[0.148s] Level 5:colcon.colcon_core.verb:set package 'wbot_mpc' build argument 'catkin_skip_building_tests' from command line to 'False'
[0.148s] DEBUG:colcon.colcon_core.verb:Building package 'wbot_mpc' with the following arguments: {'ament_cmake_args': None, 'build_base': '/home/guanyu/crocoddyl/wbot/ros2_ws/build/wbot_mpc', 'catkin_cmake_args': None, 'catkin_skip_building_tests': False, 'cmake_args': None, 'cmake_clean_cache': False, 'cmake_clean_first': False, 'cmake_force_configure': False, 'cmake_target': None, 'cmake_target_skip_unavailable': False, 'install_base': '/home/guanyu/crocoddyl/wbot/ros2_ws/install/wbot_mpc', 'merge_install': False, 'path': '/home/guanyu/crocoddyl/wbot/ros2_ws/src/wbot_mpc', 'symlink_install': True, 'test_result_base': None}
[0.148s] Level 5:colcon.colcon_core.verb:set package 'wbot_simulator' build argument 'cmake_args' from command line to 'None'
[0.148s] Level 5:colcon.colcon_core.verb:set package 'wbot_simulator' build argument 'cmake_target' from command line to 'None'
[0.148s] Level 5:colcon.colcon_core.verb:set package 'wbot_simulator' build argument 'cmake_target_skip_unavailable' from command line to 'False'
[0.148s] Level 5:colcon.colcon_core.verb:set package 'wbot_simulator' build argument 'cmake_clean_cache' from command line to 'False'
[0.148s] Level 5:colcon.colcon_core.verb:set package 'wbot_simulator' build argument 'cmake_clean_first' from command line to 'False'
[0.148s] Level 5:colcon.colcon_core.verb:set package 'wbot_simulator' build argument 'cmake_force_configure' from command line to 'False'
[0.148s] Level 5:colcon.colcon_core.verb:set package 'wbot_simulator' build argument 'ament_cmake_args' from command line to 'None'
[0.148s] Level 5:colcon.colcon_core.verb:set package 'wbot_simulator' build argument 'catkin_cmake_args' from command line to 'None'
[0.148s] Level 5:colcon.colcon_core.verb:set package 'wbot_simulator' build argument 'catkin_skip_building_tests' from command line to 'False'
[0.148s] DEBUG:colcon.colcon_core.verb:Building package 'wbot_simulator' with the following arguments: {'ament_cmake_args': None, 'build_base': '/home/guanyu/crocoddyl/wbot/ros2_ws/build/wbot_simulator', 'catkin_cmake_args': None, 'catkin_skip_building_tests': False, 'cmake_args': None, 'cmake_clean_cache': False, 'cmake_clean_first': False, 'cmake_force_configure': False, 'cmake_target': None, 'cmake_target_skip_unavailable': False, 'install_base': '/home/guanyu/crocoddyl/wbot/ros2_ws/install/wbot_simulator', 'merge_install': False, 'path': '/home/guanyu/crocoddyl/wbot/ros2_ws/src/wbot_simulator', 'symlink_install': True, 'test_result_base': None}
[0.148s] Level 5:colcon.colcon_core.verb:set package 'wbot_bringup' build argument 'cmake_args' from command line to 'None'
[0.148s] Level 5:colcon.colcon_core.verb:set package 'wbot_bringup' build argument 'cmake_target' from command line to 'None'
[0.148s] Level 5:colcon.colcon_core.verb:set package 'wbot_bringup' build argument 'cmake_target_skip_unavailable' from command line to 'False'
[0.148s] Level 5:colcon.colcon_core.verb:set package 'wbot_bringup' build argument 'cmake_clean_cache' from command line to 'False'
[0.148s] Level 5:colcon.colcon_core.verb:set package 'wbot_bringup' build argument 'cmake_clean_first' from command line to 'False'
[0.148s] Level 5:colcon.colcon_core.verb:set package 'wbot_bringup' build argument 'cmake_force_configure' from command line to 'False'
[0.148s] Level 5:colcon.colcon_core.verb:set package 'wbot_bringup' build argument 'ament_cmake_args' from command line to 'None'
[0.148s] Level 5:colcon.colcon_core.verb:set package 'wbot_bringup' build argument 'catkin_cmake_args' from command line to 'None'
[0.148s] Level 5:colcon.colcon_core.verb:set package 'wbot_bringup' build argument 'catkin_skip_building_tests' from command line to 'False'
[0.148s] DEBUG:colcon.colcon_core.verb:Building package 'wbot_bringup' with the following arguments: {'ament_cmake_args': None, 'build_base': '/home/guanyu/crocoddyl/wbot/ros2_ws/build/wbot_bringup', 'catkin_cmake_args': None, 'catkin_skip_building_tests': False, 'cmake_args': None, 'cmake_clean_cache': False, 'cmake_clean_first': False, 'cmake_force_configure': False, 'cmake_target': None, 'cmake_target_skip_unavailable': False, 'install_base': '/home/guanyu/crocoddyl/wbot/ros2_ws/install/wbot_bringup', 'merge_install': False, 'path': '/home/guanyu/crocoddyl/wbot/ros2_ws/src/wbot_bringup', 'symlink_install': True, 'test_result_base': None}
[0.149s] INFO:colcon.colcon_core.executor:Executing jobs using 'parallel' executor
[0.149s] DEBUG:colcon.colcon_parallel_executor.executor.parallel:run_until_complete
[0.149s] INFO:colcon.colcon_ros.task.ament_cmake.build:Building ROS package in '/home/guanyu/crocoddyl/wbot/ros2_ws/src/wbot_msgs' with build type 'ament_cmake'
[0.149s] INFO:colcon.colcon_cmake.task.cmake.build:Building CMake package in '/home/guanyu/crocoddyl/wbot/ros2_ws/src/wbot_msgs'
[0.150s] INFO:colcon.colcon_core.plugin_system:Skipping extension 'colcon_core.shell.bat': Not used on non-Windows systems
[0.150s] INFO:colcon.colcon_core.shell:Skip shell extension 'powershell' for command environment: Not usable outside of PowerShell
[0.150s] DEBUG:colcon.colcon_core.shell:Skip shell extension 'dsv' for command environment
[0.154s] DEBUG:colcon.colcon_core.event_handler.log_command:Invoking command in '/home/guanyu/crocoddyl/wbot/ros2_ws/build/wbot_msgs': CMAKE_PREFIX_PATH=/opt/ros/humble /usr/bin/cmake /home/guanyu/crocoddyl/wbot/ros2_ws/src/wbot_msgs -DAMENT_CMAKE_SYMLINK_INSTALL=1 -DCMAKE_INSTALL_PREFIX=/home/guanyu/crocoddyl/wbot/ros2_ws/install/wbot_msgs
[1.288s] DEBUG:colcon.colcon_core.event_handler.log_command:Invoked command in '/home/guanyu/crocoddyl/wbot/ros2_ws/build/wbot_msgs' returned '0': CMAKE_PREFIX_PATH=/opt/ros/humble /usr/bin/cmake /home/guanyu/crocoddyl/wbot/ros2_ws/src/wbot_msgs -DAMENT_CMAKE_SYMLINK_INSTALL=1 -DCMAKE_INSTALL_PREFIX=/home/guanyu/crocoddyl/wbot/ros2_ws/install/wbot_msgs
[1.289s] DEBUG:colcon.colcon_core.event_handler.log_command:Invoking command in '/home/guanyu/crocoddyl/wbot/ros2_ws/build/wbot_msgs': CMAKE_PREFIX_PATH=/opt/ros/humble /usr/bin/cmake --build /home/guanyu/crocoddyl/wbot/ros2_ws/build/wbot_msgs -- -j28 -l28
[2.696s] DEBUG:colcon.colcon_core.event_handler.log_command:Invoked command in '/home/guanyu/crocoddyl/wbot/ros2_ws/build/wbot_msgs' returned '0': CMAKE_PREFIX_PATH=/opt/ros/humble /usr/bin/cmake --build /home/guanyu/crocoddyl/wbot/ros2_ws/build/wbot_msgs -- -j28 -l28
[2.705s] DEBUG:colcon.colcon_core.event_handler.log_command:Invoking command in '/home/guanyu/crocoddyl/wbot/ros2_ws/build/wbot_msgs': CMAKE_PREFIX_PATH=/opt/ros/humble /usr/bin/cmake --install /home/guanyu/crocoddyl/wbot/ros2_ws/build/wbot_msgs
[3.919s] Level 1:colcon.colcon_core.environment:create_environment_scripts_only(wbot_msgs)
[3.919s] DEBUG:colcon.colcon_core.event_handler.log_command:Invoked command in '/home/guanyu/crocoddyl/wbot/ros2_ws/build/wbot_msgs' returned '0': CMAKE_PREFIX_PATH=/opt/ros/humble /usr/bin/cmake --install /home/guanyu/crocoddyl/wbot/ros2_ws/build/wbot_msgs
[3.920s] Level 1:colcon.colcon_core.environment:checking '/home/guanyu/crocoddyl/wbot/ros2_ws/install/wbot_msgs' for CMake module files
[3.920s] Level 1:colcon.colcon_core.environment:checking '/home/guanyu/crocoddyl/wbot/ros2_ws/install/wbot_msgs' for CMake config files
[3.921s] Level 1:colcon.colcon_core.shell:create_environment_hook('wbot_msgs', 'cmake_prefix_path')
[3.921s] INFO:colcon.colcon_core.shell:Creating environment hook '/home/guanyu/crocoddyl/wbot/ros2_ws/install/wbot_msgs/share/wbot_msgs/hook/cmake_prefix_path.ps1'
[3.921s] INFO:colcon.colcon_core.shell:Creating environment descriptor '/home/guanyu/crocoddyl/wbot/ros2_ws/install/wbot_msgs/share/wbot_msgs/hook/cmake_prefix_path.dsv'
[3.921s] INFO:colcon.colcon_core.shell:Creating environment hook '/home/guanyu/crocoddyl/wbot/ros2_ws/install/wbot_msgs/share/wbot_msgs/hook/cmake_prefix_path.sh'
[3.922s] Level 1:colcon.colcon_core.environment:checking '/home/guanyu/crocoddyl/wbot/ros2_ws/install/wbot_msgs/lib'
[3.922s] Level 1:colcon.colcon_core.shell:create_environment_hook('wbot_msgs', 'ld_library_path_lib')
[3.922s] INFO:colcon.colcon_core.shell:Creating environment hook '/home/guanyu/crocoddyl/wbot/ros2_ws/install/wbot_msgs/share/wbot_msgs/hook/ld_library_path_lib.ps1'
[3.922s] INFO:colcon.colcon_core.shell:Creating environment descriptor '/home/guanyu/crocoddyl/wbot/ros2_ws/install/wbot_msgs/share/wbot_msgs/hook/ld_library_path_lib.dsv'
[3.922s] INFO:colcon.colcon_core.shell:Creating environment hook '/home/guanyu/crocoddyl/wbot/ros2_ws/install/wbot_msgs/share/wbot_msgs/hook/ld_library_path_lib.sh'
[3.922s] Level 1:colcon.colcon_core.environment:checking '/home/guanyu/crocoddyl/wbot/ros2_ws/install/wbot_msgs/bin'
[3.922s] Level 1:colcon.colcon_core.environment:checking '/home/guanyu/crocoddyl/wbot/ros2_ws/install/wbot_msgs/lib/pkgconfig/wbot_msgs.pc'
[3.922s] Level 1:colcon.colcon_core.environment:checking '/home/guanyu/crocoddyl/wbot/ros2_ws/install/wbot_msgs/lib/python3.10/site-packages'
[3.922s] Level 1:colcon.colcon_core.environment:checking '/home/guanyu/crocoddyl/wbot/ros2_ws/install/wbot_msgs/bin'
[3.923s] INFO:colcon.colcon_core.shell:Creating package script '/home/guanyu/crocoddyl/wbot/ros2_ws/install/wbot_msgs/share/wbot_msgs/package.ps1'
[3.923s] INFO:colcon.colcon_core.shell:Creating package descriptor '/home/guanyu/crocoddyl/wbot/ros2_ws/install/wbot_msgs/share/wbot_msgs/package.dsv'
[3.923s] INFO:colcon.colcon_core.shell:Creating package script '/home/guanyu/crocoddyl/wbot/ros2_ws/install/wbot_msgs/share/wbot_msgs/package.sh'
[3.923s] INFO:colcon.colcon_core.shell:Creating package script '/home/guanyu/crocoddyl/wbot/ros2_ws/install/wbot_msgs/share/wbot_msgs/package.bash'
[3.924s] INFO:colcon.colcon_core.shell:Creating package script '/home/guanyu/crocoddyl/wbot/ros2_ws/install/wbot_msgs/share/wbot_msgs/package.zsh'
[3.924s] Level 1:colcon.colcon_core.environment:create_file_with_runtime_dependencies(/home/guanyu/crocoddyl/wbot/ros2_ws/install/wbot_msgs/share/colcon-core/packages/wbot_msgs)
[3.924s] Level 1:colcon.colcon_core.environment:create_environment_scripts_only(wbot_msgs)
[3.924s] Level 1:colcon.colcon_core.environment:checking '/home/guanyu/crocoddyl/wbot/ros2_ws/install/wbot_msgs' for CMake module files
[3.924s] Level 1:colcon.colcon_core.environment:checking '/home/guanyu/crocoddyl/wbot/ros2_ws/install/wbot_msgs' for CMake config files
[3.925s] Level 1:colcon.colcon_core.shell:create_environment_hook('wbot_msgs', 'cmake_prefix_path')
[3.925s] INFO:colcon.colcon_core.shell:Creating environment hook '/home/guanyu/crocoddyl/wbot/ros2_ws/install/wbot_msgs/share/wbot_msgs/hook/cmake_prefix_path.ps1'
[3.925s] INFO:colcon.colcon_core.shell:Creating environment descriptor '/home/guanyu/crocoddyl/wbot/ros2_ws/install/wbot_msgs/share/wbot_msgs/hook/cmake_prefix_path.dsv'
[3.925s] INFO:colcon.colcon_core.shell:Creating environment hook '/home/guanyu/crocoddyl/wbot/ros2_ws/install/wbot_msgs/share/wbot_msgs/hook/cmake_prefix_path.sh'
[3.925s] Level 1:colcon.colcon_core.environment:checking '/home/guanyu/crocoddyl/wbot/ros2_ws/install/wbot_msgs/lib'
[3.925s] Level 1:colcon.colcon_core.shell:create_environment_hook('wbot_msgs', 'ld_library_path_lib')
[3.925s] INFO:colcon.colcon_core.shell:Creating environment hook '/home/guanyu/crocoddyl/wbot/ros2_ws/install/wbot_msgs/share/wbot_msgs/hook/ld_library_path_lib.ps1'
[3.926s] INFO:colcon.colcon_core.shell:Creating environment descriptor '/home/guanyu/crocoddyl/wbot/ros2_ws/install/wbot_msgs/share/wbot_msgs/hook/ld_library_path_lib.dsv'
[3.926s] INFO:colcon.colcon_core.shell:Creating environment hook '/home/guanyu/crocoddyl/wbot/ros2_ws/install/wbot_msgs/share/wbot_msgs/hook/ld_library_path_lib.sh'
[3.926s] Level 1:colcon.colcon_core.environment:checking '/home/guanyu/crocoddyl/wbot/ros2_ws/install/wbot_msgs/bin'
[3.926s] Level 1:colcon.colcon_core.environment:checking '/home/guanyu/crocoddyl/wbot/ros2_ws/install/wbot_msgs/lib/pkgconfig/wbot_msgs.pc'
[3.926s] Level 1:colcon.colcon_core.environment:checking '/home/guanyu/crocoddyl/wbot/ros2_ws/install/wbot_msgs/lib/python3.10/site-packages'
[3.926s] Level 1:colcon.colcon_core.environment:checking '/home/guanyu/crocoddyl/wbot/ros2_ws/install/wbot_msgs/bin'
[3.926s] INFO:colcon.colcon_core.shell:Creating package script '/home/guanyu/crocoddyl/wbot/ros2_ws/install/wbot_msgs/share/wbot_msgs/package.ps1'
[3.926s] INFO:colcon.colcon_core.shell:Creating package descriptor '/home/guanyu/crocoddyl/wbot/ros2_ws/install/wbot_msgs/share/wbot_msgs/package.dsv'
[3.927s] INFO:colcon.colcon_core.shell:Creating package script '/home/guanyu/crocoddyl/wbot/ros2_ws/install/wbot_msgs/share/wbot_msgs/package.sh'
[3.927s] INFO:colcon.colcon_core.shell:Creating package script '/home/guanyu/crocoddyl/wbot/ros2_ws/install/wbot_msgs/share/wbot_msgs/package.bash'
[3.927s] INFO:colcon.colcon_core.shell:Creating package script '/home/guanyu/crocoddyl/wbot/ros2_ws/install/wbot_msgs/share/wbot_msgs/package.zsh'
[3.927s] Level 1:colcon.colcon_core.environment:create_file_with_runtime_dependencies(/home/guanyu/crocoddyl/wbot/ros2_ws/install/wbot_msgs/share/colcon-core/packages/wbot_msgs)
[3.927s] INFO:colcon.colcon_ros.task.ament_python.build:Building ROS package in '/home/guanyu/crocoddyl/wbot/ros2_ws/src/wbot_command' with build type 'ament_python'
[3.927s] Level 1:colcon.colcon_core.shell:create_environment_hook('wbot_command', 'ament_prefix_path')
[3.927s] INFO:colcon.colcon_core.shell:Creating environment hook '/home/guanyu/crocoddyl/wbot/ros2_ws/install/wbot_command/share/wbot_command/hook/ament_prefix_path.ps1'
[3.928s] INFO:colcon.colcon_core.shell:Creating environment descriptor '/home/guanyu/crocoddyl/wbot/ros2_ws/install/wbot_command/share/wbot_command/hook/ament_prefix_path.dsv'
[3.928s] INFO:colcon.colcon_core.shell:Creating environment hook '/home/guanyu/crocoddyl/wbot/ros2_ws/install/wbot_command/share/wbot_command/hook/ament_prefix_path.sh'
[3.928s] INFO:colcon.colcon_core.shell:Skip shell extension 'powershell' for command environment: Not usable outside of PowerShell
[3.928s] DEBUG:colcon.colcon_core.shell:Skip shell extension 'dsv' for command environment
[3.929s] INFO:colcon.colcon_ros.task.ament_python.build:Building ROS package in '/home/guanyu/crocoddyl/wbot/ros2_ws/src/wbot_mpc' with build type 'ament_python'
[3.929s] Level 1:colcon.colcon_core.shell:create_environment_hook('wbot_mpc', 'ament_prefix_path')
[3.929s] INFO:colcon.colcon_core.shell:Creating environment hook '/home/guanyu/crocoddyl/wbot/ros2_ws/install/wbot_mpc/share/wbot_mpc/hook/ament_prefix_path.ps1'
[3.930s] INFO:colcon.colcon_core.shell:Creating environment descriptor '/home/guanyu/crocoddyl/wbot/ros2_ws/install/wbot_mpc/share/wbot_mpc/hook/ament_prefix_path.dsv'
[3.930s] INFO:colcon.colcon_core.shell:Creating environment hook '/home/guanyu/crocoddyl/wbot/ros2_ws/install/wbot_mpc/share/wbot_mpc/hook/ament_prefix_path.sh'
[3.930s] INFO:colcon.colcon_core.shell:Skip shell extension 'powershell' for command environment: Not usable outside of PowerShell
[3.930s] DEBUG:colcon.colcon_core.shell:Skip shell extension 'dsv' for command environment
[3.931s] INFO:colcon.colcon_ros.task.ament_python.build:Building ROS package in '/home/guanyu/crocoddyl/wbot/ros2_ws/src/wbot_simulator' with build type 'ament_python'
[3.931s] Level 1:colcon.colcon_core.shell:create_environment_hook('wbot_simulator', 'ament_prefix_path')
[3.931s] INFO:colcon.colcon_core.shell:Creating environment hook '/home/guanyu/crocoddyl/wbot/ros2_ws/install/wbot_simulator/share/wbot_simulator/hook/ament_prefix_path.ps1'
[3.932s] INFO:colcon.colcon_core.shell:Creating environment descriptor '/home/guanyu/crocoddyl/wbot/ros2_ws/install/wbot_simulator/share/wbot_simulator/hook/ament_prefix_path.dsv'
[3.932s] INFO:colcon.colcon_core.shell:Creating environment hook '/home/guanyu/crocoddyl/wbot/ros2_ws/install/wbot_simulator/share/wbot_simulator/hook/ament_prefix_path.sh'
[3.932s] INFO:colcon.colcon_core.shell:Skip shell extension 'powershell' for command environment: Not usable outside of PowerShell
[3.932s] DEBUG:colcon.colcon_core.shell:Skip shell extension 'dsv' for command environment
[4.038s] INFO:colcon.colcon_core.task.python.build:Building Python package in '/home/guanyu/crocoddyl/wbot/ros2_ws/src/wbot_command'
[4.038s] INFO:colcon.colcon_core.shell:Skip shell extension 'powershell' for command environment: Not usable outside of PowerShell
[4.038s] DEBUG:colcon.colcon_core.shell:Skip shell extension 'dsv' for command environment
[4.148s] INFO:colcon.colcon_core.task.python.build:Building Python package in '/home/guanyu/crocoddyl/wbot/ros2_ws/src/wbot_mpc'
[4.148s] INFO:colcon.colcon_core.shell:Skip shell extension 'powershell' for command environment: Not usable outside of PowerShell
[4.148s] DEBUG:colcon.colcon_core.shell:Skip shell extension 'dsv' for command environment
[4.253s] INFO:colcon.colcon_core.task.python.build:Building Python package in '/home/guanyu/crocoddyl/wbot/ros2_ws/src/wbot_simulator'
[4.253s] INFO:colcon.colcon_core.shell:Skip shell extension 'powershell' for command environment: Not usable outside of PowerShell
[4.253s] DEBUG:colcon.colcon_core.shell:Skip shell extension 'dsv' for command environment
[4.404s] DEBUG:colcon.colcon_core.event_handler.log_command:Invoking command in '/home/guanyu/crocoddyl/wbot/ros2_ws/build/wbot_mpc': AMENT_PREFIX_PATH=/home/guanyu/crocoddyl/wbot/ros2_ws/install/wbot_msgs:${AMENT_PREFIX_PATH} CMAKE_PREFIX_PATH=/home/guanyu/crocoddyl/wbot/ros2_ws/install/wbot_msgs LD_LIBRARY_PATH=/home/guanyu/crocoddyl/wbot/ros2_ws/install/wbot_msgs/lib:${LD_LIBRARY_PATH} PYTHONPATH=/home/guanyu/crocoddyl/wbot/ros2_ws/build/wbot_mpc/prefix_override:/usr/lib/python3/dist-packages/colcon_core/task/python/colcon_distutils_commands:/home/guanyu/crocoddyl/wbot/ros2_ws/install/wbot_mpc/lib/python3.10/site-packages:/home/guanyu/crocoddyl/wbot/ros2_ws/install/wbot_msgs/local/lib/python3.10/dist-packages:${PYTHONPATH} /usr/bin/python3 -W ignore:setup.py install is deprecated -W ignore:easy_install command is deprecated setup.py develop --editable --build-directory /home/guanyu/crocoddyl/wbot/ros2_ws/build/wbot_mpc/build --no-deps symlink_data
[4.405s] DEBUG:colcon.colcon_core.event_handler.log_command:Invoking command in '/home/guanyu/crocoddyl/wbot/ros2_ws/build/wbot_simulator': AMENT_PREFIX_PATH=/home/guanyu/crocoddyl/wbot/ros2_ws/install/wbot_msgs:${AMENT_PREFIX_PATH} CMAKE_PREFIX_PATH=/home/guanyu/crocoddyl/wbot/ros2_ws/install/wbot_msgs LD_LIBRARY_PATH=/home/guanyu/crocoddyl/wbot/ros2_ws/install/wbot_msgs/lib:${LD_LIBRARY_PATH} PYTHONPATH=/home/guanyu/crocoddyl/wbot/ros2_ws/build/wbot_simulator/prefix_override:/usr/lib/python3/dist-packages/colcon_core/task/python/colcon_distutils_commands:/home/guanyu/crocoddyl/wbot/ros2_ws/install/wbot_simulator/lib/python3.10/site-packages:/home/guanyu/crocoddyl/wbot/ros2_ws/install/wbot_msgs/local/lib/python3.10/dist-packages:${PYTHONPATH} /usr/bin/python3 -W ignore:setup.py install is deprecated -W ignore:easy_install command is deprecated setup.py develop --editable --build-directory /home/guanyu/crocoddyl/wbot/ros2_ws/build/wbot_simulator/build --no-deps symlink_data
[4.405s] DEBUG:colcon.colcon_core.event_handler.log_command:Invoking command in '/home/guanyu/crocoddyl/wbot/ros2_ws/build/wbot_command': AMENT_PREFIX_PATH=/home/guanyu/crocoddyl/wbot/ros2_ws/install/wbot_msgs:${AMENT_PREFIX_PATH} CMAKE_PREFIX_PATH=/home/guanyu/crocoddyl/wbot/ros2_ws/install/wbot_msgs LD_LIBRARY_PATH=/home/guanyu/crocoddyl/wbot/ros2_ws/install/wbot_msgs/lib:${LD_LIBRARY_PATH} PYTHONPATH=/home/guanyu/crocoddyl/wbot/ros2_ws/build/wbot_command/prefix_override:/usr/lib/python3/dist-packages/colcon_core/task/python/colcon_distutils_commands:/home/guanyu/crocoddyl/wbot/ros2_ws/install/wbot_command/lib/python3.10/site-packages:/home/guanyu/crocoddyl/wbot/ros2_ws/install/wbot_msgs/local/lib/python3.10/dist-packages:${PYTHONPATH} /usr/bin/python3 -W ignore:setup.py install is deprecated -W ignore:easy_install command is deprecated setup.py develop --editable --build-directory /home/guanyu/crocoddyl/wbot/ros2_ws/build/wbot_command/build --no-deps symlink_data
[4.585s] Level 1:colcon.colcon_core.shell:create_environment_hook('wbot_simulator', 'pythonpath_develop')
[4.585s] INFO:colcon.colcon_core.shell:Creating environment hook '/home/guanyu/crocoddyl/wbot/ros2_ws/build/wbot_simulator/share/wbot_simulator/hook/pythonpath_develop.ps1'
[4.585s] DEBUG:colcon.colcon_core.event_handler.log_command:Invoked command in '/home/guanyu/crocoddyl/wbot/ros2_ws/build/wbot_simulator' returned '0': AMENT_PREFIX_PATH=/home/guanyu/crocoddyl/wbot/ros2_ws/install/wbot_msgs:${AMENT_PREFIX_PATH} CMAKE_PREFIX_PATH=/home/guanyu/crocoddyl/wbot/ros2_ws/install/wbot_msgs LD_LIBRARY_PATH=/home/guanyu/crocoddyl/wbot/ros2_ws/install/wbot_msgs/lib:${LD_LIBRARY_PATH} PYTHONPATH=/home/guanyu/crocoddyl/wbot/ros2_ws/build/wbot_simulator/prefix_override:/usr/lib/python3/dist-packages/colcon_core/task/python/colcon_distutils_commands:/home/guanyu/crocoddyl/wbot/ros2_ws/install/wbot_simulator/lib/python3.10/site-packages:/home/guanyu/crocoddyl/wbot/ros2_ws/install/wbot_msgs/local/lib/python3.10/dist-packages:${PYTHONPATH} /usr/bin/python3 -W ignore:setup.py install is deprecated -W ignore:easy_install command is deprecated setup.py develop --editable --build-directory /home/guanyu/crocoddyl/wbot/ros2_ws/build/wbot_simulator/build --no-deps symlink_data
[4.586s] INFO:colcon.colcon_core.shell:Creating environment descriptor '/home/guanyu/crocoddyl/wbot/ros2_ws/build/wbot_simulator/share/wbot_simulator/hook/pythonpath_develop.dsv'
[4.586s] INFO:colcon.colcon_core.shell:Creating environment hook '/home/guanyu/crocoddyl/wbot/ros2_ws/build/wbot_simulator/share/wbot_simulator/hook/pythonpath_develop.sh'
[4.586s] Level 1:colcon.colcon_core.environment:checking '/home/guanyu/crocoddyl/wbot/ros2_ws/install/wbot_simulator' for CMake module files
[4.586s] Level 1:colcon.colcon_core.environment:checking '/home/guanyu/crocoddyl/wbot/ros2_ws/install/wbot_simulator' for CMake config files
[4.586s] Level 1:colcon.colcon_core.environment:checking '/home/guanyu/crocoddyl/wbot/ros2_ws/install/wbot_simulator/lib'
[4.586s] Level 1:colcon.colcon_core.environment:checking '/home/guanyu/crocoddyl/wbot/ros2_ws/install/wbot_simulator/bin'
[4.586s] Level 1:colcon.colcon_core.environment:checking '/home/guanyu/crocoddyl/wbot/ros2_ws/install/wbot_simulator/lib/pkgconfig/wbot_simulator.pc'
[4.586s] Level 1:colcon.colcon_core.environment:checking '/home/guanyu/crocoddyl/wbot/ros2_ws/install/wbot_simulator/lib/python3.10/site-packages'
[4.586s] Level 1:colcon.colcon_core.shell:create_environment_hook('wbot_simulator', 'pythonpath')
[4.586s] INFO:colcon.colcon_core.shell:Creating environment hook '/home/guanyu/crocoddyl/wbot/ros2_ws/install/wbot_simulator/share/wbot_simulator/hook/pythonpath.ps1'
[4.587s] INFO:colcon.colcon_core.shell:Creating environment descriptor '/home/guanyu/crocoddyl/wbot/ros2_ws/install/wbot_simulator/share/wbot_simulator/hook/pythonpath.dsv'
[4.587s] INFO:colcon.colcon_core.shell:Creating environment hook '/home/guanyu/crocoddyl/wbot/ros2_ws/install/wbot_simulator/share/wbot_simulator/hook/pythonpath.sh'
[4.587s] Level 1:colcon.colcon_core.environment:checking '/home/guanyu/crocoddyl/wbot/ros2_ws/install/wbot_simulator/bin'
[4.587s] Level 1:colcon.colcon_core.environment:create_environment_scripts_only(wbot_simulator)
[4.587s] INFO:colcon.colcon_core.shell:Creating package script '/home/guanyu/crocoddyl/wbot/ros2_ws/install/wbot_simulator/share/wbot_simulator/package.ps1'
[4.587s] INFO:colcon.colcon_core.shell:Creating package descriptor '/home/guanyu/crocoddyl/wbot/ros2_ws/install/wbot_simulator/share/wbot_simulator/package.dsv'
[4.588s] INFO:colcon.colcon_core.shell:Creating package script '/home/guanyu/crocoddyl/wbot/ros2_ws/install/wbot_simulator/share/wbot_simulator/package.sh'
[4.588s] INFO:colcon.colcon_core.shell:Creating package script '/home/guanyu/crocoddyl/wbot/ros2_ws/install/wbot_simulator/share/wbot_simulator/package.bash'
[4.588s] INFO:colcon.colcon_core.shell:Creating package script '/home/guanyu/crocoddyl/wbot/ros2_ws/install/wbot_simulator/share/wbot_simulator/package.zsh'
[4.588s] Level 1:colcon.colcon_core.environment:create_file_with_runtime_dependencies(/home/guanyu/crocoddyl/wbot/ros2_ws/install/wbot_simulator/share/colcon-core/packages/wbot_simulator)
[4.596s] Level 1:colcon.colcon_core.shell:create_environment_hook('wbot_command', 'pythonpath_develop')
[4.596s] DEBUG:colcon.colcon_core.event_handler.log_command:Invoked command in '/home/guanyu/crocoddyl/wbot/ros2_ws/build/wbot_command' returned '0': AMENT_PREFIX_PATH=/home/guanyu/crocoddyl/wbot/ros2_ws/install/wbot_msgs:${AMENT_PREFIX_PATH} CMAKE_PREFIX_PATH=/home/guanyu/crocoddyl/wbot/ros2_ws/install/wbot_msgs LD_LIBRARY_PATH=/home/guanyu/crocoddyl/wbot/ros2_ws/install/wbot_msgs/lib:${LD_LIBRARY_PATH} PYTHONPATH=/home/guanyu/crocoddyl/wbot/ros2_ws/build/wbot_command/prefix_override:/usr/lib/python3/dist-packages/colcon_core/task/python/colcon_distutils_commands:/home/guanyu/crocoddyl/wbot/ros2_ws/install/wbot_command/lib/python3.10/site-packages:/home/guanyu/crocoddyl/wbot/ros2_ws/install/wbot_msgs/local/lib/python3.10/dist-packages:${PYTHONPATH} /usr/bin/python3 -W ignore:setup.py install is deprecated -W ignore:easy_install command is deprecated setup.py develop --editable --build-directory /home/guanyu/crocoddyl/wbot/ros2_ws/build/wbot_command/build --no-deps symlink_data
[4.596s] INFO:colcon.colcon_core.shell:Creating environment hook '/home/guanyu/crocoddyl/wbot/ros2_ws/build/wbot_command/share/wbot_command/hook/pythonpath_develop.ps1'
[4.596s] INFO:colcon.colcon_core.shell:Creating environment descriptor '/home/guanyu/crocoddyl/wbot/ros2_ws/build/wbot_command/share/wbot_command/hook/pythonpath_develop.dsv'
[4.597s] INFO:colcon.colcon_core.shell:Creating environment hook '/home/guanyu/crocoddyl/wbot/ros2_ws/build/wbot_command/share/wbot_command/hook/pythonpath_develop.sh'
[4.597s] Level 1:colcon.colcon_core.environment:checking '/home/guanyu/crocoddyl/wbot/ros2_ws/install/wbot_command' for CMake module files
[4.597s] Level 1:colcon.colcon_core.environment:checking '/home/guanyu/crocoddyl/wbot/ros2_ws/install/wbot_command' for CMake config files
[4.597s] Level 1:colcon.colcon_core.environment:checking '/home/guanyu/crocoddyl/wbot/ros2_ws/install/wbot_command/lib'
[4.597s] Level 1:colcon.colcon_core.environment:checking '/home/guanyu/crocoddyl/wbot/ros2_ws/install/wbot_command/bin'
[4.597s] Level 1:colcon.colcon_core.environment:checking '/home/guanyu/crocoddyl/wbot/ros2_ws/install/wbot_command/lib/pkgconfig/wbot_command.pc'
[4.597s] Level 1:colcon.colcon_core.environment:checking '/home/guanyu/crocoddyl/wbot/ros2_ws/install/wbot_command/lib/python3.10/site-packages'
[4.597s] Level 1:colcon.colcon_core.shell:create_environment_hook('wbot_command', 'pythonpath')
[4.597s] INFO:colcon.colcon_core.shell:Creating environment hook '/home/guanyu/crocoddyl/wbot/ros2_ws/install/wbot_command/share/wbot_command/hook/pythonpath.ps1'
[4.597s] INFO:colcon.colcon_core.shell:Creating environment descriptor '/home/guanyu/crocoddyl/wbot/ros2_ws/install/wbot_command/share/wbot_command/hook/pythonpath.dsv'
[4.598s] INFO:colcon.colcon_core.shell:Creating environment hook '/home/guanyu/crocoddyl/wbot/ros2_ws/install/wbot_command/share/wbot_command/hook/pythonpath.sh'
[4.598s] Level 1:colcon.colcon_core.environment:checking '/home/guanyu/crocoddyl/wbot/ros2_ws/install/wbot_command/bin'
[4.598s] Level 1:colcon.colcon_core.environment:create_environment_scripts_only(wbot_command)
[4.598s] INFO:colcon.colcon_core.shell:Creating package script '/home/guanyu/crocoddyl/wbot/ros2_ws/install/wbot_command/share/wbot_command/package.ps1'
[4.598s] INFO:colcon.colcon_core.shell:Creating package descriptor '/home/guanyu/crocoddyl/wbot/ros2_ws/install/wbot_command/share/wbot_command/package.dsv'
[4.598s] INFO:colcon.colcon_core.shell:Creating package script '/home/guanyu/crocoddyl/wbot/ros2_ws/install/wbot_command/share/wbot_command/package.sh'
[4.598s] INFO:colcon.colcon_core.shell:Creating package script '/home/guanyu/crocoddyl/wbot/ros2_ws/install/wbot_command/share/wbot_command/package.bash'
[4.599s] INFO:colcon.colcon_core.shell:Creating package script '/home/guanyu/crocoddyl/wbot/ros2_ws/install/wbot_command/share/wbot_command/package.zsh'
[4.599s] Level 1:colcon.colcon_core.environment:create_file_with_runtime_dependencies(/home/guanyu/crocoddyl/wbot/ros2_ws/install/wbot_command/share/colcon-core/packages/wbot_command)
[4.599s] Level 1:colcon.colcon_core.shell:create_environment_hook('wbot_mpc', 'pythonpath_develop')
[4.599s] INFO:colcon.colcon_core.shell:Creating environment hook '/home/guanyu/crocoddyl/wbot/ros2_ws/build/wbot_mpc/share/wbot_mpc/hook/pythonpath_develop.ps1'
[4.599s] INFO:colcon.colcon_core.shell:Creating environment descriptor '/home/guanyu/crocoddyl/wbot/ros2_ws/build/wbot_mpc/share/wbot_mpc/hook/pythonpath_develop.dsv'
[4.599s] INFO:colcon.colcon_core.shell:Creating environment hook '/home/guanyu/crocoddyl/wbot/ros2_ws/build/wbot_mpc/share/wbot_mpc/hook/pythonpath_develop.sh'
[4.600s] DEBUG:colcon.colcon_core.event_handler.log_command:Invoked command in '/home/guanyu/crocoddyl/wbot/ros2_ws/build/wbot_mpc' returned '0': AMENT_PREFIX_PATH=/home/guanyu/crocoddyl/wbot/ros2_ws/install/wbot_msgs:${AMENT_PREFIX_PATH} CMAKE_PREFIX_PATH=/home/guanyu/crocoddyl/wbot/ros2_ws/install/wbot_msgs LD_LIBRARY_PATH=/home/guanyu/crocoddyl/wbot/ros2_ws/install/wbot_msgs/lib:${LD_LIBRARY_PATH} PYTHONPATH=/home/guanyu/crocoddyl/wbot/ros2_ws/build/wbot_mpc/prefix_override:/usr/lib/python3/dist-packages/colcon_core/task/python/colcon_distutils_commands:/home/guanyu/crocoddyl/wbot/ros2_ws/install/wbot_mpc/lib/python3.10/site-packages:/home/guanyu/crocoddyl/wbot/ros2_ws/install/wbot_msgs/local/lib/python3.10/dist-packages:${PYTHONPATH} /usr/bin/python3 -W ignore:setup.py install is deprecated -W ignore:easy_install command is deprecated setup.py develop --editable --build-directory /home/guanyu/crocoddyl/wbot/ros2_ws/build/wbot_mpc/build --no-deps symlink_data
[4.600s] Level 1:colcon.colcon_core.environment:checking '/home/guanyu/crocoddyl/wbot/ros2_ws/install/wbot_mpc' for CMake module files
[4.600s] Level 1:colcon.colcon_core.environment:checking '/home/guanyu/crocoddyl/wbot/ros2_ws/install/wbot_mpc' for CMake config files
[4.600s] Level 1:colcon.colcon_core.environment:checking '/home/guanyu/crocoddyl/wbot/ros2_ws/install/wbot_mpc/lib'
[4.600s] Level 1:colcon.colcon_core.environment:checking '/home/guanyu/crocoddyl/wbot/ros2_ws/install/wbot_mpc/bin'
[4.600s] Level 1:colcon.colcon_core.environment:checking '/home/guanyu/crocoddyl/wbot/ros2_ws/install/wbot_mpc/lib/pkgconfig/wbot_mpc.pc'
[4.600s] Level 1:colcon.colcon_core.environment:checking '/home/guanyu/crocoddyl/wbot/ros2_ws/install/wbot_mpc/lib/python3.10/site-packages'
[4.600s] Level 1:colcon.colcon_core.shell:create_environment_hook('wbot_mpc', 'pythonpath')
[4.600s] INFO:colcon.colcon_core.shell:Creating environment hook '/home/guanyu/crocoddyl/wbot/ros2_ws/install/wbot_mpc/share/wbot_mpc/hook/pythonpath.ps1'
[4.600s] INFO:colcon.colcon_core.shell:Creating environment descriptor '/home/guanyu/crocoddyl/wbot/ros2_ws/install/wbot_mpc/share/wbot_mpc/hook/pythonpath.dsv'
[4.601s] INFO:colcon.colcon_core.shell:Creating environment hook '/home/guanyu/crocoddyl/wbot/ros2_ws/install/wbot_mpc/share/wbot_mpc/hook/pythonpath.sh'
[4.601s] Level 1:colcon.colcon_core.environment:checking '/home/guanyu/crocoddyl/wbot/ros2_ws/install/wbot_mpc/bin'
[4.601s] Level 1:colcon.colcon_core.environment:create_environment_scripts_only(wbot_mpc)
[4.601s] INFO:colcon.colcon_core.shell:Creating package script '/home/guanyu/crocoddyl/wbot/ros2_ws/install/wbot_mpc/share/wbot_mpc/package.ps1'
[4.601s] INFO:colcon.colcon_core.shell:Creating package descriptor '/home/guanyu/crocoddyl/wbot/ros2_ws/install/wbot_mpc/share/wbot_mpc/package.dsv'
[4.601s] INFO:colcon.colcon_core.shell:Creating package script '/home/guanyu/crocoddyl/wbot/ros2_ws/install/wbot_mpc/share/wbot_mpc/package.sh'
[4.601s] INFO:colcon.colcon_core.shell:Creating package script '/home/guanyu/crocoddyl/wbot/ros2_ws/install/wbot_mpc/share/wbot_mpc/package.bash'
[4.601s] INFO:colcon.colcon_core.shell:Creating package script '/home/guanyu/crocoddyl/wbot/ros2_ws/install/wbot_mpc/share/wbot_mpc/package.zsh'
[4.602s] Level 1:colcon.colcon_core.environment:create_file_with_runtime_dependencies(/home/guanyu/crocoddyl/wbot/ros2_ws/install/wbot_mpc/share/colcon-core/packages/wbot_mpc)
[4.602s] INFO:colcon.colcon_ros.task.ament_python.build:Building ROS package in '/home/guanyu/crocoddyl/wbot/ros2_ws/src/wbot_bringup' with build type 'ament_python'
[4.602s] Level 1:colcon.colcon_core.shell:create_environment_hook('wbot_bringup', 'ament_prefix_path')
[4.602s] INFO:colcon.colcon_core.shell:Creating environment hook '/home/guanyu/crocoddyl/wbot/ros2_ws/install/wbot_bringup/share/wbot_bringup/hook/ament_prefix_path.ps1'
[4.602s] INFO:colcon.colcon_core.shell:Creating environment descriptor '/home/guanyu/crocoddyl/wbot/ros2_ws/install/wbot_bringup/share/wbot_bringup/hook/ament_prefix_path.dsv'
[4.602s] INFO:colcon.colcon_core.shell:Creating environment hook '/home/guanyu/crocoddyl/wbot/ros2_ws/install/wbot_bringup/share/wbot_bringup/hook/ament_prefix_path.sh'
[4.603s] INFO:colcon.colcon_core.shell:Skip shell extension 'powershell' for command environment: Not usable outside of PowerShell
[4.603s] DEBUG:colcon.colcon_core.shell:Skip shell extension 'dsv' for command environment
[4.714s] INFO:colcon.colcon_core.task.python.build:Building Python package in '/home/guanyu/crocoddyl/wbot/ros2_ws/src/wbot_bringup'
[4.714s] INFO:colcon.colcon_core.shell:Skip shell extension 'powershell' for command environment: Not usable outside of PowerShell
[4.714s] DEBUG:colcon.colcon_core.shell:Skip shell extension 'dsv' for command environment
[4.858s] DEBUG:colcon.colcon_core.event_handler.log_command:Invoking command in '/home/guanyu/crocoddyl/wbot/ros2_ws/build/wbot_bringup': AMENT_PREFIX_PATH=/home/guanyu/crocoddyl/wbot/ros2_ws/install/wbot_simulator:/home/guanyu/crocoddyl/wbot/ros2_ws/install/wbot_mpc:/home/guanyu/crocoddyl/wbot/ros2_ws/install/wbot_command:/home/guanyu/crocoddyl/wbot/ros2_ws/install/wbot_msgs:${AMENT_PREFIX_PATH} CMAKE_PREFIX_PATH=/home/guanyu/crocoddyl/wbot/ros2_ws/install/wbot_msgs LD_LIBRARY_PATH=/home/guanyu/crocoddyl/wbot/ros2_ws/install/wbot_msgs/lib:${LD_LIBRARY_PATH} PYTHONPATH=/home/guanyu/crocoddyl/wbot/ros2_ws/build/wbot_bringup/prefix_override:/usr/lib/python3/dist-packages/colcon_core/task/python/colcon_distutils_commands:/home/guanyu/crocoddyl/wbot/ros2_ws/install/wbot_bringup/lib/python3.10/site-packages:/home/guanyu/crocoddyl/wbot/ros2_ws/build/wbot_simulator:/home/guanyu/crocoddyl/wbot/ros2_ws/install/wbot_simulator/lib/python3.10/site-packages:/home/guanyu/crocoddyl/wbot/ros2_ws/build/wbot_mpc:/home/guanyu/crocoddyl/wbot/ros2_ws/install/wbot_mpc/lib/python3.10/site-packages:/home/guanyu/crocoddyl/wbot/ros2_ws/build/wbot_command:/home/guanyu/crocoddyl/wbot/ros2_ws/install/wbot_command/lib/python3.10/site-packages:/home/guanyu/crocoddyl/wbot/ros2_ws/install/wbot_msgs/local/lib/python3.10/dist-packages:${PYTHONPATH} /usr/bin/python3 -W ignore:setup.py install is deprecated -W ignore:easy_install command is deprecated setup.py develop --editable --build-directory /home/guanyu/crocoddyl/wbot/ros2_ws/build/wbot_bringup/build --no-deps symlink_data
[5.047s] Level 1:colcon.colcon_core.shell:create_environment_hook('wbot_bringup', 'pythonpath_develop')
[5.047s] INFO:colcon.colcon_core.shell:Creating environment hook '/home/guanyu/crocoddyl/wbot/ros2_ws/build/wbot_bringup/share/wbot_bringup/hook/pythonpath_develop.ps1'
[5.047s] DEBUG:colcon.colcon_core.event_handler.log_command:Invoked command in '/home/guanyu/crocoddyl/wbot/ros2_ws/build/wbot_bringup' returned '0': AMENT_PREFIX_PATH=/home/guanyu/crocoddyl/wbot/ros2_ws/install/wbot_simulator:/home/guanyu/crocoddyl/wbot/ros2_ws/install/wbot_mpc:/home/guanyu/crocoddyl/wbot/ros2_ws/install/wbot_command:/home/guanyu/crocoddyl/wbot/ros2_ws/install/wbot_msgs:${AMENT_PREFIX_PATH} CMAKE_PREFIX_PATH=/home/guanyu/crocoddyl/wbot/ros2_ws/install/wbot_msgs LD_LIBRARY_PATH=/home/guanyu/crocoddyl/wbot/ros2_ws/install/wbot_msgs/lib:${LD_LIBRARY_PATH} PYTHONPATH=/home/guanyu/crocoddyl/wbot/ros2_ws/build/wbot_bringup/prefix_override:/usr/lib/python3/dist-packages/colcon_core/task/python/colcon_distutils_commands:/home/guanyu/crocoddyl/wbot/ros2_ws/install/wbot_bringup/lib/python3.10/site-packages:/home/guanyu/crocoddyl/wbot/ros2_ws/build/wbot_simulator:/home/guanyu/crocoddyl/wbot/ros2_ws/install/wbot_simulator/lib/python3.10/site-packages:/home/guanyu/crocoddyl/wbot/ros2_ws/build/wbot_mpc:/home/guanyu/crocoddyl/wbot/ros2_ws/install/wbot_mpc/lib/python3.10/site-packages:/home/guanyu/crocoddyl/wbot/ros2_ws/build/wbot_command:/home/guanyu/crocoddyl/wbot/ros2_ws/install/wbot_command/lib/python3.10/site-packages:/home/guanyu/crocoddyl/wbot/ros2_ws/install/wbot_msgs/local/lib/python3.10/dist-packages:${PYTHONPATH} /usr/bin/python3 -W ignore:setup.py install is deprecated -W ignore:easy_install command is deprecated setup.py develop --editable --build-directory /home/guanyu/crocoddyl/wbot/ros2_ws/build/wbot_bringup/build --no-deps symlink_data
[5.047s] INFO:colcon.colcon_core.shell:Creating environment descriptor '/home/guanyu/crocoddyl/wbot/ros2_ws/build/wbot_bringup/share/wbot_bringup/hook/pythonpath_develop.dsv'
[5.048s] INFO:colcon.colcon_core.shell:Creating environment hook '/home/guanyu/crocoddyl/wbot/ros2_ws/build/wbot_bringup/share/wbot_bringup/hook/pythonpath_develop.sh'
[5.048s] Level 1:colcon.colcon_core.environment:checking '/home/guanyu/crocoddyl/wbot/ros2_ws/install/wbot_bringup' for CMake module files
[5.048s] Level 1:colcon.colcon_core.environment:checking '/home/guanyu/crocoddyl/wbot/ros2_ws/install/wbot_bringup' for CMake config files
[5.048s] Level 1:colcon.colcon_core.environment:checking '/home/guanyu/crocoddyl/wbot/ros2_ws/install/wbot_bringup/lib'
[5.048s] Level 1:colcon.colcon_core.environment:checking '/home/guanyu/crocoddyl/wbot/ros2_ws/install/wbot_bringup/bin'
[5.048s] Level 1:colcon.colcon_core.environment:checking '/home/guanyu/crocoddyl/wbot/ros2_ws/install/wbot_bringup/lib/pkgconfig/wbot_bringup.pc'
[5.048s] Level 1:colcon.colcon_core.environment:checking '/home/guanyu/crocoddyl/wbot/ros2_ws/install/wbot_bringup/lib/python3.10/site-packages'
[5.048s] Level 1:colcon.colcon_core.shell:create_environment_hook('wbot_bringup', 'pythonpath')
[5.048s] INFO:colcon.colcon_core.shell:Creating environment hook '/home/guanyu/crocoddyl/wbot/ros2_ws/install/wbot_bringup/share/wbot_bringup/hook/pythonpath.ps1'
[5.049s] INFO:colcon.colcon_core.shell:Creating environment descriptor '/home/guanyu/crocoddyl/wbot/ros2_ws/install/wbot_bringup/share/wbot_bringup/hook/pythonpath.dsv'
[5.049s] INFO:colcon.colcon_core.shell:Creating environment hook '/home/guanyu/crocoddyl/wbot/ros2_ws/install/wbot_bringup/share/wbot_bringup/hook/pythonpath.sh'
[5.049s] Level 1:colcon.colcon_core.environment:checking '/home/guanyu/crocoddyl/wbot/ros2_ws/install/wbot_bringup/bin'
[5.049s] Level 1:colcon.colcon_core.environment:create_environment_scripts_only(wbot_bringup)
[5.049s] INFO:colcon.colcon_core.shell:Creating package script '/home/guanyu/crocoddyl/wbot/ros2_ws/install/wbot_bringup/share/wbot_bringup/package.ps1'
[5.049s] INFO:colcon.colcon_core.shell:Creating package descriptor '/home/guanyu/crocoddyl/wbot/ros2_ws/install/wbot_bringup/share/wbot_bringup/package.dsv'
[5.049s] INFO:colcon.colcon_core.shell:Creating package script '/home/guanyu/crocoddyl/wbot/ros2_ws/install/wbot_bringup/share/wbot_bringup/package.sh'
[5.050s] INFO:colcon.colcon_core.shell:Creating package script '/home/guanyu/crocoddyl/wbot/ros2_ws/install/wbot_bringup/share/wbot_bringup/package.bash'
[5.050s] INFO:colcon.colcon_core.shell:Creating package script '/home/guanyu/crocoddyl/wbot/ros2_ws/install/wbot_bringup/share/wbot_bringup/package.zsh'
[5.050s] Level 1:colcon.colcon_core.environment:create_file_with_runtime_dependencies(/home/guanyu/crocoddyl/wbot/ros2_ws/install/wbot_bringup/share/colcon-core/packages/wbot_bringup)
[5.050s] DEBUG:colcon.colcon_parallel_executor.executor.parallel:closing loop
[5.050s] DEBUG:colcon.colcon_parallel_executor.executor.parallel:loop closed
[5.050s] DEBUG:colcon.colcon_parallel_executor.executor.parallel:run_until_complete finished with '0'
[5.050s] DEBUG:colcon.colcon_core.event_reactor:joining thread
[5.054s] INFO:colcon.colcon_core.plugin_system:Skipping extension 'colcon_notification.desktop_notification.terminal_notifier': Not used on non-Darwin systems
[5.054s] INFO:colcon.colcon_core.plugin_system:Skipping extension 'colcon_notification.desktop_notification.win32': Not used on non-Windows systems
[5.054s] INFO:colcon.colcon_notification.desktop_notification:Sending desktop notification using 'notify2'
[5.058s] DEBUG:colcon.colcon_core.event_reactor:joined thread
[5.058s] INFO:colcon.colcon_core.shell:Creating prefix script '/home/guanyu/crocoddyl/wbot/ros2_ws/install/local_setup.ps1'
[5.059s] INFO:colcon.colcon_core.shell:Creating prefix util module '/home/guanyu/crocoddyl/wbot/ros2_ws/install/_local_setup_util_ps1.py'
[5.059s] INFO:colcon.colcon_core.shell:Creating prefix chain script '/home/guanyu/crocoddyl/wbot/ros2_ws/install/setup.ps1'
[5.060s] INFO:colcon.colcon_core.shell:Creating prefix script '/home/guanyu/crocoddyl/wbot/ros2_ws/install/local_setup.sh'
[5.060s] INFO:colcon.colcon_core.shell:Creating prefix util module '/home/guanyu/crocoddyl/wbot/ros2_ws/install/_local_setup_util_sh.py'
[5.060s] INFO:colcon.colcon_core.shell:Creating prefix chain script '/home/guanyu/crocoddyl/wbot/ros2_ws/install/setup.sh'
[5.060s] INFO:colcon.colcon_core.shell:Creating prefix script '/home/guanyu/crocoddyl/wbot/ros2_ws/install/local_setup.bash'
[5.060s] INFO:colcon.colcon_core.shell:Creating prefix chain script '/home/guanyu/crocoddyl/wbot/ros2_ws/install/setup.bash'
[5.061s] INFO:colcon.colcon_core.shell:Creating prefix script '/home/guanyu/crocoddyl/wbot/ros2_ws/install/local_setup.zsh'
[5.061s] INFO:colcon.colcon_core.shell:Creating prefix chain script '/home/guanyu/crocoddyl/wbot/ros2_ws/install/setup.zsh'
