[0.004s] Invoking command in '/home/guanyu/crocoddyl/wbot/ros2_ws/build/wbot_msgs': /usr/bin/cmake /home/guanyu/crocoddyl/wbot/ros2_ws/src/wbot_msgs -DCMAKE_INSTALL_PREFIX=/home/guanyu/crocoddyl/wbot/ros2_ws/install/wbot_msgs
[0.012s] -- Found ament_cmake: 1.3.12 (/opt/ros/humble/share/ament_cmake/cmake)
[0.083s] Traceback (most recent call last):
[0.084s]   File "/opt/ros/humble/share/ament_cmake_core/cmake/package_templates/templates_2_cmake.py", line 21, in <module>
[0.084s]     from ament_package.templates import get_environment_hook_template_path
[0.084s] ModuleNotFoundError: No module named 'ament_package'
[0.088s] [31mCMake Error at /opt/ros/humble/share/ament_cmake_core/cmake/ament_cmake_package_templates-extras.cmake:41 (message):
[0.088s]   execute_process(/usr/bin/python3
[0.089s]   /opt/ros/humble/share/ament_cmake_core/cmake/package_templates/templates_2_cmake.py
[0.089s]   /home/guanyu/crocoddyl/wbot/ros2_ws/build/wbot_msgs/ament_cmake_package_templates/templates.cmake)
[0.089s]   returned error code 1
[0.089s] Call Stack (most recent call first):
[0.089s]   /opt/ros/humble/share/ament_cmake_core/cmake/ament_cmake_coreConfig.cmake:41 (include)
[0.089s]   /opt/ros/humble/share/ament_cmake/cmake/ament_cmake_export_dependencies-extras.cmake:15 (find_package)
[0.089s]   /opt/ros/humble/share/ament_cmake/cmake/ament_cmakeConfig.cmake:41 (include)
[0.089s]   CMakeLists.txt:9 (find_package)
[0.089s] 
[0.089s] [0m
[0.089s] -- Configuring incomplete, errors occurred!
[0.089s] See also "/home/guanyu/crocoddyl/wbot/ros2_ws/build/wbot_msgs/CMakeFiles/CMakeOutput.log".
[0.090s] Invoked command in '/home/guanyu/crocoddyl/wbot/ros2_ws/build/wbot_msgs' returned '1': /usr/bin/cmake /home/guanyu/crocoddyl/wbot/ros2_ws/src/wbot_msgs -DCMAKE_INSTALL_PREFIX=/home/guanyu/crocoddyl/wbot/ros2_ws/install/wbot_msgs
