-- Found ament_cmake: 1.3.12 (/opt/ros/humble/share/ament_cmake/cmake)
-- Override CMake install command with custom implementation using symlinks instead of copying resources
-- Found std_msgs: 4.9.0 (/opt/ros/humble/share/std_msgs/cmake)
-- Found rosidl_generator_c: 3.1.7 (/opt/ros/humble/share/rosidl_generator_c/cmake)
-- Found rosidl_adapter: 3.1.7 (/opt/ros/humble/share/rosidl_adapter/cmake)
-- Found rosidl_generator_cpp: 3.1.7 (/opt/ros/humble/share/rosidl_generator_cpp/cmake)
-- Using all available rosidl_typesupport_c: rosidl_typesupport_fastrtps_c;rosidl_typesupport_introspection_c
-- Using all available rosidl_typesupport_cpp: rosidl_typesupport_fastrtps_cpp;rosidl_typesupport_introspection_cpp
-- Found rosidl_default_generators: 1.2.0 (/opt/ros/humble/share/rosidl_default_generators/cmake)
-- Found ament_cmake_ros: 0.10.0 (/opt/ros/humble/share/ament_cmake_ros/cmake)
-- Using all available rosidl_typesupport_c: rosidl_typesupport_fastrtps_c;rosidl_typesupport_introspection_c
-- Using all available rosidl_typesupport_cpp: rosidl_typesupport_fastrtps_cpp;rosidl_typesupport_introspection_cpp
-- Found python_cmake_module: 0.10.0 (/opt/ros/humble/share/python_cmake_module/cmake)
-- Using PYTHON_EXECUTABLE: /usr/bin/python3
-- Using PYTHON_INCLUDE_DIRS: /usr/include/python3.10
-- Using PYTHON_LIBRARIES: /usr/lib/x86_64-linux-gnu/libpython3.10.so
-- Found ament_lint_auto: 0.12.14 (/opt/ros/humble/share/ament_lint_auto/cmake)
-- Added test 'lint_cmake' to check CMake code style
-- Added test 'xmllint' to check XML markup files
-- Configuring done
-- Generating done
-- Build files have been written to: /home/guanyu/crocoddyl/wbot/ros2_ws/build/wbot_msgs
[35m[1mConsolidate compiler generated dependencies of target wbot_msgs__rosidl_generator_c[0m
[  1%] Built target wbot_msgs__cpp
[ 12%] Built target wbot_msgs__rosidl_generator_c
[ 12%] Built target ament_cmake_python_symlink_wbot_msgs
[35m[1mConsolidate compiler generated dependencies of target wbot_msgs__rosidl_typesupport_c[0m
[35m[1mConsolidate compiler generated dependencies of target wbot_msgs__rosidl_typesupport_fastrtps_cpp[0m
[35m[1mConsolidate compiler generated dependencies of target wbot_msgs__rosidl_typesupport_cpp[0m
[35m[1mConsolidate compiler generated dependencies of target wbot_msgs__rosidl_typesupport_introspection_c[0m
[35m[1mConsolidate compiler generated dependencies of target wbot_msgs__rosidl_typesupport_introspection_cpp[0m
[ 23%] Built target wbot_msgs__rosidl_typesupport_c
[35m[1mConsolidate compiler generated dependencies of target wbot_msgs__rosidl_typesupport_fastrtps_c[0m
[ 34%] Built target wbot_msgs__rosidl_typesupport_introspection_c
[ 45%] Built target wbot_msgs__rosidl_typesupport_fastrtps_cpp
[ 56%] Built target wbot_msgs__rosidl_typesupport_introspection_cpp
[ 67%] Built target wbot_msgs__rosidl_typesupport_cpp
[ 78%] Built target wbot_msgs__rosidl_typesupport_fastrtps_c
[ 78%] Built target wbot_msgs
[ 80%] Built target wbot_msgs__py
[35m[1mConsolidate compiler generated dependencies of target wbot_msgs__rosidl_generator_py[0m
[ 89%] Built target wbot_msgs__rosidl_generator_py
[35m[1mConsolidate compiler generated dependencies of target wbot_msgs__rosidl_typesupport_fastrtps_c__pyext[0m
[35m[1mConsolidate compiler generated dependencies of target wbot_msgs__rosidl_typesupport_c__pyext[0m
[35m[1mConsolidate compiler generated dependencies of target wbot_msgs__rosidl_typesupport_introspection_c__pyext[0m
[ 92%] Built target wbot_msgs__rosidl_typesupport_fastrtps_c__pyext
[ 96%] Built target wbot_msgs__rosidl_typesupport_c__pyext
[100%] Built target wbot_msgs__rosidl_typesupport_introspection_c__pyext
running egg_info
writing wbot_msgs.egg-info/PKG-INFO
writing dependency_links to wbot_msgs.egg-info/dependency_links.txt
writing top-level names to wbot_msgs.egg-info/top_level.txt
reading manifest file 'wbot_msgs.egg-info/SOURCES.txt'
writing manifest file 'wbot_msgs.egg-info/SOURCES.txt'
[100%] Built target ament_cmake_python_build_wbot_msgs_egg
-- Install configuration: ""
-- Execute custom install script
-- Up-to-date symlink: /home/guanyu/crocoddyl/wbot/ros2_ws/install/wbot_msgs/share/ament_index/resource_index/rosidl_interfaces/wbot_msgs
-- Up-to-date symlink: /home/guanyu/crocoddyl/wbot/ros2_ws/install/wbot_msgs/include/wbot_msgs/wbot_msgs/msg/detail/mpc_performance__functions.h
-- Up-to-date symlink: /home/guanyu/crocoddyl/wbot/ros2_ws/install/wbot_msgs/include/wbot_msgs/wbot_msgs/msg/detail/mpc_performance__struct.h
-- Up-to-date symlink: /home/guanyu/crocoddyl/wbot/ros2_ws/install/wbot_msgs/include/wbot_msgs/wbot_msgs/msg/detail/mpc_performance__type_support.h
-- Up-to-date symlink: /home/guanyu/crocoddyl/wbot/ros2_ws/install/wbot_msgs/include/wbot_msgs/wbot_msgs/msg/detail/velocity_command__functions.h
-- Up-to-date symlink: /home/guanyu/crocoddyl/wbot/ros2_ws/install/wbot_msgs/include/wbot_msgs/wbot_msgs/msg/detail/velocity_command__struct.h
-- Up-to-date symlink: /home/guanyu/crocoddyl/wbot/ros2_ws/install/wbot_msgs/include/wbot_msgs/wbot_msgs/msg/detail/velocity_command__type_support.h
-- Up-to-date symlink: /home/guanyu/crocoddyl/wbot/ros2_ws/install/wbot_msgs/include/wbot_msgs/wbot_msgs/msg/detail/wbot_control__functions.h
-- Up-to-date symlink: /home/guanyu/crocoddyl/wbot/ros2_ws/install/wbot_msgs/include/wbot_msgs/wbot_msgs/msg/detail/wbot_control__struct.h
-- Up-to-date symlink: /home/guanyu/crocoddyl/wbot/ros2_ws/install/wbot_msgs/include/wbot_msgs/wbot_msgs/msg/detail/wbot_control__type_support.h
-- Up-to-date symlink: /home/guanyu/crocoddyl/wbot/ros2_ws/install/wbot_msgs/include/wbot_msgs/wbot_msgs/msg/detail/wbot_state__functions.h
-- Up-to-date symlink: /home/guanyu/crocoddyl/wbot/ros2_ws/install/wbot_msgs/include/wbot_msgs/wbot_msgs/msg/detail/wbot_state__struct.h
-- Up-to-date symlink: /home/guanyu/crocoddyl/wbot/ros2_ws/install/wbot_msgs/include/wbot_msgs/wbot_msgs/msg/detail/wbot_state__type_support.h
-- Up-to-date symlink: /home/guanyu/crocoddyl/wbot/ros2_ws/install/wbot_msgs/include/wbot_msgs/wbot_msgs/msg/mpc_performance.h
-- Up-to-date symlink: /home/guanyu/crocoddyl/wbot/ros2_ws/install/wbot_msgs/include/wbot_msgs/wbot_msgs/msg/rosidl_generator_c__visibility_control.h
-- Up-to-date symlink: /home/guanyu/crocoddyl/wbot/ros2_ws/install/wbot_msgs/include/wbot_msgs/wbot_msgs/msg/velocity_command.h
-- Up-to-date symlink: /home/guanyu/crocoddyl/wbot/ros2_ws/install/wbot_msgs/include/wbot_msgs/wbot_msgs/msg/wbot_control.h
-- Up-to-date symlink: /home/guanyu/crocoddyl/wbot/ros2_ws/install/wbot_msgs/include/wbot_msgs/wbot_msgs/msg/wbot_state.h
-- Up-to-date symlink: /home/guanyu/crocoddyl/wbot/ros2_ws/install/wbot_msgs/share/wbot_msgs/environment/library_path.sh
-- Up-to-date symlink: /home/guanyu/crocoddyl/wbot/ros2_ws/install/wbot_msgs/share/wbot_msgs/environment/library_path.dsv
-- Up-to-date symlink: /home/guanyu/crocoddyl/wbot/ros2_ws/install/wbot_msgs/include/wbot_msgs/wbot_msgs/msg/detail/mpc_performance__rosidl_typesupport_fastrtps_c.h
-- Up-to-date symlink: /home/guanyu/crocoddyl/wbot/ros2_ws/install/wbot_msgs/include/wbot_msgs/wbot_msgs/msg/detail/velocity_command__rosidl_typesupport_fastrtps_c.h
-- Up-to-date symlink: /home/guanyu/crocoddyl/wbot/ros2_ws/install/wbot_msgs/include/wbot_msgs/wbot_msgs/msg/detail/wbot_control__rosidl_typesupport_fastrtps_c.h
-- Up-to-date symlink: /home/guanyu/crocoddyl/wbot/ros2_ws/install/wbot_msgs/include/wbot_msgs/wbot_msgs/msg/detail/wbot_state__rosidl_typesupport_fastrtps_c.h
-- Up-to-date symlink: /home/guanyu/crocoddyl/wbot/ros2_ws/install/wbot_msgs/include/wbot_msgs/wbot_msgs/msg/rosidl_typesupport_fastrtps_c__visibility_control.h
-- Up-to-date symlink: /home/guanyu/crocoddyl/wbot/ros2_ws/install/wbot_msgs/include/wbot_msgs/wbot_msgs/msg/detail/mpc_performance__builder.hpp
-- Up-to-date symlink: /home/guanyu/crocoddyl/wbot/ros2_ws/install/wbot_msgs/include/wbot_msgs/wbot_msgs/msg/detail/mpc_performance__struct.hpp
-- Up-to-date symlink: /home/guanyu/crocoddyl/wbot/ros2_ws/install/wbot_msgs/include/wbot_msgs/wbot_msgs/msg/detail/mpc_performance__traits.hpp
-- Up-to-date symlink: /home/guanyu/crocoddyl/wbot/ros2_ws/install/wbot_msgs/include/wbot_msgs/wbot_msgs/msg/detail/mpc_performance__type_support.hpp
-- Up-to-date symlink: /home/guanyu/crocoddyl/wbot/ros2_ws/install/wbot_msgs/include/wbot_msgs/wbot_msgs/msg/detail/velocity_command__builder.hpp
-- Up-to-date symlink: /home/guanyu/crocoddyl/wbot/ros2_ws/install/wbot_msgs/include/wbot_msgs/wbot_msgs/msg/detail/velocity_command__struct.hpp
-- Up-to-date symlink: /home/guanyu/crocoddyl/wbot/ros2_ws/install/wbot_msgs/include/wbot_msgs/wbot_msgs/msg/detail/velocity_command__traits.hpp
-- Up-to-date symlink: /home/guanyu/crocoddyl/wbot/ros2_ws/install/wbot_msgs/include/wbot_msgs/wbot_msgs/msg/detail/velocity_command__type_support.hpp
-- Up-to-date symlink: /home/guanyu/crocoddyl/wbot/ros2_ws/install/wbot_msgs/include/wbot_msgs/wbot_msgs/msg/detail/wbot_control__builder.hpp
-- Up-to-date symlink: /home/guanyu/crocoddyl/wbot/ros2_ws/install/wbot_msgs/include/wbot_msgs/wbot_msgs/msg/detail/wbot_control__struct.hpp
-- Up-to-date symlink: /home/guanyu/crocoddyl/wbot/ros2_ws/install/wbot_msgs/include/wbot_msgs/wbot_msgs/msg/detail/wbot_control__traits.hpp
-- Up-to-date symlink: /home/guanyu/crocoddyl/wbot/ros2_ws/install/wbot_msgs/include/wbot_msgs/wbot_msgs/msg/detail/wbot_control__type_support.hpp
-- Up-to-date symlink: /home/guanyu/crocoddyl/wbot/ros2_ws/install/wbot_msgs/include/wbot_msgs/wbot_msgs/msg/detail/wbot_state__builder.hpp
-- Up-to-date symlink: /home/guanyu/crocoddyl/wbot/ros2_ws/install/wbot_msgs/include/wbot_msgs/wbot_msgs/msg/detail/wbot_state__struct.hpp
-- Up-to-date symlink: /home/guanyu/crocoddyl/wbot/ros2_ws/install/wbot_msgs/include/wbot_msgs/wbot_msgs/msg/detail/wbot_state__traits.hpp
-- Up-to-date symlink: /home/guanyu/crocoddyl/wbot/ros2_ws/install/wbot_msgs/include/wbot_msgs/wbot_msgs/msg/detail/wbot_state__type_support.hpp
-- Up-to-date symlink: /home/guanyu/crocoddyl/wbot/ros2_ws/install/wbot_msgs/include/wbot_msgs/wbot_msgs/msg/mpc_performance.hpp
-- Up-to-date symlink: /home/guanyu/crocoddyl/wbot/ros2_ws/install/wbot_msgs/include/wbot_msgs/wbot_msgs/msg/rosidl_generator_cpp__visibility_control.hpp
-- Up-to-date symlink: /home/guanyu/crocoddyl/wbot/ros2_ws/install/wbot_msgs/include/wbot_msgs/wbot_msgs/msg/velocity_command.hpp
-- Up-to-date symlink: /home/guanyu/crocoddyl/wbot/ros2_ws/install/wbot_msgs/include/wbot_msgs/wbot_msgs/msg/wbot_control.hpp
-- Up-to-date symlink: /home/guanyu/crocoddyl/wbot/ros2_ws/install/wbot_msgs/include/wbot_msgs/wbot_msgs/msg/wbot_state.hpp
-- Up-to-date symlink: /home/guanyu/crocoddyl/wbot/ros2_ws/install/wbot_msgs/include/wbot_msgs/wbot_msgs/msg/detail/mpc_performance__rosidl_typesupport_fastrtps_cpp.hpp
-- Up-to-date symlink: /home/guanyu/crocoddyl/wbot/ros2_ws/install/wbot_msgs/include/wbot_msgs/wbot_msgs/msg/detail/velocity_command__rosidl_typesupport_fastrtps_cpp.hpp
-- Up-to-date symlink: /home/guanyu/crocoddyl/wbot/ros2_ws/install/wbot_msgs/include/wbot_msgs/wbot_msgs/msg/detail/wbot_control__rosidl_typesupport_fastrtps_cpp.hpp
-- Up-to-date symlink: /home/guanyu/crocoddyl/wbot/ros2_ws/install/wbot_msgs/include/wbot_msgs/wbot_msgs/msg/detail/wbot_state__rosidl_typesupport_fastrtps_cpp.hpp
-- Up-to-date symlink: /home/guanyu/crocoddyl/wbot/ros2_ws/install/wbot_msgs/include/wbot_msgs/wbot_msgs/msg/rosidl_typesupport_fastrtps_cpp__visibility_control.h
-- Up-to-date symlink: /home/guanyu/crocoddyl/wbot/ros2_ws/install/wbot_msgs/include/wbot_msgs/wbot_msgs/msg/detail/mpc_performance__rosidl_typesupport_introspection_c.h
-- Up-to-date symlink: /home/guanyu/crocoddyl/wbot/ros2_ws/install/wbot_msgs/include/wbot_msgs/wbot_msgs/msg/detail/velocity_command__rosidl_typesupport_introspection_c.h
-- Up-to-date symlink: /home/guanyu/crocoddyl/wbot/ros2_ws/install/wbot_msgs/include/wbot_msgs/wbot_msgs/msg/detail/wbot_control__rosidl_typesupport_introspection_c.h
-- Up-to-date symlink: /home/guanyu/crocoddyl/wbot/ros2_ws/install/wbot_msgs/include/wbot_msgs/wbot_msgs/msg/detail/wbot_state__rosidl_typesupport_introspection_c.h
-- Up-to-date symlink: /home/guanyu/crocoddyl/wbot/ros2_ws/install/wbot_msgs/include/wbot_msgs/wbot_msgs/msg/rosidl_typesupport_introspection_c__visibility_control.h
-- Up-to-date symlink: /home/guanyu/crocoddyl/wbot/ros2_ws/install/wbot_msgs/include/wbot_msgs/wbot_msgs/msg/detail/mpc_performance__rosidl_typesupport_introspection_cpp.hpp
-- Up-to-date symlink: /home/guanyu/crocoddyl/wbot/ros2_ws/install/wbot_msgs/include/wbot_msgs/wbot_msgs/msg/detail/velocity_command__rosidl_typesupport_introspection_cpp.hpp
-- Up-to-date symlink: /home/guanyu/crocoddyl/wbot/ros2_ws/install/wbot_msgs/include/wbot_msgs/wbot_msgs/msg/detail/wbot_control__rosidl_typesupport_introspection_cpp.hpp
-- Up-to-date symlink: /home/guanyu/crocoddyl/wbot/ros2_ws/install/wbot_msgs/include/wbot_msgs/wbot_msgs/msg/detail/wbot_state__rosidl_typesupport_introspection_cpp.hpp
-- Up-to-date symlink: /home/guanyu/crocoddyl/wbot/ros2_ws/install/wbot_msgs/share/wbot_msgs/environment/pythonpath.sh
-- Up-to-date symlink: /home/guanyu/crocoddyl/wbot/ros2_ws/install/wbot_msgs/share/wbot_msgs/environment/pythonpath.dsv
-- Up-to-date symlink: /home/guanyu/crocoddyl/wbot/ros2_ws/install/wbot_msgs/local/lib/python3.10/dist-packages/wbot_msgs-0.0.0-py3.10.egg-info/PKG-INFO
-- Up-to-date symlink: /home/guanyu/crocoddyl/wbot/ros2_ws/install/wbot_msgs/local/lib/python3.10/dist-packages/wbot_msgs-0.0.0-py3.10.egg-info/SOURCES.txt
-- Up-to-date symlink: /home/guanyu/crocoddyl/wbot/ros2_ws/install/wbot_msgs/local/lib/python3.10/dist-packages/wbot_msgs-0.0.0-py3.10.egg-info/dependency_links.txt
-- Up-to-date symlink: /home/guanyu/crocoddyl/wbot/ros2_ws/install/wbot_msgs/local/lib/python3.10/dist-packages/wbot_msgs-0.0.0-py3.10.egg-info/top_level.txt
-- Up-to-date symlink: /home/guanyu/crocoddyl/wbot/ros2_ws/install/wbot_msgs/local/lib/python3.10/dist-packages/wbot_msgs/__init__.py
-- Up-to-date symlink: /home/guanyu/crocoddyl/wbot/ros2_ws/install/wbot_msgs/local/lib/python3.10/dist-packages/wbot_msgs/_wbot_msgs_s.ep.rosidl_typesupport_c.c
-- Up-to-date symlink: /home/guanyu/crocoddyl/wbot/ros2_ws/install/wbot_msgs/local/lib/python3.10/dist-packages/wbot_msgs/_wbot_msgs_s.ep.rosidl_typesupport_fastrtps_c.c
-- Up-to-date symlink: /home/guanyu/crocoddyl/wbot/ros2_ws/install/wbot_msgs/local/lib/python3.10/dist-packages/wbot_msgs/_wbot_msgs_s.ep.rosidl_typesupport_introspection_c.c
-- Up-to-date symlink: /home/guanyu/crocoddyl/wbot/ros2_ws/install/wbot_msgs/local/lib/python3.10/dist-packages/wbot_msgs/libwbot_msgs__rosidl_generator_py.so
-- Up-to-date symlink: /home/guanyu/crocoddyl/wbot/ros2_ws/install/wbot_msgs/local/lib/python3.10/dist-packages/wbot_msgs/msg/__init__.py
-- Up-to-date symlink: /home/guanyu/crocoddyl/wbot/ros2_ws/install/wbot_msgs/local/lib/python3.10/dist-packages/wbot_msgs/msg/_mpc_performance.py
-- Up-to-date symlink: /home/guanyu/crocoddyl/wbot/ros2_ws/install/wbot_msgs/local/lib/python3.10/dist-packages/wbot_msgs/msg/_mpc_performance_s.c
-- Up-to-date symlink: /home/guanyu/crocoddyl/wbot/ros2_ws/install/wbot_msgs/local/lib/python3.10/dist-packages/wbot_msgs/msg/_velocity_command.py
-- Up-to-date symlink: /home/guanyu/crocoddyl/wbot/ros2_ws/install/wbot_msgs/local/lib/python3.10/dist-packages/wbot_msgs/msg/_velocity_command_s.c
-- Up-to-date symlink: /home/guanyu/crocoddyl/wbot/ros2_ws/install/wbot_msgs/local/lib/python3.10/dist-packages/wbot_msgs/msg/_wbot_control.py
-- Up-to-date symlink: /home/guanyu/crocoddyl/wbot/ros2_ws/install/wbot_msgs/local/lib/python3.10/dist-packages/wbot_msgs/msg/_wbot_control_s.c
-- Up-to-date symlink: /home/guanyu/crocoddyl/wbot/ros2_ws/install/wbot_msgs/local/lib/python3.10/dist-packages/wbot_msgs/msg/_wbot_state.py
-- Up-to-date symlink: /home/guanyu/crocoddyl/wbot/ros2_ws/install/wbot_msgs/local/lib/python3.10/dist-packages/wbot_msgs/msg/_wbot_state_s.c
-- Up-to-date symlink: /home/guanyu/crocoddyl/wbot/ros2_ws/install/wbot_msgs/local/lib/python3.10/dist-packages/wbot_msgs/wbot_msgs_s__rosidl_typesupport_c.cpython-310-x86_64-linux-gnu.so
-- Up-to-date symlink: /home/guanyu/crocoddyl/wbot/ros2_ws/install/wbot_msgs/local/lib/python3.10/dist-packages/wbot_msgs/wbot_msgs_s__rosidl_typesupport_fastrtps_c.cpython-310-x86_64-linux-gnu.so
-- Up-to-date symlink: /home/guanyu/crocoddyl/wbot/ros2_ws/install/wbot_msgs/local/lib/python3.10/dist-packages/wbot_msgs/wbot_msgs_s__rosidl_typesupport_introspection_c.cpython-310-x86_64-linux-gnu.so
-- Up-to-date symlink: /home/guanyu/crocoddyl/wbot/ros2_ws/install/wbot_msgs/local/lib/python3.10/dist-packages/wbot_msgs/wbot_msgs_s__rosidl_typesupport_fastrtps_c.cpython-310-x86_64-linux-gnu.so
-- Up-to-date symlink: /home/guanyu/crocoddyl/wbot/ros2_ws/install/wbot_msgs/local/lib/python3.10/dist-packages/wbot_msgs/wbot_msgs_s__rosidl_typesupport_introspection_c.cpython-310-x86_64-linux-gnu.so
-- Up-to-date symlink: /home/guanyu/crocoddyl/wbot/ros2_ws/install/wbot_msgs/local/lib/python3.10/dist-packages/wbot_msgs/wbot_msgs_s__rosidl_typesupport_c.cpython-310-x86_64-linux-gnu.so
-- Up-to-date symlink: /home/guanyu/crocoddyl/wbot/ros2_ws/install/wbot_msgs/share/wbot_msgs/msg/WbotState.idl
-- Up-to-date symlink: /home/guanyu/crocoddyl/wbot/ros2_ws/install/wbot_msgs/share/wbot_msgs/msg/WbotControl.idl
-- Up-to-date symlink: /home/guanyu/crocoddyl/wbot/ros2_ws/install/wbot_msgs/share/wbot_msgs/msg/VelocityCommand.idl
-- Up-to-date symlink: /home/guanyu/crocoddyl/wbot/ros2_ws/install/wbot_msgs/share/wbot_msgs/msg/MpcPerformance.idl
-- Up-to-date symlink: /home/guanyu/crocoddyl/wbot/ros2_ws/install/wbot_msgs/share/wbot_msgs/msg/WbotState.msg
-- Up-to-date symlink: /home/guanyu/crocoddyl/wbot/ros2_ws/install/wbot_msgs/share/wbot_msgs/msg/WbotControl.msg
-- Up-to-date symlink: /home/guanyu/crocoddyl/wbot/ros2_ws/install/wbot_msgs/share/wbot_msgs/msg/VelocityCommand.msg
-- Up-to-date symlink: /home/guanyu/crocoddyl/wbot/ros2_ws/install/wbot_msgs/share/wbot_msgs/msg/MpcPerformance.msg
-- Up-to-date symlink: /home/guanyu/crocoddyl/wbot/ros2_ws/install/wbot_msgs/share/ament_index/resource_index/package_run_dependencies/wbot_msgs
-- Up-to-date symlink: /home/guanyu/crocoddyl/wbot/ros2_ws/install/wbot_msgs/share/ament_index/resource_index/parent_prefix_path/wbot_msgs
-- Up-to-date symlink: /home/guanyu/crocoddyl/wbot/ros2_ws/install/wbot_msgs/share/wbot_msgs/environment/ament_prefix_path.sh
-- Up-to-date symlink: /home/guanyu/crocoddyl/wbot/ros2_ws/install/wbot_msgs/share/wbot_msgs/environment/ament_prefix_path.dsv
-- Up-to-date symlink: /home/guanyu/crocoddyl/wbot/ros2_ws/install/wbot_msgs/share/wbot_msgs/environment/path.sh
-- Up-to-date symlink: /home/guanyu/crocoddyl/wbot/ros2_ws/install/wbot_msgs/share/wbot_msgs/environment/path.dsv
-- Up-to-date symlink: /home/guanyu/crocoddyl/wbot/ros2_ws/install/wbot_msgs/share/wbot_msgs/local_setup.bash
-- Up-to-date symlink: /home/guanyu/crocoddyl/wbot/ros2_ws/install/wbot_msgs/share/wbot_msgs/local_setup.sh
-- Up-to-date symlink: /home/guanyu/crocoddyl/wbot/ros2_ws/install/wbot_msgs/share/wbot_msgs/local_setup.zsh
-- Up-to-date symlink: /home/guanyu/crocoddyl/wbot/ros2_ws/install/wbot_msgs/share/wbot_msgs/local_setup.dsv
-- Symlinking: /home/guanyu/crocoddyl/wbot/ros2_ws/install/wbot_msgs/share/wbot_msgs/package.dsv
-- Up-to-date symlink: /home/guanyu/crocoddyl/wbot/ros2_ws/install/wbot_msgs/share/ament_index/resource_index/packages/wbot_msgs
-- Up-to-date symlink: /home/guanyu/crocoddyl/wbot/ros2_ws/install/wbot_msgs/share/wbot_msgs/cmake/rosidl_cmake-extras.cmake
-- Up-to-date symlink: /home/guanyu/crocoddyl/wbot/ros2_ws/install/wbot_msgs/share/wbot_msgs/cmake/ament_cmake_export_dependencies-extras.cmake
-- Up-to-date symlink: /home/guanyu/crocoddyl/wbot/ros2_ws/install/wbot_msgs/share/wbot_msgs/cmake/ament_cmake_export_include_directories-extras.cmake
-- Up-to-date symlink: /home/guanyu/crocoddyl/wbot/ros2_ws/install/wbot_msgs/share/wbot_msgs/cmake/ament_cmake_export_libraries-extras.cmake
-- Up-to-date symlink: /home/guanyu/crocoddyl/wbot/ros2_ws/install/wbot_msgs/share/wbot_msgs/cmake/ament_cmake_export_targets-extras.cmake
-- Up-to-date symlink: /home/guanyu/crocoddyl/wbot/ros2_ws/install/wbot_msgs/share/wbot_msgs/cmake/rosidl_cmake_export_typesupport_targets-extras.cmake
-- Up-to-date symlink: /home/guanyu/crocoddyl/wbot/ros2_ws/install/wbot_msgs/share/wbot_msgs/cmake/rosidl_cmake_export_typesupport_libraries-extras.cmake
-- Up-to-date symlink: /home/guanyu/crocoddyl/wbot/ros2_ws/install/wbot_msgs/share/wbot_msgs/cmake/wbot_msgsConfig.cmake
-- Up-to-date symlink: /home/guanyu/crocoddyl/wbot/ros2_ws/install/wbot_msgs/share/wbot_msgs/cmake/wbot_msgsConfig-version.cmake
-- Up-to-date symlink: /home/guanyu/crocoddyl/wbot/ros2_ws/install/wbot_msgs/share/wbot_msgs/package.xml
-- Up-to-date: /home/guanyu/crocoddyl/wbot/ros2_ws/install/wbot_msgs/lib/libwbot_msgs__rosidl_generator_c.so
-- Up-to-date: /home/guanyu/crocoddyl/wbot/ros2_ws/install/wbot_msgs/lib/libwbot_msgs__rosidl_typesupport_fastrtps_c.so
-- Up-to-date: /home/guanyu/crocoddyl/wbot/ros2_ws/install/wbot_msgs/lib/libwbot_msgs__rosidl_typesupport_fastrtps_cpp.so
-- Up-to-date: /home/guanyu/crocoddyl/wbot/ros2_ws/install/wbot_msgs/lib/libwbot_msgs__rosidl_typesupport_introspection_c.so
-- Up-to-date: /home/guanyu/crocoddyl/wbot/ros2_ws/install/wbot_msgs/lib/libwbot_msgs__rosidl_typesupport_c.so
-- Up-to-date: /home/guanyu/crocoddyl/wbot/ros2_ws/install/wbot_msgs/lib/libwbot_msgs__rosidl_typesupport_introspection_cpp.so
-- Up-to-date: /home/guanyu/crocoddyl/wbot/ros2_ws/install/wbot_msgs/lib/libwbot_msgs__rosidl_typesupport_cpp.so
Listing '/home/guanyu/crocoddyl/wbot/ros2_ws/install/wbot_msgs/local/lib/python3.10/dist-packages/wbot_msgs'...
Compiling '/home/guanyu/crocoddyl/wbot/ros2_ws/install/wbot_msgs/local/lib/python3.10/dist-packages/wbot_msgs/__init__.py'...
Listing '/home/guanyu/crocoddyl/wbot/ros2_ws/install/wbot_msgs/local/lib/python3.10/dist-packages/wbot_msgs/msg'...
-- Up-to-date: /home/guanyu/crocoddyl/wbot/ros2_ws/install/wbot_msgs/lib/libwbot_msgs__rosidl_generator_py.so
-- Up-to-date: /home/guanyu/crocoddyl/wbot/ros2_ws/install/wbot_msgs/share/wbot_msgs/cmake/export_wbot_msgs__rosidl_generator_cExport.cmake
-- Up-to-date: /home/guanyu/crocoddyl/wbot/ros2_ws/install/wbot_msgs/share/wbot_msgs/cmake/export_wbot_msgs__rosidl_generator_cExport-noconfig.cmake
-- Up-to-date: /home/guanyu/crocoddyl/wbot/ros2_ws/install/wbot_msgs/share/wbot_msgs/cmake/export_wbot_msgs__rosidl_typesupport_fastrtps_cExport.cmake
-- Up-to-date: /home/guanyu/crocoddyl/wbot/ros2_ws/install/wbot_msgs/share/wbot_msgs/cmake/export_wbot_msgs__rosidl_typesupport_fastrtps_cExport-noconfig.cmake
-- Up-to-date: /home/guanyu/crocoddyl/wbot/ros2_ws/install/wbot_msgs/share/wbot_msgs/cmake/export_wbot_msgs__rosidl_generator_cppExport.cmake
-- Up-to-date: /home/guanyu/crocoddyl/wbot/ros2_ws/install/wbot_msgs/share/wbot_msgs/cmake/export_wbot_msgs__rosidl_typesupport_fastrtps_cppExport.cmake
-- Up-to-date: /home/guanyu/crocoddyl/wbot/ros2_ws/install/wbot_msgs/share/wbot_msgs/cmake/export_wbot_msgs__rosidl_typesupport_fastrtps_cppExport-noconfig.cmake
-- Up-to-date: /home/guanyu/crocoddyl/wbot/ros2_ws/install/wbot_msgs/share/wbot_msgs/cmake/wbot_msgs__rosidl_typesupport_introspection_cExport.cmake
-- Up-to-date: /home/guanyu/crocoddyl/wbot/ros2_ws/install/wbot_msgs/share/wbot_msgs/cmake/wbot_msgs__rosidl_typesupport_introspection_cExport-noconfig.cmake
-- Up-to-date: /home/guanyu/crocoddyl/wbot/ros2_ws/install/wbot_msgs/share/wbot_msgs/cmake/wbot_msgs__rosidl_typesupport_cExport.cmake
-- Up-to-date: /home/guanyu/crocoddyl/wbot/ros2_ws/install/wbot_msgs/share/wbot_msgs/cmake/wbot_msgs__rosidl_typesupport_cExport-noconfig.cmake
-- Up-to-date: /home/guanyu/crocoddyl/wbot/ros2_ws/install/wbot_msgs/share/wbot_msgs/cmake/wbot_msgs__rosidl_typesupport_introspection_cppExport.cmake
-- Up-to-date: /home/guanyu/crocoddyl/wbot/ros2_ws/install/wbot_msgs/share/wbot_msgs/cmake/wbot_msgs__rosidl_typesupport_introspection_cppExport-noconfig.cmake
-- Up-to-date: /home/guanyu/crocoddyl/wbot/ros2_ws/install/wbot_msgs/share/wbot_msgs/cmake/wbot_msgs__rosidl_typesupport_cppExport.cmake
-- Up-to-date: /home/guanyu/crocoddyl/wbot/ros2_ws/install/wbot_msgs/share/wbot_msgs/cmake/wbot_msgs__rosidl_typesupport_cppExport-noconfig.cmake
-- Up-to-date: /home/guanyu/crocoddyl/wbot/ros2_ws/install/wbot_msgs/share/wbot_msgs/cmake/export_wbot_msgs__rosidl_generator_pyExport.cmake
-- Up-to-date: /home/guanyu/crocoddyl/wbot/ros2_ws/install/wbot_msgs/share/wbot_msgs/cmake/export_wbot_msgs__rosidl_generator_pyExport-noconfig.cmake
