[0.005s] Invoking command in '/home/guanyu/crocoddyl/wbot/ros2_ws/build/wbot_msgs': CMAKE_PREFIX_PATH=/opt/ros/humble /usr/bin/cmake /home/guanyu/crocoddyl/wbot/ros2_ws/src/wbot_msgs -DAMENT_CMAKE_SYMLINK_INSTALL=1 -DCMAKE_INSTALL_PREFIX=/home/guanyu/crocoddyl/wbot/ros2_ws/install/wbot_msgs
[0.010s] -- Found ament_cmake: 1.3.12 (/opt/ros/humble/share/ament_cmake/cmake)
[0.081s] -- Override CMake install command with custom implementation using symlinks instead of copying resources
[0.086s] -- Found std_msgs: 4.9.0 (/opt/ros/humble/share/std_msgs/cmake)
[0.098s] -- Found rosidl_generator_c: 3.1.7 (/opt/ros/humble/share/rosidl_generator_c/cmake)
[0.099s] -- Found rosidl_adapter: 3.1.7 (/opt/ros/humble/share/rosidl_adapter/cmake)
[0.103s] -- Found rosidl_generator_cpp: 3.1.7 (/opt/ros/humble/share/rosidl_generator_cpp/cmake)
[0.107s] -- Using all available rosidl_typesupport_c: rosidl_typesupport_fastrtps_c;rosidl_typesupport_introspection_c
[0.112s] -- Using all available rosidl_typesupport_cpp: rosidl_typesupport_fastrtps_cpp;rosidl_typesupport_introspection_cpp
[0.123s] -- Found rosidl_default_generators: 1.2.0 (/opt/ros/humble/share/rosidl_default_generators/cmake)
[0.274s] -- Found ament_cmake_ros: 0.10.0 (/opt/ros/humble/share/ament_cmake_ros/cmake)
[0.483s] -- Using all available rosidl_typesupport_c: rosidl_typesupport_fastrtps_c;rosidl_typesupport_introspection_c
[0.563s] -- Using all available rosidl_typesupport_cpp: rosidl_typesupport_fastrtps_cpp;rosidl_typesupport_introspection_cpp
[0.577s] -- Found python_cmake_module: 0.10.0 (/opt/ros/humble/share/python_cmake_module/cmake)
[0.592s] -- Using PYTHON_EXECUTABLE: /usr/bin/python3
[0.592s] -- Using PYTHON_INCLUDE_DIRS: /usr/include/python3.10
[0.592s] -- Using PYTHON_LIBRARIES: /usr/lib/x86_64-linux-gnu/libpython3.10.so
[0.603s] -- Found ament_lint_auto: 0.12.14 (/opt/ros/humble/share/ament_lint_auto/cmake)
[0.607s] -- Added test 'lint_cmake' to check CMake code style
[0.608s] -- Added test 'xmllint' to check XML markup files
[0.609s] -- Configuring done
[0.623s] -- Generating done
[0.628s] -- Build files have been written to: /home/guanyu/crocoddyl/wbot/ros2_ws/build/wbot_msgs
[0.631s] Invoked command in '/home/guanyu/crocoddyl/wbot/ros2_ws/build/wbot_msgs' returned '0': CMAKE_PREFIX_PATH=/opt/ros/humble /usr/bin/cmake /home/guanyu/crocoddyl/wbot/ros2_ws/src/wbot_msgs -DAMENT_CMAKE_SYMLINK_INSTALL=1 -DCMAKE_INSTALL_PREFIX=/home/guanyu/crocoddyl/wbot/ros2_ws/install/wbot_msgs
[0.632s] Invoking command in '/home/guanyu/crocoddyl/wbot/ros2_ws/build/wbot_msgs': CMAKE_PREFIX_PATH=/opt/ros/humble /usr/bin/cmake --build /home/guanyu/crocoddyl/wbot/ros2_ws/build/wbot_msgs -- -j28 -l28
[0.654s] [35m[1mConsolidate compiler generated dependencies of target wbot_msgs__rosidl_generator_c[0m
[0.660s] [  1%] Built target wbot_msgs__cpp
[0.661s] [ 12%] Built target wbot_msgs__rosidl_generator_c
[0.665s] [ 12%] Built target ament_cmake_python_symlink_wbot_msgs
[0.665s] [35m[1mConsolidate compiler generated dependencies of target wbot_msgs__rosidl_typesupport_c[0m
[0.666s] [35m[1mConsolidate compiler generated dependencies of target wbot_msgs__rosidl_typesupport_fastrtps_cpp[0m
[0.667s] [35m[1mConsolidate compiler generated dependencies of target wbot_msgs__rosidl_typesupport_cpp[0m
[0.667s] [35m[1mConsolidate compiler generated dependencies of target wbot_msgs__rosidl_typesupport_introspection_c[0m
[0.668s] [35m[1mConsolidate compiler generated dependencies of target wbot_msgs__rosidl_typesupport_introspection_cpp[0m
[0.671s] [ 23%] Built target wbot_msgs__rosidl_typesupport_c
[0.672s] [35m[1mConsolidate compiler generated dependencies of target wbot_msgs__rosidl_typesupport_fastrtps_c[0m
[0.673s] [ 34%] Built target wbot_msgs__rosidl_typesupport_introspection_c
[0.673s] [ 45%] Built target wbot_msgs__rosidl_typesupport_fastrtps_cpp
[0.676s] [ 56%] Built target wbot_msgs__rosidl_typesupport_introspection_cpp
[0.676s] [ 67%] Built target wbot_msgs__rosidl_typesupport_cpp
[0.679s] [ 78%] Built target wbot_msgs__rosidl_typesupport_fastrtps_c
[0.689s] [ 78%] Built target wbot_msgs
[0.700s] [ 80%] Built target wbot_msgs__py
[0.705s] [35m[1mConsolidate compiler generated dependencies of target wbot_msgs__rosidl_generator_py[0m
[0.711s] [ 89%] Built target wbot_msgs__rosidl_generator_py
[0.716s] [35m[1mConsolidate compiler generated dependencies of target wbot_msgs__rosidl_typesupport_fastrtps_c__pyext[0m
[0.717s] [35m[1mConsolidate compiler generated dependencies of target wbot_msgs__rosidl_typesupport_c__pyext[0m
[0.718s] [35m[1mConsolidate compiler generated dependencies of target wbot_msgs__rosidl_typesupport_introspection_c__pyext[0m
[0.724s] [ 92%] Built target wbot_msgs__rosidl_typesupport_fastrtps_c__pyext
[0.724s] [ 96%] Built target wbot_msgs__rosidl_typesupport_c__pyext
[0.725s] [100%] Built target wbot_msgs__rosidl_typesupport_introspection_c__pyext
[0.768s] running egg_info
[0.768s] writing wbot_msgs.egg-info/PKG-INFO
[0.768s] writing dependency_links to wbot_msgs.egg-info/dependency_links.txt
[0.768s] writing top-level names to wbot_msgs.egg-info/top_level.txt
[0.769s] reading manifest file 'wbot_msgs.egg-info/SOURCES.txt'
[0.770s] writing manifest file 'wbot_msgs.egg-info/SOURCES.txt'
[0.782s] [100%] Built target ament_cmake_python_build_wbot_msgs_egg
[0.789s] Invoked command in '/home/guanyu/crocoddyl/wbot/ros2_ws/build/wbot_msgs' returned '0': CMAKE_PREFIX_PATH=/opt/ros/humble /usr/bin/cmake --build /home/guanyu/crocoddyl/wbot/ros2_ws/build/wbot_msgs -- -j28 -l28
[0.794s] Invoking command in '/home/guanyu/crocoddyl/wbot/ros2_ws/build/wbot_msgs': CMAKE_PREFIX_PATH=/opt/ros/humble /usr/bin/cmake --install /home/guanyu/crocoddyl/wbot/ros2_ws/build/wbot_msgs
[0.798s] -- Install configuration: ""
[0.799s] -- Execute custom install script
[0.799s] -- Up-to-date symlink: /home/guanyu/crocoddyl/wbot/ros2_ws/install/wbot_msgs/share/ament_index/resource_index/rosidl_interfaces/wbot_msgs
[0.799s] -- Up-to-date symlink: /home/guanyu/crocoddyl/wbot/ros2_ws/install/wbot_msgs/include/wbot_msgs/wbot_msgs/msg/detail/mpc_performance__functions.h
[0.799s] -- Up-to-date symlink: /home/guanyu/crocoddyl/wbot/ros2_ws/install/wbot_msgs/include/wbot_msgs/wbot_msgs/msg/detail/mpc_performance__struct.h
[0.799s] -- Up-to-date symlink: /home/guanyu/crocoddyl/wbot/ros2_ws/install/wbot_msgs/include/wbot_msgs/wbot_msgs/msg/detail/mpc_performance__type_support.h
[0.799s] -- Up-to-date symlink: /home/guanyu/crocoddyl/wbot/ros2_ws/install/wbot_msgs/include/wbot_msgs/wbot_msgs/msg/detail/velocity_command__functions.h
[0.799s] -- Up-to-date symlink: /home/guanyu/crocoddyl/wbot/ros2_ws/install/wbot_msgs/include/wbot_msgs/wbot_msgs/msg/detail/velocity_command__struct.h
[0.799s] -- Up-to-date symlink: /home/guanyu/crocoddyl/wbot/ros2_ws/install/wbot_msgs/include/wbot_msgs/wbot_msgs/msg/detail/velocity_command__type_support.h
[0.799s] -- Up-to-date symlink: /home/guanyu/crocoddyl/wbot/ros2_ws/install/wbot_msgs/include/wbot_msgs/wbot_msgs/msg/detail/wbot_control__functions.h
[0.799s] -- Up-to-date symlink: /home/guanyu/crocoddyl/wbot/ros2_ws/install/wbot_msgs/include/wbot_msgs/wbot_msgs/msg/detail/wbot_control__struct.h
[0.799s] -- Up-to-date symlink: /home/guanyu/crocoddyl/wbot/ros2_ws/install/wbot_msgs/include/wbot_msgs/wbot_msgs/msg/detail/wbot_control__type_support.h
[0.800s] -- Up-to-date symlink: /home/guanyu/crocoddyl/wbot/ros2_ws/install/wbot_msgs/include/wbot_msgs/wbot_msgs/msg/detail/wbot_state__functions.h
[0.800s] -- Up-to-date symlink: /home/guanyu/crocoddyl/wbot/ros2_ws/install/wbot_msgs/include/wbot_msgs/wbot_msgs/msg/detail/wbot_state__struct.h
[0.800s] -- Up-to-date symlink: /home/guanyu/crocoddyl/wbot/ros2_ws/install/wbot_msgs/include/wbot_msgs/wbot_msgs/msg/detail/wbot_state__type_support.h
[0.800s] -- Up-to-date symlink: /home/guanyu/crocoddyl/wbot/ros2_ws/install/wbot_msgs/include/wbot_msgs/wbot_msgs/msg/mpc_performance.h
[0.800s] -- Up-to-date symlink: /home/guanyu/crocoddyl/wbot/ros2_ws/install/wbot_msgs/include/wbot_msgs/wbot_msgs/msg/rosidl_generator_c__visibility_control.h
[0.800s] -- Up-to-date symlink: /home/guanyu/crocoddyl/wbot/ros2_ws/install/wbot_msgs/include/wbot_msgs/wbot_msgs/msg/velocity_command.h
[0.800s] -- Up-to-date symlink: /home/guanyu/crocoddyl/wbot/ros2_ws/install/wbot_msgs/include/wbot_msgs/wbot_msgs/msg/wbot_control.h
[0.800s] -- Up-to-date symlink: /home/guanyu/crocoddyl/wbot/ros2_ws/install/wbot_msgs/include/wbot_msgs/wbot_msgs/msg/wbot_state.h
[0.800s] -- Up-to-date symlink: /home/guanyu/crocoddyl/wbot/ros2_ws/install/wbot_msgs/share/wbot_msgs/environment/library_path.sh
[0.800s] -- Up-to-date symlink: /home/guanyu/crocoddyl/wbot/ros2_ws/install/wbot_msgs/share/wbot_msgs/environment/library_path.dsv
[0.800s] -- Up-to-date symlink: /home/guanyu/crocoddyl/wbot/ros2_ws/install/wbot_msgs/include/wbot_msgs/wbot_msgs/msg/detail/mpc_performance__rosidl_typesupport_fastrtps_c.h
[0.800s] -- Up-to-date symlink: /home/guanyu/crocoddyl/wbot/ros2_ws/install/wbot_msgs/include/wbot_msgs/wbot_msgs/msg/detail/velocity_command__rosidl_typesupport_fastrtps_c.h
[0.800s] -- Up-to-date symlink: /home/guanyu/crocoddyl/wbot/ros2_ws/install/wbot_msgs/include/wbot_msgs/wbot_msgs/msg/detail/wbot_control__rosidl_typesupport_fastrtps_c.h
[0.800s] -- Up-to-date symlink: /home/guanyu/crocoddyl/wbot/ros2_ws/install/wbot_msgs/include/wbot_msgs/wbot_msgs/msg/detail/wbot_state__rosidl_typesupport_fastrtps_c.h
[0.800s] -- Up-to-date symlink: /home/guanyu/crocoddyl/wbot/ros2_ws/install/wbot_msgs/include/wbot_msgs/wbot_msgs/msg/rosidl_typesupport_fastrtps_c__visibility_control.h
[0.800s] -- Up-to-date symlink: /home/guanyu/crocoddyl/wbot/ros2_ws/install/wbot_msgs/include/wbot_msgs/wbot_msgs/msg/detail/mpc_performance__builder.hpp
[0.800s] -- Up-to-date symlink: /home/guanyu/crocoddyl/wbot/ros2_ws/install/wbot_msgs/include/wbot_msgs/wbot_msgs/msg/detail/mpc_performance__struct.hpp
[0.800s] -- Up-to-date symlink: /home/guanyu/crocoddyl/wbot/ros2_ws/install/wbot_msgs/include/wbot_msgs/wbot_msgs/msg/detail/mpc_performance__traits.hpp
[0.800s] -- Up-to-date symlink: /home/guanyu/crocoddyl/wbot/ros2_ws/install/wbot_msgs/include/wbot_msgs/wbot_msgs/msg/detail/mpc_performance__type_support.hpp
[0.801s] -- Up-to-date symlink: /home/guanyu/crocoddyl/wbot/ros2_ws/install/wbot_msgs/include/wbot_msgs/wbot_msgs/msg/detail/velocity_command__builder.hpp
[0.801s] -- Up-to-date symlink: /home/guanyu/crocoddyl/wbot/ros2_ws/install/wbot_msgs/include/wbot_msgs/wbot_msgs/msg/detail/velocity_command__struct.hpp
[0.801s] -- Up-to-date symlink: /home/guanyu/crocoddyl/wbot/ros2_ws/install/wbot_msgs/include/wbot_msgs/wbot_msgs/msg/detail/velocity_command__traits.hpp
[0.801s] -- Up-to-date symlink: /home/guanyu/crocoddyl/wbot/ros2_ws/install/wbot_msgs/include/wbot_msgs/wbot_msgs/msg/detail/velocity_command__type_support.hpp
[0.801s] -- Up-to-date symlink: /home/guanyu/crocoddyl/wbot/ros2_ws/install/wbot_msgs/include/wbot_msgs/wbot_msgs/msg/detail/wbot_control__builder.hpp
[0.801s] -- Up-to-date symlink: /home/guanyu/crocoddyl/wbot/ros2_ws/install/wbot_msgs/include/wbot_msgs/wbot_msgs/msg/detail/wbot_control__struct.hpp
[0.801s] -- Up-to-date symlink: /home/guanyu/crocoddyl/wbot/ros2_ws/install/wbot_msgs/include/wbot_msgs/wbot_msgs/msg/detail/wbot_control__traits.hpp
[0.801s] -- Up-to-date symlink: /home/guanyu/crocoddyl/wbot/ros2_ws/install/wbot_msgs/include/wbot_msgs/wbot_msgs/msg/detail/wbot_control__type_support.hpp
[0.801s] -- Up-to-date symlink: /home/guanyu/crocoddyl/wbot/ros2_ws/install/wbot_msgs/include/wbot_msgs/wbot_msgs/msg/detail/wbot_state__builder.hpp
[0.801s] -- Up-to-date symlink: /home/guanyu/crocoddyl/wbot/ros2_ws/install/wbot_msgs/include/wbot_msgs/wbot_msgs/msg/detail/wbot_state__struct.hpp
[0.801s] -- Up-to-date symlink: /home/guanyu/crocoddyl/wbot/ros2_ws/install/wbot_msgs/include/wbot_msgs/wbot_msgs/msg/detail/wbot_state__traits.hpp
[0.801s] -- Up-to-date symlink: /home/guanyu/crocoddyl/wbot/ros2_ws/install/wbot_msgs/include/wbot_msgs/wbot_msgs/msg/detail/wbot_state__type_support.hpp
[0.801s] -- Up-to-date symlink: /home/guanyu/crocoddyl/wbot/ros2_ws/install/wbot_msgs/include/wbot_msgs/wbot_msgs/msg/mpc_performance.hpp
[0.801s] -- Up-to-date symlink: /home/guanyu/crocoddyl/wbot/ros2_ws/install/wbot_msgs/include/wbot_msgs/wbot_msgs/msg/rosidl_generator_cpp__visibility_control.hpp
[0.801s] -- Up-to-date symlink: /home/guanyu/crocoddyl/wbot/ros2_ws/install/wbot_msgs/include/wbot_msgs/wbot_msgs/msg/velocity_command.hpp
[0.801s] -- Up-to-date symlink: /home/guanyu/crocoddyl/wbot/ros2_ws/install/wbot_msgs/include/wbot_msgs/wbot_msgs/msg/wbot_control.hpp
[0.801s] -- Up-to-date symlink: /home/guanyu/crocoddyl/wbot/ros2_ws/install/wbot_msgs/include/wbot_msgs/wbot_msgs/msg/wbot_state.hpp
[0.801s] -- Up-to-date symlink: /home/guanyu/crocoddyl/wbot/ros2_ws/install/wbot_msgs/include/wbot_msgs/wbot_msgs/msg/detail/mpc_performance__rosidl_typesupport_fastrtps_cpp.hpp
[0.801s] -- Up-to-date symlink: /home/guanyu/crocoddyl/wbot/ros2_ws/install/wbot_msgs/include/wbot_msgs/wbot_msgs/msg/detail/velocity_command__rosidl_typesupport_fastrtps_cpp.hpp
[0.801s] -- Up-to-date symlink: /home/guanyu/crocoddyl/wbot/ros2_ws/install/wbot_msgs/include/wbot_msgs/wbot_msgs/msg/detail/wbot_control__rosidl_typesupport_fastrtps_cpp.hpp
[0.801s] -- Up-to-date symlink: /home/guanyu/crocoddyl/wbot/ros2_ws/install/wbot_msgs/include/wbot_msgs/wbot_msgs/msg/detail/wbot_state__rosidl_typesupport_fastrtps_cpp.hpp
[0.801s] -- Up-to-date symlink: /home/guanyu/crocoddyl/wbot/ros2_ws/install/wbot_msgs/include/wbot_msgs/wbot_msgs/msg/rosidl_typesupport_fastrtps_cpp__visibility_control.h
[0.802s] -- Up-to-date symlink: /home/guanyu/crocoddyl/wbot/ros2_ws/install/wbot_msgs/include/wbot_msgs/wbot_msgs/msg/detail/mpc_performance__rosidl_typesupport_introspection_c.h
[0.802s] -- Up-to-date symlink: /home/guanyu/crocoddyl/wbot/ros2_ws/install/wbot_msgs/include/wbot_msgs/wbot_msgs/msg/detail/velocity_command__rosidl_typesupport_introspection_c.h
[0.802s] -- Up-to-date symlink: /home/guanyu/crocoddyl/wbot/ros2_ws/install/wbot_msgs/include/wbot_msgs/wbot_msgs/msg/detail/wbot_control__rosidl_typesupport_introspection_c.h
[0.802s] -- Up-to-date symlink: /home/guanyu/crocoddyl/wbot/ros2_ws/install/wbot_msgs/include/wbot_msgs/wbot_msgs/msg/detail/wbot_state__rosidl_typesupport_introspection_c.h
[0.802s] -- Up-to-date symlink: /home/guanyu/crocoddyl/wbot/ros2_ws/install/wbot_msgs/include/wbot_msgs/wbot_msgs/msg/rosidl_typesupport_introspection_c__visibility_control.h
[0.802s] -- Up-to-date symlink: /home/guanyu/crocoddyl/wbot/ros2_ws/install/wbot_msgs/include/wbot_msgs/wbot_msgs/msg/detail/mpc_performance__rosidl_typesupport_introspection_cpp.hpp
[0.802s] -- Up-to-date symlink: /home/guanyu/crocoddyl/wbot/ros2_ws/install/wbot_msgs/include/wbot_msgs/wbot_msgs/msg/detail/velocity_command__rosidl_typesupport_introspection_cpp.hpp
[0.802s] -- Up-to-date symlink: /home/guanyu/crocoddyl/wbot/ros2_ws/install/wbot_msgs/include/wbot_msgs/wbot_msgs/msg/detail/wbot_control__rosidl_typesupport_introspection_cpp.hpp
[0.802s] -- Up-to-date symlink: /home/guanyu/crocoddyl/wbot/ros2_ws/install/wbot_msgs/include/wbot_msgs/wbot_msgs/msg/detail/wbot_state__rosidl_typesupport_introspection_cpp.hpp
[0.802s] -- Up-to-date symlink: /home/guanyu/crocoddyl/wbot/ros2_ws/install/wbot_msgs/share/wbot_msgs/environment/pythonpath.sh
[0.802s] -- Up-to-date symlink: /home/guanyu/crocoddyl/wbot/ros2_ws/install/wbot_msgs/share/wbot_msgs/environment/pythonpath.dsv
[0.802s] -- Up-to-date symlink: /home/guanyu/crocoddyl/wbot/ros2_ws/install/wbot_msgs/local/lib/python3.10/dist-packages/wbot_msgs-0.0.0-py3.10.egg-info/PKG-INFO
[0.802s] -- Up-to-date symlink: /home/guanyu/crocoddyl/wbot/ros2_ws/install/wbot_msgs/local/lib/python3.10/dist-packages/wbot_msgs-0.0.0-py3.10.egg-info/SOURCES.txt
[0.802s] -- Up-to-date symlink: /home/guanyu/crocoddyl/wbot/ros2_ws/install/wbot_msgs/local/lib/python3.10/dist-packages/wbot_msgs-0.0.0-py3.10.egg-info/dependency_links.txt
[0.802s] -- Up-to-date symlink: /home/guanyu/crocoddyl/wbot/ros2_ws/install/wbot_msgs/local/lib/python3.10/dist-packages/wbot_msgs-0.0.0-py3.10.egg-info/top_level.txt
[0.803s] -- Up-to-date symlink: /home/guanyu/crocoddyl/wbot/ros2_ws/install/wbot_msgs/local/lib/python3.10/dist-packages/wbot_msgs/__init__.py
[0.803s] -- Up-to-date symlink: /home/guanyu/crocoddyl/wbot/ros2_ws/install/wbot_msgs/local/lib/python3.10/dist-packages/wbot_msgs/_wbot_msgs_s.ep.rosidl_typesupport_c.c
[0.803s] -- Up-to-date symlink: /home/guanyu/crocoddyl/wbot/ros2_ws/install/wbot_msgs/local/lib/python3.10/dist-packages/wbot_msgs/_wbot_msgs_s.ep.rosidl_typesupport_fastrtps_c.c
[0.803s] -- Up-to-date symlink: /home/guanyu/crocoddyl/wbot/ros2_ws/install/wbot_msgs/local/lib/python3.10/dist-packages/wbot_msgs/_wbot_msgs_s.ep.rosidl_typesupport_introspection_c.c
[0.803s] -- Up-to-date symlink: /home/guanyu/crocoddyl/wbot/ros2_ws/install/wbot_msgs/local/lib/python3.10/dist-packages/wbot_msgs/libwbot_msgs__rosidl_generator_py.so
[0.803s] -- Up-to-date symlink: /home/guanyu/crocoddyl/wbot/ros2_ws/install/wbot_msgs/local/lib/python3.10/dist-packages/wbot_msgs/msg/__init__.py
[0.803s] -- Up-to-date symlink: /home/guanyu/crocoddyl/wbot/ros2_ws/install/wbot_msgs/local/lib/python3.10/dist-packages/wbot_msgs/msg/_mpc_performance.py
[0.803s] -- Up-to-date symlink: /home/guanyu/crocoddyl/wbot/ros2_ws/install/wbot_msgs/local/lib/python3.10/dist-packages/wbot_msgs/msg/_mpc_performance_s.c
[0.803s] -- Up-to-date symlink: /home/guanyu/crocoddyl/wbot/ros2_ws/install/wbot_msgs/local/lib/python3.10/dist-packages/wbot_msgs/msg/_velocity_command.py
[0.803s] -- Up-to-date symlink: /home/guanyu/crocoddyl/wbot/ros2_ws/install/wbot_msgs/local/lib/python3.10/dist-packages/wbot_msgs/msg/_velocity_command_s.c
[0.803s] -- Up-to-date symlink: /home/guanyu/crocoddyl/wbot/ros2_ws/install/wbot_msgs/local/lib/python3.10/dist-packages/wbot_msgs/msg/_wbot_control.py
[0.803s] -- Up-to-date symlink: /home/guanyu/crocoddyl/wbot/ros2_ws/install/wbot_msgs/local/lib/python3.10/dist-packages/wbot_msgs/msg/_wbot_control_s.c
[0.803s] -- Up-to-date symlink: /home/guanyu/crocoddyl/wbot/ros2_ws/install/wbot_msgs/local/lib/python3.10/dist-packages/wbot_msgs/msg/_wbot_state.py
[0.803s] -- Up-to-date symlink: /home/guanyu/crocoddyl/wbot/ros2_ws/install/wbot_msgs/local/lib/python3.10/dist-packages/wbot_msgs/msg/_wbot_state_s.c
[0.803s] -- Up-to-date symlink: /home/guanyu/crocoddyl/wbot/ros2_ws/install/wbot_msgs/local/lib/python3.10/dist-packages/wbot_msgs/wbot_msgs_s__rosidl_typesupport_c.cpython-310-x86_64-linux-gnu.so
[0.803s] -- Up-to-date symlink: /home/guanyu/crocoddyl/wbot/ros2_ws/install/wbot_msgs/local/lib/python3.10/dist-packages/wbot_msgs/wbot_msgs_s__rosidl_typesupport_fastrtps_c.cpython-310-x86_64-linux-gnu.so
[0.803s] -- Up-to-date symlink: /home/guanyu/crocoddyl/wbot/ros2_ws/install/wbot_msgs/local/lib/python3.10/dist-packages/wbot_msgs/wbot_msgs_s__rosidl_typesupport_introspection_c.cpython-310-x86_64-linux-gnu.so
[0.803s] -- Up-to-date symlink: /home/guanyu/crocoddyl/wbot/ros2_ws/install/wbot_msgs/local/lib/python3.10/dist-packages/wbot_msgs/wbot_msgs_s__rosidl_typesupport_fastrtps_c.cpython-310-x86_64-linux-gnu.so
[0.803s] -- Up-to-date symlink: /home/guanyu/crocoddyl/wbot/ros2_ws/install/wbot_msgs/local/lib/python3.10/dist-packages/wbot_msgs/wbot_msgs_s__rosidl_typesupport_introspection_c.cpython-310-x86_64-linux-gnu.so
[0.803s] -- Up-to-date symlink: /home/guanyu/crocoddyl/wbot/ros2_ws/install/wbot_msgs/local/lib/python3.10/dist-packages/wbot_msgs/wbot_msgs_s__rosidl_typesupport_c.cpython-310-x86_64-linux-gnu.so
[0.803s] -- Up-to-date symlink: /home/guanyu/crocoddyl/wbot/ros2_ws/install/wbot_msgs/share/wbot_msgs/msg/WbotState.idl
[0.803s] -- Up-to-date symlink: /home/guanyu/crocoddyl/wbot/ros2_ws/install/wbot_msgs/share/wbot_msgs/msg/WbotControl.idl
[0.804s] -- Up-to-date symlink: /home/guanyu/crocoddyl/wbot/ros2_ws/install/wbot_msgs/share/wbot_msgs/msg/VelocityCommand.idl
[0.804s] -- Up-to-date symlink: /home/guanyu/crocoddyl/wbot/ros2_ws/install/wbot_msgs/share/wbot_msgs/msg/MpcPerformance.idl
[0.804s] -- Up-to-date symlink: /home/guanyu/crocoddyl/wbot/ros2_ws/install/wbot_msgs/share/wbot_msgs/msg/WbotState.msg
[0.804s] -- Up-to-date symlink: /home/guanyu/crocoddyl/wbot/ros2_ws/install/wbot_msgs/share/wbot_msgs/msg/WbotControl.msg
[0.804s] -- Up-to-date symlink: /home/guanyu/crocoddyl/wbot/ros2_ws/install/wbot_msgs/share/wbot_msgs/msg/VelocityCommand.msg
[0.804s] -- Up-to-date symlink: /home/guanyu/crocoddyl/wbot/ros2_ws/install/wbot_msgs/share/wbot_msgs/msg/MpcPerformance.msg
[0.804s] -- Up-to-date symlink: /home/guanyu/crocoddyl/wbot/ros2_ws/install/wbot_msgs/share/ament_index/resource_index/package_run_dependencies/wbot_msgs
[0.804s] -- Up-to-date symlink: /home/guanyu/crocoddyl/wbot/ros2_ws/install/wbot_msgs/share/ament_index/resource_index/parent_prefix_path/wbot_msgs
[0.804s] -- Up-to-date symlink: /home/guanyu/crocoddyl/wbot/ros2_ws/install/wbot_msgs/share/wbot_msgs/environment/ament_prefix_path.sh
[0.804s] -- Up-to-date symlink: /home/guanyu/crocoddyl/wbot/ros2_ws/install/wbot_msgs/share/wbot_msgs/environment/ament_prefix_path.dsv
[0.804s] -- Up-to-date symlink: /home/guanyu/crocoddyl/wbot/ros2_ws/install/wbot_msgs/share/wbot_msgs/environment/path.sh
[0.804s] -- Up-to-date symlink: /home/guanyu/crocoddyl/wbot/ros2_ws/install/wbot_msgs/share/wbot_msgs/environment/path.dsv
[0.804s] -- Up-to-date symlink: /home/guanyu/crocoddyl/wbot/ros2_ws/install/wbot_msgs/share/wbot_msgs/local_setup.bash
[0.804s] -- Up-to-date symlink: /home/guanyu/crocoddyl/wbot/ros2_ws/install/wbot_msgs/share/wbot_msgs/local_setup.sh
[0.804s] -- Up-to-date symlink: /home/guanyu/crocoddyl/wbot/ros2_ws/install/wbot_msgs/share/wbot_msgs/local_setup.zsh
[0.804s] -- Up-to-date symlink: /home/guanyu/crocoddyl/wbot/ros2_ws/install/wbot_msgs/share/wbot_msgs/local_setup.dsv
[0.804s] -- Symlinking: /home/guanyu/crocoddyl/wbot/ros2_ws/install/wbot_msgs/share/wbot_msgs/package.dsv
[0.810s] -- Up-to-date symlink: /home/guanyu/crocoddyl/wbot/ros2_ws/install/wbot_msgs/share/ament_index/resource_index/packages/wbot_msgs
[0.810s] -- Up-to-date symlink: /home/guanyu/crocoddyl/wbot/ros2_ws/install/wbot_msgs/share/wbot_msgs/cmake/rosidl_cmake-extras.cmake
[0.810s] -- Up-to-date symlink: /home/guanyu/crocoddyl/wbot/ros2_ws/install/wbot_msgs/share/wbot_msgs/cmake/ament_cmake_export_dependencies-extras.cmake
[0.810s] -- Up-to-date symlink: /home/guanyu/crocoddyl/wbot/ros2_ws/install/wbot_msgs/share/wbot_msgs/cmake/ament_cmake_export_include_directories-extras.cmake
[0.810s] -- Up-to-date symlink: /home/guanyu/crocoddyl/wbot/ros2_ws/install/wbot_msgs/share/wbot_msgs/cmake/ament_cmake_export_libraries-extras.cmake
[0.810s] -- Up-to-date symlink: /home/guanyu/crocoddyl/wbot/ros2_ws/install/wbot_msgs/share/wbot_msgs/cmake/ament_cmake_export_targets-extras.cmake
[0.810s] -- Up-to-date symlink: /home/guanyu/crocoddyl/wbot/ros2_ws/install/wbot_msgs/share/wbot_msgs/cmake/rosidl_cmake_export_typesupport_targets-extras.cmake
[0.810s] -- Up-to-date symlink: /home/guanyu/crocoddyl/wbot/ros2_ws/install/wbot_msgs/share/wbot_msgs/cmake/rosidl_cmake_export_typesupport_libraries-extras.cmake
[0.810s] -- Up-to-date symlink: /home/guanyu/crocoddyl/wbot/ros2_ws/install/wbot_msgs/share/wbot_msgs/cmake/wbot_msgsConfig.cmake
[0.810s] -- Up-to-date symlink: /home/guanyu/crocoddyl/wbot/ros2_ws/install/wbot_msgs/share/wbot_msgs/cmake/wbot_msgsConfig-version.cmake
[0.810s] -- Up-to-date symlink: /home/guanyu/crocoddyl/wbot/ros2_ws/install/wbot_msgs/share/wbot_msgs/package.xml
[0.810s] -- Up-to-date: /home/guanyu/crocoddyl/wbot/ros2_ws/install/wbot_msgs/lib/libwbot_msgs__rosidl_generator_c.so
[0.810s] -- Up-to-date: /home/guanyu/crocoddyl/wbot/ros2_ws/install/wbot_msgs/lib/libwbot_msgs__rosidl_typesupport_fastrtps_c.so
[0.810s] -- Up-to-date: /home/guanyu/crocoddyl/wbot/ros2_ws/install/wbot_msgs/lib/libwbot_msgs__rosidl_typesupport_fastrtps_cpp.so
[0.811s] -- Up-to-date: /home/guanyu/crocoddyl/wbot/ros2_ws/install/wbot_msgs/lib/libwbot_msgs__rosidl_typesupport_introspection_c.so
[0.811s] -- Up-to-date: /home/guanyu/crocoddyl/wbot/ros2_ws/install/wbot_msgs/lib/libwbot_msgs__rosidl_typesupport_c.so
[0.811s] -- Up-to-date: /home/guanyu/crocoddyl/wbot/ros2_ws/install/wbot_msgs/lib/libwbot_msgs__rosidl_typesupport_introspection_cpp.so
[0.811s] -- Up-to-date: /home/guanyu/crocoddyl/wbot/ros2_ws/install/wbot_msgs/lib/libwbot_msgs__rosidl_typesupport_cpp.so
[0.827s] Listing '/home/guanyu/crocoddyl/wbot/ros2_ws/install/wbot_msgs/local/lib/python3.10/dist-packages/wbot_msgs'...
[0.827s] Compiling '/home/guanyu/crocoddyl/wbot/ros2_ws/install/wbot_msgs/local/lib/python3.10/dist-packages/wbot_msgs/__init__.py'...
[0.827s] Listing '/home/guanyu/crocoddyl/wbot/ros2_ws/install/wbot_msgs/local/lib/python3.10/dist-packages/wbot_msgs/msg'...
[0.829s] -- Up-to-date: /home/guanyu/crocoddyl/wbot/ros2_ws/install/wbot_msgs/lib/libwbot_msgs__rosidl_generator_py.so
[0.829s] -- Up-to-date: /home/guanyu/crocoddyl/wbot/ros2_ws/install/wbot_msgs/share/wbot_msgs/cmake/export_wbot_msgs__rosidl_generator_cExport.cmake
[0.829s] -- Up-to-date: /home/guanyu/crocoddyl/wbot/ros2_ws/install/wbot_msgs/share/wbot_msgs/cmake/export_wbot_msgs__rosidl_generator_cExport-noconfig.cmake
[0.829s] -- Up-to-date: /home/guanyu/crocoddyl/wbot/ros2_ws/install/wbot_msgs/share/wbot_msgs/cmake/export_wbot_msgs__rosidl_typesupport_fastrtps_cExport.cmake
[0.829s] -- Up-to-date: /home/guanyu/crocoddyl/wbot/ros2_ws/install/wbot_msgs/share/wbot_msgs/cmake/export_wbot_msgs__rosidl_typesupport_fastrtps_cExport-noconfig.cmake
[0.829s] -- Up-to-date: /home/guanyu/crocoddyl/wbot/ros2_ws/install/wbot_msgs/share/wbot_msgs/cmake/export_wbot_msgs__rosidl_generator_cppExport.cmake
[0.829s] -- Up-to-date: /home/guanyu/crocoddyl/wbot/ros2_ws/install/wbot_msgs/share/wbot_msgs/cmake/export_wbot_msgs__rosidl_typesupport_fastrtps_cppExport.cmake
[0.829s] -- Up-to-date: /home/guanyu/crocoddyl/wbot/ros2_ws/install/wbot_msgs/share/wbot_msgs/cmake/export_wbot_msgs__rosidl_typesupport_fastrtps_cppExport-noconfig.cmake
[0.829s] -- Up-to-date: /home/guanyu/crocoddyl/wbot/ros2_ws/install/wbot_msgs/share/wbot_msgs/cmake/wbot_msgs__rosidl_typesupport_introspection_cExport.cmake
[0.829s] -- Up-to-date: /home/guanyu/crocoddyl/wbot/ros2_ws/install/wbot_msgs/share/wbot_msgs/cmake/wbot_msgs__rosidl_typesupport_introspection_cExport-noconfig.cmake
[0.829s] -- Up-to-date: /home/guanyu/crocoddyl/wbot/ros2_ws/install/wbot_msgs/share/wbot_msgs/cmake/wbot_msgs__rosidl_typesupport_cExport.cmake
[0.829s] -- Up-to-date: /home/guanyu/crocoddyl/wbot/ros2_ws/install/wbot_msgs/share/wbot_msgs/cmake/wbot_msgs__rosidl_typesupport_cExport-noconfig.cmake
[0.829s] -- Up-to-date: /home/guanyu/crocoddyl/wbot/ros2_ws/install/wbot_msgs/share/wbot_msgs/cmake/wbot_msgs__rosidl_typesupport_introspection_cppExport.cmake
[0.829s] -- Up-to-date: /home/guanyu/crocoddyl/wbot/ros2_ws/install/wbot_msgs/share/wbot_msgs/cmake/wbot_msgs__rosidl_typesupport_introspection_cppExport-noconfig.cmake
[0.829s] -- Up-to-date: /home/guanyu/crocoddyl/wbot/ros2_ws/install/wbot_msgs/share/wbot_msgs/cmake/wbot_msgs__rosidl_typesupport_cppExport.cmake
[0.829s] -- Up-to-date: /home/guanyu/crocoddyl/wbot/ros2_ws/install/wbot_msgs/share/wbot_msgs/cmake/wbot_msgs__rosidl_typesupport_cppExport-noconfig.cmake
[0.829s] -- Up-to-date: /home/guanyu/crocoddyl/wbot/ros2_ws/install/wbot_msgs/share/wbot_msgs/cmake/export_wbot_msgs__rosidl_generator_pyExport.cmake
[0.830s] -- Up-to-date: /home/guanyu/crocoddyl/wbot/ros2_ws/install/wbot_msgs/share/wbot_msgs/cmake/export_wbot_msgs__rosidl_generator_pyExport-noconfig.cmake
[0.830s] Invoked command in '/home/guanyu/crocoddyl/wbot/ros2_ws/build/wbot_msgs' returned '0': CMAKE_PREFIX_PATH=/opt/ros/humble /usr/bin/cmake --install /home/guanyu/crocoddyl/wbot/ros2_ws/build/wbot_msgs
