running develop
Removing /home/guanyu/crocoddyl/wbot/ros2_ws/install/wbot_bringup/lib/python3.10/site-packages/wbot-bringup.egg-link (link to .)
running egg_info
writing ../../build/wbot_bringup/wbot_bringup.egg-info/PKG-INFO
writing dependency_links to ../../build/wbot_bringup/wbot_bringup.egg-info/dependency_links.txt
writing entry points to ../../build/wbot_bringup/wbot_bringup.egg-info/entry_points.txt
writing requirements to ../../build/wbot_bringup/wbot_bringup.egg-info/requires.txt
writing top-level names to ../../build/wbot_bringup/wbot_bringup.egg-info/top_level.txt
reading manifest file '../../build/wbot_bringup/wbot_bringup.egg-info/SOURCES.txt'
writing manifest file '../../build/wbot_bringup/wbot_bringup.egg-info/SOURCES.txt'
running build
running build_py
running install
running install_lib
creating /home/guanyu/crocoddyl/wbot/ros2_ws/install/wbot_bringup/lib/python3.10/site-packages/wbot_bringup
copying /home/guanyu/crocoddyl/wbot/ros2_ws/build/wbot_bringup/build/lib/wbot_bringup/__init__.py -> /home/guanyu/crocoddyl/wbot/ros2_ws/install/wbot_bringup/lib/python3.10/site-packages/wbot_bringup
byte-compiling /home/guanyu/crocoddyl/wbot/ros2_ws/install/wbot_bringup/lib/python3.10/site-packages/wbot_bringup/__init__.py to __init__.cpython-310.pyc
running install_data
copying resource/wbot_bringup -> /home/guanyu/crocoddyl/wbot/ros2_ws/install/wbot_bringup/share/ament_index/resource_index/packages
copying package.xml -> /home/guanyu/crocoddyl/wbot/ros2_ws/install/wbot_bringup/share/wbot_bringup
copying launch/wbot_mpc.launch.py -> /home/guanyu/crocoddyl/wbot/ros2_ws/install/wbot_bringup/share/wbot_bringup/launch
running install_egg_info
Copying ../../build/wbot_bringup/wbot_bringup.egg-info to /home/guanyu/crocoddyl/wbot/ros2_ws/install/wbot_bringup/lib/python3.10/site-packages/wbot_bringup-0.0.0-py3.10.egg-info
running install_scripts
writing list of installed files to '/home/guanyu/crocoddyl/wbot/ros2_ws/build/wbot_bringup/install.log'
