[0.005s] Invoking command in '/home/guanyu/crocoddyl/wbot/ros2_ws/build/wbot_msgs': CONDA_PROMPT_MODIFIER=(croc) /usr/bin/cmake /home/guanyu/crocoddyl/wbot/ros2_ws/src/wbot_msgs -DAMENT_CMAKE_SYMLINK_INSTALL=1 -DCMAKE_INSTALL_PREFIX=/home/guanyu/crocoddyl/wbot/ros2_ws/install/wbot_msgs
[0.013s] -- Found ament_cmake: 1.3.12 (/opt/ros/humble/share/ament_cmake/cmake)
[0.087s] Traceback (most recent call last):
[0.087s]   File "/opt/ros/humble/share/ament_cmake_core/cmake/package_templates/templates_2_cmake.py", line 21, in <module>
[0.087s]     from ament_package.templates import get_environment_hook_template_path
[0.087s] ModuleNotFoundError: No module named 'ament_package'
[0.091s] [31mCMake Error at /opt/ros/humble/share/ament_cmake_core/cmake/ament_cmake_package_templates-extras.cmake:41 (message):
[0.091s]   execute_process(/usr/bin/python3
[0.091s]   /opt/ros/humble/share/ament_cmake_core/cmake/package_templates/templates_2_cmake.py
[0.091s]   /home/guanyu/crocoddyl/wbot/ros2_ws/build/wbot_msgs/ament_cmake_package_templates/templates.cmake)
[0.091s]   returned error code 1
[0.091s] Call Stack (most recent call first):
[0.091s]   /opt/ros/humble/share/ament_cmake_core/cmake/ament_cmake_coreConfig.cmake:41 (include)
[0.092s]   /opt/ros/humble/share/ament_cmake/cmake/ament_cmake_export_dependencies-extras.cmake:15 (find_package)
[0.092s]   /opt/ros/humble/share/ament_cmake/cmake/ament_cmakeConfig.cmake:41 (include)
[0.092s]   CMakeLists.txt:9 (find_package)
[0.092s] 
[0.092s] [0m
[0.092s] -- Configuring incomplete, errors occurred!
[0.092s] See also "/home/guanyu/crocoddyl/wbot/ros2_ws/build/wbot_msgs/CMakeFiles/CMakeOutput.log".
[0.093s] Invoked command in '/home/guanyu/crocoddyl/wbot/ros2_ws/build/wbot_msgs' returned '1': CONDA_PROMPT_MODIFIER=(croc) /usr/bin/cmake /home/guanyu/crocoddyl/wbot/ros2_ws/src/wbot_msgs -DAMENT_CMAKE_SYMLINK_INSTALL=1 -DCMAKE_INSTALL_PREFIX=/home/guanyu/crocoddyl/wbot/ros2_ws/install/wbot_msgs
