running develop
running egg_info
creating wbot_mpc.egg-info
writing wbot_mpc.egg-info/PKG-INFO
writing dependency_links to wbot_mpc.egg-info/dependency_links.txt
writing entry points to wbot_mpc.egg-info/entry_points.txt
writing requirements to wbot_mpc.egg-info/requires.txt
writing top-level names to wbot_mpc.egg-info/top_level.txt
writing manifest file 'wbot_mpc.egg-info/SOURCES.txt'
reading manifest file 'wbot_mpc.egg-info/SOURCES.txt'
writing manifest file 'wbot_mpc.egg-info/SOURCES.txt'
running build_ext
Creating /home/guanyu/crocoddyl/wbot/ros2_ws/install/wbot_mpc/lib/python3.10/site-packages/wbot-mpc.egg-link (link to .)
Installing mpc_node script to /home/guanyu/crocoddyl/wbot/ros2_ws/install/wbot_mpc/lib/wbot_mpc

Installed /home/guanyu/crocoddyl/wbot/ros2_ws/build/wbot_mpc
running symlink_data
creating /home/guanyu/crocoddyl/wbot/ros2_ws/install/wbot_mpc/share/ament_index
creating /home/guanyu/crocoddyl/wbot/ros2_ws/install/wbot_mpc/share/ament_index/resource_index
creating /home/guanyu/crocoddyl/wbot/ros2_ws/install/wbot_mpc/share/ament_index/resource_index/packages
symbolically linking /home/guanyu/crocoddyl/wbot/ros2_ws/build/wbot_mpc/resource/wbot_mpc -> /home/guanyu/crocoddyl/wbot/ros2_ws/install/wbot_mpc/share/ament_index/resource_index/packages
symbolically linking /home/guanyu/crocoddyl/wbot/ros2_ws/build/wbot_mpc/package.xml -> /home/guanyu/crocoddyl/wbot/ros2_ws/install/wbot_mpc/share/wbot_mpc
