[0.473s] Invoking command in '/home/guanyu/crocoddyl/wbot/ros2_ws/build/wbot_simulator': AMENT_PREFIX_PATH=/home/guanyu/crocoddyl/wbot/ros2_ws/install/wbot_msgs:${AMENT_PREFIX_PATH} CMAKE_PREFIX_PATH=/home/guanyu/crocoddyl/wbot/ros2_ws/install/wbot_msgs LD_LIBRARY_PATH=/home/guanyu/crocoddyl/wbot/ros2_ws/install/wbot_msgs/lib:${LD_LIBRARY_PATH} PYTHONPATH=/home/guanyu/crocoddyl/wbot/ros2_ws/build/wbot_simulator/prefix_override:/usr/lib/python3/dist-packages/colcon_core/task/python/colcon_distutils_commands:/home/guanyu/crocoddyl/wbot/ros2_ws/install/wbot_simulator/lib/python3.10/site-packages:/home/guanyu/crocoddyl/wbot/ros2_ws/install/wbot_msgs/local/lib/python3.10/dist-packages:${PYTHONPATH} /usr/bin/python3 -W ignore:setup.py install is deprecated -W ignore:easy_install command is deprecated setup.py develop --editable --build-directory /home/guanyu/crocoddyl/wbot/ros2_ws/build/wbot_simulator/build --no-deps symlink_data
[0.582s] running develop
[0.641s] running egg_info
[0.641s] creating wbot_simulator.egg-info
[0.641s] writing wbot_simulator.egg-info/PKG-INFO
[0.641s] writing dependency_links to wbot_simulator.egg-info/dependency_links.txt
[0.641s] writing entry points to wbot_simulator.egg-info/entry_points.txt
[0.641s] writing requirements to wbot_simulator.egg-info/requires.txt
[0.641s] writing top-level names to wbot_simulator.egg-info/top_level.txt
[0.641s] writing manifest file 'wbot_simulator.egg-info/SOURCES.txt'
[0.642s] reading manifest file 'wbot_simulator.egg-info/SOURCES.txt'
[0.642s] writing manifest file 'wbot_simulator.egg-info/SOURCES.txt'
[0.642s] running build_ext
[0.643s] Creating /home/guanyu/crocoddyl/wbot/ros2_ws/install/wbot_simulator/lib/python3.10/site-packages/wbot-simulator.egg-link (link to .)
[0.643s] Installing mujoco_node script to /home/guanyu/crocoddyl/wbot/ros2_ws/install/wbot_simulator/lib/wbot_simulator
[0.643s] 
[0.643s] Installed /home/guanyu/crocoddyl/wbot/ros2_ws/build/wbot_simulator
[0.643s] running symlink_data
[0.643s] creating /home/guanyu/crocoddyl/wbot/ros2_ws/install/wbot_simulator/share/ament_index
[0.643s] creating /home/guanyu/crocoddyl/wbot/ros2_ws/install/wbot_simulator/share/ament_index/resource_index
[0.643s] creating /home/guanyu/crocoddyl/wbot/ros2_ws/install/wbot_simulator/share/ament_index/resource_index/packages
[0.643s] symbolically linking /home/guanyu/crocoddyl/wbot/ros2_ws/build/wbot_simulator/resource/wbot_simulator -> /home/guanyu/crocoddyl/wbot/ros2_ws/install/wbot_simulator/share/ament_index/resource_index/packages
[0.643s] symbolically linking /home/guanyu/crocoddyl/wbot/ros2_ws/build/wbot_simulator/package.xml -> /home/guanyu/crocoddyl/wbot/ros2_ws/install/wbot_simulator/share/wbot_simulator
[0.654s] Invoked command in '/home/guanyu/crocoddyl/wbot/ros2_ws/build/wbot_simulator' returned '0': AMENT_PREFIX_PATH=/home/guanyu/crocoddyl/wbot/ros2_ws/install/wbot_msgs:${AMENT_PREFIX_PATH} CMAKE_PREFIX_PATH=/home/guanyu/crocoddyl/wbot/ros2_ws/install/wbot_msgs LD_LIBRARY_PATH=/home/guanyu/crocoddyl/wbot/ros2_ws/install/wbot_msgs/lib:${LD_LIBRARY_PATH} PYTHONPATH=/home/guanyu/crocoddyl/wbot/ros2_ws/build/wbot_simulator/prefix_override:/usr/lib/python3/dist-packages/colcon_core/task/python/colcon_distutils_commands:/home/guanyu/crocoddyl/wbot/ros2_ws/install/wbot_simulator/lib/python3.10/site-packages:/home/guanyu/crocoddyl/wbot/ros2_ws/install/wbot_msgs/local/lib/python3.10/dist-packages:${PYTHONPATH} /usr/bin/python3 -W ignore:setup.py install is deprecated -W ignore:easy_install command is deprecated setup.py develop --editable --build-directory /home/guanyu/crocoddyl/wbot/ros2_ws/build/wbot_simulator/build --no-deps symlink_data
