[0.359s] Invoking command in '/home/guanyu/crocoddyl/wbot/ros2_ws/build/wbot_mpc': AMENT_PREFIX_PATH=/home/guanyu/crocoddyl/wbot/ros2_ws/install/wbot_msgs:${AMENT_PREFIX_PATH} CMAKE_PREFIX_PATH=/home/guanyu/crocoddyl/wbot/ros2_ws/install/wbot_msgs LD_LIBRARY_PATH=/home/guanyu/crocoddyl/wbot/ros2_ws/install/wbot_msgs/lib:${LD_LIBRARY_PATH} PYTHONPATH=/home/guanyu/crocoddyl/wbot/ros2_ws/build/wbot_mpc/prefix_override:/usr/lib/python3/dist-packages/colcon_core/task/python/colcon_distutils_commands:/home/guanyu/crocoddyl/wbot/ros2_ws/install/wbot_mpc/lib/python3.10/site-packages:/home/guanyu/crocoddyl/wbot/ros2_ws/install/wbot_msgs/local/lib/python3.10/dist-packages:${PYTHONPATH} /usr/bin/python3 -W ignore:setup.py install is deprecated -W ignore:easy_install command is deprecated setup.py develop --uninstall --editable --build-directory /home/guanyu/crocoddyl/wbot/ros2_ws/build/wbot_mpc/build
[0.465s] running develop
[0.527s] Removing /home/guanyu/crocoddyl/wbot/ros2_ws/install/wbot_mpc/lib/python3.10/site-packages/wbot-mpc.egg-link (link to .)
[0.539s] Invoked command in '/home/guanyu/crocoddyl/wbot/ros2_ws/build/wbot_mpc' returned '0': AMENT_PREFIX_PATH=/home/guanyu/crocoddyl/wbot/ros2_ws/install/wbot_msgs:${AMENT_PREFIX_PATH} CMAKE_PREFIX_PATH=/home/guanyu/crocoddyl/wbot/ros2_ws/install/wbot_msgs LD_LIBRARY_PATH=/home/guanyu/crocoddyl/wbot/ros2_ws/install/wbot_msgs/lib:${LD_LIBRARY_PATH} PYTHONPATH=/home/guanyu/crocoddyl/wbot/ros2_ws/build/wbot_mpc/prefix_override:/usr/lib/python3/dist-packages/colcon_core/task/python/colcon_distutils_commands:/home/guanyu/crocoddyl/wbot/ros2_ws/install/wbot_mpc/lib/python3.10/site-packages:/home/guanyu/crocoddyl/wbot/ros2_ws/install/wbot_msgs/local/lib/python3.10/dist-packages:${PYTHONPATH} /usr/bin/python3 -W ignore:setup.py install is deprecated -W ignore:easy_install command is deprecated setup.py develop --uninstall --editable --build-directory /home/guanyu/crocoddyl/wbot/ros2_ws/build/wbot_mpc/build
[0.540s] Invoking command in '/home/guanyu/crocoddyl/wbot/ros2_ws/src/wbot_mpc': AMENT_PREFIX_PATH=/home/guanyu/crocoddyl/wbot/ros2_ws/install/wbot_msgs:${AMENT_PREFIX_PATH} CMAKE_PREFIX_PATH=/home/guanyu/crocoddyl/wbot/ros2_ws/install/wbot_msgs LD_LIBRARY_PATH=/home/guanyu/crocoddyl/wbot/ros2_ws/install/wbot_msgs/lib:${LD_LIBRARY_PATH} PYTHONPATH=/home/guanyu/crocoddyl/wbot/ros2_ws/build/wbot_mpc/prefix_override:/usr/lib/python3/dist-packages/colcon_core/task/python/colcon_distutils_commands:/home/guanyu/crocoddyl/wbot/ros2_ws/install/wbot_mpc/lib/python3.10/site-packages:/home/guanyu/crocoddyl/wbot/ros2_ws/install/wbot_msgs/local/lib/python3.10/dist-packages:${PYTHONPATH} /usr/bin/python3 -W ignore:setup.py install is deprecated -W ignore:easy_install command is deprecated setup.py egg_info --egg-base ../../build/wbot_mpc build --build-base /home/guanyu/crocoddyl/wbot/ros2_ws/build/wbot_mpc/build install --record /home/guanyu/crocoddyl/wbot/ros2_ws/build/wbot_mpc/install.log --single-version-externally-managed install_data --force
[0.638s] running egg_info
[0.638s] writing ../../build/wbot_mpc/wbot_mpc.egg-info/PKG-INFO
[0.638s] writing dependency_links to ../../build/wbot_mpc/wbot_mpc.egg-info/dependency_links.txt
[0.638s] writing entry points to ../../build/wbot_mpc/wbot_mpc.egg-info/entry_points.txt
[0.638s] writing requirements to ../../build/wbot_mpc/wbot_mpc.egg-info/requires.txt
[0.638s] writing top-level names to ../../build/wbot_mpc/wbot_mpc.egg-info/top_level.txt
[0.639s] reading manifest file '../../build/wbot_mpc/wbot_mpc.egg-info/SOURCES.txt'
[0.639s] writing manifest file '../../build/wbot_mpc/wbot_mpc.egg-info/SOURCES.txt'
[0.639s] running build
[0.639s] running build_py
[0.639s] creating /home/guanyu/crocoddyl/wbot/ros2_ws/build/wbot_mpc/build
[0.639s] creating /home/guanyu/crocoddyl/wbot/ros2_ws/build/wbot_mpc/build/lib
[0.639s] creating /home/guanyu/crocoddyl/wbot/ros2_ws/build/wbot_mpc/build/lib/wbot_mpc
[0.639s] copying wbot_mpc/ocp.py -> /home/guanyu/crocoddyl/wbot/ros2_ws/build/wbot_mpc/build/lib/wbot_mpc
[0.639s] copying wbot_mpc/mpc_node.py -> /home/guanyu/crocoddyl/wbot/ros2_ws/build/wbot_mpc/build/lib/wbot_mpc
[0.639s] copying wbot_mpc/__init__.py -> /home/guanyu/crocoddyl/wbot/ros2_ws/build/wbot_mpc/build/lib/wbot_mpc
[0.639s] copying wbot_mpc/trajectory_generator.py -> /home/guanyu/crocoddyl/wbot/ros2_ws/build/wbot_mpc/build/lib/wbot_mpc
[0.639s] running install
[0.640s] running install_lib
[0.640s] creating /home/guanyu/crocoddyl/wbot/ros2_ws/install/wbot_mpc/lib/python3.10/site-packages/wbot_mpc
[0.640s] copying /home/guanyu/crocoddyl/wbot/ros2_ws/build/wbot_mpc/build/lib/wbot_mpc/ocp.py -> /home/guanyu/crocoddyl/wbot/ros2_ws/install/wbot_mpc/lib/python3.10/site-packages/wbot_mpc
[0.640s] copying /home/guanyu/crocoddyl/wbot/ros2_ws/build/wbot_mpc/build/lib/wbot_mpc/mpc_node.py -> /home/guanyu/crocoddyl/wbot/ros2_ws/install/wbot_mpc/lib/python3.10/site-packages/wbot_mpc
[0.640s] copying /home/guanyu/crocoddyl/wbot/ros2_ws/build/wbot_mpc/build/lib/wbot_mpc/__init__.py -> /home/guanyu/crocoddyl/wbot/ros2_ws/install/wbot_mpc/lib/python3.10/site-packages/wbot_mpc
[0.640s] copying /home/guanyu/crocoddyl/wbot/ros2_ws/build/wbot_mpc/build/lib/wbot_mpc/trajectory_generator.py -> /home/guanyu/crocoddyl/wbot/ros2_ws/install/wbot_mpc/lib/python3.10/site-packages/wbot_mpc
[0.640s] byte-compiling /home/guanyu/crocoddyl/wbot/ros2_ws/install/wbot_mpc/lib/python3.10/site-packages/wbot_mpc/ocp.py to ocp.cpython-310.pyc
[0.642s] byte-compiling /home/guanyu/crocoddyl/wbot/ros2_ws/install/wbot_mpc/lib/python3.10/site-packages/wbot_mpc/mpc_node.py to mpc_node.cpython-310.pyc
[0.642s] byte-compiling /home/guanyu/crocoddyl/wbot/ros2_ws/install/wbot_mpc/lib/python3.10/site-packages/wbot_mpc/__init__.py to __init__.cpython-310.pyc
[0.642s] byte-compiling /home/guanyu/crocoddyl/wbot/ros2_ws/install/wbot_mpc/lib/python3.10/site-packages/wbot_mpc/trajectory_generator.py to trajectory_generator.cpython-310.pyc
[0.643s] running install_data
[0.643s] copying resource/wbot_mpc -> /home/guanyu/crocoddyl/wbot/ros2_ws/install/wbot_mpc/share/ament_index/resource_index/packages
[0.643s] copying package.xml -> /home/guanyu/crocoddyl/wbot/ros2_ws/install/wbot_mpc/share/wbot_mpc
[0.643s] running install_egg_info
[0.644s] Copying ../../build/wbot_mpc/wbot_mpc.egg-info to /home/guanyu/crocoddyl/wbot/ros2_ws/install/wbot_mpc/lib/python3.10/site-packages/wbot_mpc-0.0.0-py3.10.egg-info
[0.644s] running install_scripts
[0.653s] Installing mpc_node script to /home/guanyu/crocoddyl/wbot/ros2_ws/install/wbot_mpc/lib/wbot_mpc
[0.653s] writing list of installed files to '/home/guanyu/crocoddyl/wbot/ros2_ws/build/wbot_mpc/install.log'
[0.663s] Invoked command in '/home/guanyu/crocoddyl/wbot/ros2_ws/src/wbot_mpc' returned '0': AMENT_PREFIX_PATH=/home/guanyu/crocoddyl/wbot/ros2_ws/install/wbot_msgs:${AMENT_PREFIX_PATH} CMAKE_PREFIX_PATH=/home/guanyu/crocoddyl/wbot/ros2_ws/install/wbot_msgs LD_LIBRARY_PATH=/home/guanyu/crocoddyl/wbot/ros2_ws/install/wbot_msgs/lib:${LD_LIBRARY_PATH} PYTHONPATH=/home/guanyu/crocoddyl/wbot/ros2_ws/build/wbot_mpc/prefix_override:/usr/lib/python3/dist-packages/colcon_core/task/python/colcon_distutils_commands:/home/guanyu/crocoddyl/wbot/ros2_ws/install/wbot_mpc/lib/python3.10/site-packages:/home/guanyu/crocoddyl/wbot/ros2_ws/install/wbot_msgs/local/lib/python3.10/dist-packages:${PYTHONPATH} /usr/bin/python3 -W ignore:setup.py install is deprecated -W ignore:easy_install command is deprecated setup.py egg_info --egg-base ../../build/wbot_mpc build --build-base /home/guanyu/crocoddyl/wbot/ros2_ws/build/wbot_mpc/build install --record /home/guanyu/crocoddyl/wbot/ros2_ws/build/wbot_mpc/install.log --single-version-externally-managed install_data --force
