[0.045s] DEBUG:colcon:Command line arguments: ['/usr/bin/colcon', 'build', '--packages-select', 'wbot_bringup']
[0.045s] DEBUG:colcon:Parsed command line arguments: Namespace(log_base=None, log_level=None, verb_name='build', build_base='build', install_base='install', merge_install=False, symlink_install=False, test_result_base=None, continue_on_error=False, executor='parallel', parallel_workers=28, event_handlers=None, ignore_user_meta=False, metas=['./colcon.meta'], base_paths=['.'], packages_ignore=None, packages_ignore_regex=None, paths=None, packages_up_to=None, packages_up_to_regex=None, packages_above=None, packages_above_and_dependencies=None, packages_above_depth=None, packages_select_by_dep=None, packages_skip_by_dep=None, packages_skip_up_to=None, packages_select_build_failed=False, packages_skip_build_finished=False, packages_select_test_failures=False, packages_skip_test_passed=False, packages_select=['wbot_bringup'], packages_skip=None, packages_select_regex=None, packages_skip_regex=None, packages_start=None, packages_end=None, allow_overriding=[], cmake_args=None, cmake_target=None, cmake_target_skip_unavailable=False, cmake_clean_cache=False, cmake_clean_first=False, cmake_force_configure=False, ament_cmake_args=None, catkin_cmake_args=None, catkin_skip_building_tests=False, mixin_files=None, mixin=None, verb_parser=<colcon_mixin.mixin.mixin_argument.MixinArgumentDecorator object at 0x7a6ec5ff9570>, verb_extension=<colcon_core.verb.build.BuildVerb object at 0x7a6ec615e440>, main=<bound method BuildVerb.main of <colcon_core.verb.build.BuildVerb object at 0x7a6ec615e440>>, mixin_verb=('build',))
[0.110s] Level 1:colcon.colcon_core.package_discovery:discover_packages(colcon_meta) check parameters
[0.110s] Level 1:colcon.colcon_core.package_discovery:discover_packages(recursive) check parameters
[0.110s] Level 1:colcon.colcon_core.package_discovery:discover_packages(ignore) check parameters
[0.110s] Level 1:colcon.colcon_core.package_discovery:discover_packages(path) check parameters
[0.110s] Level 1:colcon.colcon_core.package_discovery:discover_packages(colcon_meta) discover
[0.110s] Level 1:colcon.colcon_core.package_discovery:discover_packages(recursive) discover
[0.110s] INFO:colcon.colcon_core.package_discovery:Crawling recursively for packages in '/home/guanyu/crocoddyl/wbot/ros2_ws'
[0.110s] Level 1:colcon.colcon_core.package_identification:_identify(.) by extensions ['ignore', 'ignore_ament_install']
[0.110s] Level 1:colcon.colcon_core.package_identification:_identify(.) by extension 'ignore'
[0.110s] Level 1:colcon.colcon_core.package_identification:_identify(.) by extension 'ignore_ament_install'
[0.110s] Level 1:colcon.colcon_core.package_identification:_identify(.) by extensions ['colcon_pkg']
[0.110s] Level 1:colcon.colcon_core.package_identification:_identify(.) by extension 'colcon_pkg'
[0.110s] Level 1:colcon.colcon_core.package_identification:_identify(.) by extensions ['colcon_meta']
[0.110s] Level 1:colcon.colcon_core.package_identification:_identify(.) by extension 'colcon_meta'
[0.110s] Level 1:colcon.colcon_core.package_identification:_identify(.) by extensions ['ros']
[0.110s] Level 1:colcon.colcon_core.package_identification:_identify(.) by extension 'ros'
[0.115s] Level 1:colcon.colcon_core.package_identification:_identify(.) by extensions ['cmake', 'python']
[0.115s] Level 1:colcon.colcon_core.package_identification:_identify(.) by extension 'cmake'
[0.115s] Level 1:colcon.colcon_core.package_identification:_identify(.) by extension 'python'
[0.115s] Level 1:colcon.colcon_core.package_identification:_identify(.) by extensions ['python_setup_py']
[0.115s] Level 1:colcon.colcon_core.package_identification:_identify(.) by extension 'python_setup_py'
[0.115s] Level 1:colcon.colcon_core.package_identification:_identify(build) by extensions ['ignore', 'ignore_ament_install']
[0.115s] Level 1:colcon.colcon_core.package_identification:_identify(build) by extension 'ignore'
[0.115s] Level 1:colcon.colcon_core.package_identification:_identify(build) ignored
[0.115s] Level 1:colcon.colcon_core.package_identification:_identify(install) by extensions ['ignore', 'ignore_ament_install']
[0.115s] Level 1:colcon.colcon_core.package_identification:_identify(install) by extension 'ignore'
[0.115s] Level 1:colcon.colcon_core.package_identification:_identify(install) ignored
[0.115s] Level 1:colcon.colcon_core.package_identification:_identify(log) by extensions ['ignore', 'ignore_ament_install']
[0.115s] Level 1:colcon.colcon_core.package_identification:_identify(log) by extension 'ignore'
[0.115s] Level 1:colcon.colcon_core.package_identification:_identify(log) ignored
[0.115s] Level 1:colcon.colcon_core.package_identification:_identify(src) by extensions ['ignore', 'ignore_ament_install']
[0.115s] Level 1:colcon.colcon_core.package_identification:_identify(src) by extension 'ignore'
[0.115s] Level 1:colcon.colcon_core.package_identification:_identify(src) by extension 'ignore_ament_install'
[0.115s] Level 1:colcon.colcon_core.package_identification:_identify(src) by extensions ['colcon_pkg']
[0.115s] Level 1:colcon.colcon_core.package_identification:_identify(src) by extension 'colcon_pkg'
[0.115s] Level 1:colcon.colcon_core.package_identification:_identify(src) by extensions ['colcon_meta']
[0.115s] Level 1:colcon.colcon_core.package_identification:_identify(src) by extension 'colcon_meta'
[0.116s] Level 1:colcon.colcon_core.package_identification:_identify(src) by extensions ['ros']
[0.116s] Level 1:colcon.colcon_core.package_identification:_identify(src) by extension 'ros'
[0.116s] Level 1:colcon.colcon_core.package_identification:_identify(src) by extensions ['cmake', 'python']
[0.116s] Level 1:colcon.colcon_core.package_identification:_identify(src) by extension 'cmake'
[0.116s] Level 1:colcon.colcon_core.package_identification:_identify(src) by extension 'python'
[0.116s] Level 1:colcon.colcon_core.package_identification:_identify(src) by extensions ['python_setup_py']
[0.116s] Level 1:colcon.colcon_core.package_identification:_identify(src) by extension 'python_setup_py'
[0.116s] Level 1:colcon.colcon_core.package_identification:_identify(src/wbot_bringup) by extensions ['ignore', 'ignore_ament_install']
[0.116s] Level 1:colcon.colcon_core.package_identification:_identify(src/wbot_bringup) by extension 'ignore'
[0.116s] Level 1:colcon.colcon_core.package_identification:_identify(src/wbot_bringup) by extension 'ignore_ament_install'
[0.116s] Level 1:colcon.colcon_core.package_identification:_identify(src/wbot_bringup) by extensions ['colcon_pkg']
[0.116s] Level 1:colcon.colcon_core.package_identification:_identify(src/wbot_bringup) by extension 'colcon_pkg'
[0.116s] Level 1:colcon.colcon_core.package_identification:_identify(src/wbot_bringup) by extensions ['colcon_meta']
[0.116s] Level 1:colcon.colcon_core.package_identification:_identify(src/wbot_bringup) by extension 'colcon_meta'
[0.116s] Level 1:colcon.colcon_core.package_identification:_identify(src/wbot_bringup) by extensions ['ros']
[0.116s] Level 1:colcon.colcon_core.package_identification:_identify(src/wbot_bringup) by extension 'ros'
[0.117s] DEBUG:colcon.colcon_core.package_identification:Package 'src/wbot_bringup' with type 'ros.ament_python' and name 'wbot_bringup'
[0.117s] Level 1:colcon.colcon_core.package_identification:_identify(src/wbot_command) by extensions ['ignore', 'ignore_ament_install']
[0.117s] Level 1:colcon.colcon_core.package_identification:_identify(src/wbot_command) by extension 'ignore'
[0.117s] Level 1:colcon.colcon_core.package_identification:_identify(src/wbot_command) by extension 'ignore_ament_install'
[0.117s] Level 1:colcon.colcon_core.package_identification:_identify(src/wbot_command) by extensions ['colcon_pkg']
[0.117s] Level 1:colcon.colcon_core.package_identification:_identify(src/wbot_command) by extension 'colcon_pkg'
[0.117s] Level 1:colcon.colcon_core.package_identification:_identify(src/wbot_command) by extensions ['colcon_meta']
[0.117s] Level 1:colcon.colcon_core.package_identification:_identify(src/wbot_command) by extension 'colcon_meta'
[0.117s] Level 1:colcon.colcon_core.package_identification:_identify(src/wbot_command) by extensions ['ros']
[0.117s] Level 1:colcon.colcon_core.package_identification:_identify(src/wbot_command) by extension 'ros'
[0.117s] DEBUG:colcon.colcon_core.package_identification:Package 'src/wbot_command' with type 'ros.ament_python' and name 'wbot_command'
[0.118s] Level 1:colcon.colcon_core.package_identification:_identify(src/wbot_mpc) by extensions ['ignore', 'ignore_ament_install']
[0.118s] Level 1:colcon.colcon_core.package_identification:_identify(src/wbot_mpc) by extension 'ignore'
[0.118s] Level 1:colcon.colcon_core.package_identification:_identify(src/wbot_mpc) by extension 'ignore_ament_install'
[0.118s] Level 1:colcon.colcon_core.package_identification:_identify(src/wbot_mpc) by extensions ['colcon_pkg']
[0.118s] Level 1:colcon.colcon_core.package_identification:_identify(src/wbot_mpc) by extension 'colcon_pkg'
[0.118s] Level 1:colcon.colcon_core.package_identification:_identify(src/wbot_mpc) by extensions ['colcon_meta']
[0.118s] Level 1:colcon.colcon_core.package_identification:_identify(src/wbot_mpc) by extension 'colcon_meta'
[0.118s] Level 1:colcon.colcon_core.package_identification:_identify(src/wbot_mpc) by extensions ['ros']
[0.118s] Level 1:colcon.colcon_core.package_identification:_identify(src/wbot_mpc) by extension 'ros'
[0.118s] DEBUG:colcon.colcon_core.package_identification:Package 'src/wbot_mpc' with type 'ros.ament_python' and name 'wbot_mpc'
[0.118s] Level 1:colcon.colcon_core.package_identification:_identify(src/wbot_msgs) by extensions ['ignore', 'ignore_ament_install']
[0.118s] Level 1:colcon.colcon_core.package_identification:_identify(src/wbot_msgs) by extension 'ignore'
[0.118s] Level 1:colcon.colcon_core.package_identification:_identify(src/wbot_msgs) by extension 'ignore_ament_install'
[0.118s] Level 1:colcon.colcon_core.package_identification:_identify(src/wbot_msgs) by extensions ['colcon_pkg']
[0.118s] Level 1:colcon.colcon_core.package_identification:_identify(src/wbot_msgs) by extension 'colcon_pkg'
[0.118s] Level 1:colcon.colcon_core.package_identification:_identify(src/wbot_msgs) by extensions ['colcon_meta']
[0.118s] Level 1:colcon.colcon_core.package_identification:_identify(src/wbot_msgs) by extension 'colcon_meta'
[0.118s] Level 1:colcon.colcon_core.package_identification:_identify(src/wbot_msgs) by extensions ['ros']
[0.118s] Level 1:colcon.colcon_core.package_identification:_identify(src/wbot_msgs) by extension 'ros'
[0.118s] DEBUG:colcon.colcon_core.package_identification:Package 'src/wbot_msgs' with type 'ros.ament_cmake' and name 'wbot_msgs'
[0.118s] Level 1:colcon.colcon_core.package_identification:_identify(src/wbot_simulator) by extensions ['ignore', 'ignore_ament_install']
[0.118s] Level 1:colcon.colcon_core.package_identification:_identify(src/wbot_simulator) by extension 'ignore'
[0.118s] Level 1:colcon.colcon_core.package_identification:_identify(src/wbot_simulator) by extension 'ignore_ament_install'
[0.118s] Level 1:colcon.colcon_core.package_identification:_identify(src/wbot_simulator) by extensions ['colcon_pkg']
[0.118s] Level 1:colcon.colcon_core.package_identification:_identify(src/wbot_simulator) by extension 'colcon_pkg'
[0.118s] Level 1:colcon.colcon_core.package_identification:_identify(src/wbot_simulator) by extensions ['colcon_meta']
[0.118s] Level 1:colcon.colcon_core.package_identification:_identify(src/wbot_simulator) by extension 'colcon_meta'
[0.118s] Level 1:colcon.colcon_core.package_identification:_identify(src/wbot_simulator) by extensions ['ros']
[0.118s] Level 1:colcon.colcon_core.package_identification:_identify(src/wbot_simulator) by extension 'ros'
[0.119s] DEBUG:colcon.colcon_core.package_identification:Package 'src/wbot_simulator' with type 'ros.ament_python' and name 'wbot_simulator'
[0.119s] Level 1:colcon.colcon_core.package_discovery:discover_packages(recursive) using defaults
[0.119s] Level 1:colcon.colcon_core.package_discovery:discover_packages(ignore) discover
[0.119s] Level 1:colcon.colcon_core.package_discovery:discover_packages(ignore) using defaults
[0.119s] Level 1:colcon.colcon_core.package_discovery:discover_packages(path) discover
[0.119s] Level 1:colcon.colcon_core.package_discovery:discover_packages(path) using defaults
[0.132s] INFO:colcon.colcon_core.package_selection:Skipping not selected package 'wbot_msgs' in 'src/wbot_msgs'
[0.132s] INFO:colcon.colcon_core.package_selection:Skipping not selected package 'wbot_command' in 'src/wbot_command'
[0.132s] INFO:colcon.colcon_core.package_selection:Skipping not selected package 'wbot_mpc' in 'src/wbot_mpc'
[0.132s] INFO:colcon.colcon_core.package_selection:Skipping not selected package 'wbot_simulator' in 'src/wbot_simulator'
[0.132s] Level 1:colcon.colcon_core.package_discovery:discover_packages(prefix_path) check parameters
[0.132s] Level 1:colcon.colcon_core.package_discovery:discover_packages(prefix_path) discover
[0.133s] DEBUG:colcon.colcon_installed_package_information.package_discovery:Found 286 installed packages in /opt/ros/humble
[0.134s] Level 1:colcon.colcon_core.package_discovery:discover_packages(prefix_path) using defaults
[0.148s] Level 5:colcon.colcon_core.verb:set package 'wbot_bringup' build argument 'cmake_args' from command line to 'None'
[0.148s] Level 5:colcon.colcon_core.verb:set package 'wbot_bringup' build argument 'cmake_target' from command line to 'None'
[0.148s] Level 5:colcon.colcon_core.verb:set package 'wbot_bringup' build argument 'cmake_target_skip_unavailable' from command line to 'False'
[0.148s] Level 5:colcon.colcon_core.verb:set package 'wbot_bringup' build argument 'cmake_clean_cache' from command line to 'False'
[0.148s] Level 5:colcon.colcon_core.verb:set package 'wbot_bringup' build argument 'cmake_clean_first' from command line to 'False'
[0.148s] Level 5:colcon.colcon_core.verb:set package 'wbot_bringup' build argument 'cmake_force_configure' from command line to 'False'
[0.148s] Level 5:colcon.colcon_core.verb:set package 'wbot_bringup' build argument 'ament_cmake_args' from command line to 'None'
[0.148s] Level 5:colcon.colcon_core.verb:set package 'wbot_bringup' build argument 'catkin_cmake_args' from command line to 'None'
[0.149s] Level 5:colcon.colcon_core.verb:set package 'wbot_bringup' build argument 'catkin_skip_building_tests' from command line to 'False'
[0.149s] DEBUG:colcon.colcon_core.verb:Building package 'wbot_bringup' with the following arguments: {'ament_cmake_args': None, 'build_base': '/home/guanyu/crocoddyl/wbot/ros2_ws/build/wbot_bringup', 'catkin_cmake_args': None, 'catkin_skip_building_tests': False, 'cmake_args': None, 'cmake_clean_cache': False, 'cmake_clean_first': False, 'cmake_force_configure': False, 'cmake_target': None, 'cmake_target_skip_unavailable': False, 'install_base': '/home/guanyu/crocoddyl/wbot/ros2_ws/install/wbot_bringup', 'merge_install': False, 'path': '/home/guanyu/crocoddyl/wbot/ros2_ws/src/wbot_bringup', 'symlink_install': False, 'test_result_base': None}
[0.149s] INFO:colcon.colcon_core.executor:Executing jobs using 'parallel' executor
[0.149s] DEBUG:colcon.colcon_parallel_executor.executor.parallel:run_until_complete
[0.149s] INFO:colcon.colcon_ros.task.ament_python.build:Building ROS package in '/home/guanyu/crocoddyl/wbot/ros2_ws/src/wbot_bringup' with build type 'ament_python'
[0.149s] Level 1:colcon.colcon_core.shell:create_environment_hook('wbot_bringup', 'ament_prefix_path')
[0.150s] INFO:colcon.colcon_core.plugin_system:Skipping extension 'colcon_core.shell.bat': Not used on non-Windows systems
[0.150s] INFO:colcon.colcon_core.shell:Creating environment hook '/home/guanyu/crocoddyl/wbot/ros2_ws/install/wbot_bringup/share/wbot_bringup/hook/ament_prefix_path.ps1'
[0.150s] INFO:colcon.colcon_core.shell:Creating environment descriptor '/home/guanyu/crocoddyl/wbot/ros2_ws/install/wbot_bringup/share/wbot_bringup/hook/ament_prefix_path.dsv'
[0.150s] INFO:colcon.colcon_core.shell:Creating environment hook '/home/guanyu/crocoddyl/wbot/ros2_ws/install/wbot_bringup/share/wbot_bringup/hook/ament_prefix_path.sh'
[0.151s] INFO:colcon.colcon_core.shell:Skip shell extension 'powershell' for command environment: Not usable outside of PowerShell
[0.151s] DEBUG:colcon.colcon_core.shell:Skip shell extension 'dsv' for command environment
[0.259s] INFO:colcon.colcon_core.task.python.build:Building Python package in '/home/guanyu/crocoddyl/wbot/ros2_ws/src/wbot_bringup'
[0.259s] INFO:colcon.colcon_core.shell:Skip shell extension 'powershell' for command environment: Not usable outside of PowerShell
[0.259s] DEBUG:colcon.colcon_core.shell:Skip shell extension 'dsv' for command environment
[0.402s] DEBUG:colcon.colcon_core.event_handler.log_command:Invoking command in '/home/guanyu/crocoddyl/wbot/ros2_ws/build/wbot_bringup': AMENT_PREFIX_PATH=/home/guanyu/crocoddyl/wbot/ros2_ws/install/wbot_simulator:/home/guanyu/crocoddyl/wbot/ros2_ws/install/wbot_mpc:/home/guanyu/crocoddyl/wbot/ros2_ws/install/wbot_command:/home/guanyu/crocoddyl/wbot/ros2_ws/install/wbot_msgs:${AMENT_PREFIX_PATH} CMAKE_PREFIX_PATH=/home/guanyu/crocoddyl/wbot/ros2_ws/install/wbot_msgs LD_LIBRARY_PATH=/home/guanyu/crocoddyl/wbot/ros2_ws/install/wbot_msgs/lib:${LD_LIBRARY_PATH} PYTHONPATH=/home/guanyu/crocoddyl/wbot/ros2_ws/build/wbot_bringup/prefix_override:/usr/lib/python3/dist-packages/colcon_core/task/python/colcon_distutils_commands:/home/guanyu/crocoddyl/wbot/ros2_ws/install/wbot_bringup/lib/python3.10/site-packages:/home/guanyu/crocoddyl/wbot/ros2_ws/build/wbot_simulator:/home/guanyu/crocoddyl/wbot/ros2_ws/install/wbot_simulator/lib/python3.10/site-packages:/home/guanyu/crocoddyl/wbot/ros2_ws/build/wbot_mpc:/home/guanyu/crocoddyl/wbot/ros2_ws/install/wbot_mpc/lib/python3.10/site-packages:/home/guanyu/crocoddyl/wbot/ros2_ws/build/wbot_command:/home/guanyu/crocoddyl/wbot/ros2_ws/install/wbot_command/lib/python3.10/site-packages:/home/guanyu/crocoddyl/wbot/ros2_ws/install/wbot_msgs/local/lib/python3.10/dist-packages:${PYTHONPATH} /usr/bin/python3 -W ignore:setup.py install is deprecated -W ignore:easy_install command is deprecated setup.py develop --uninstall --editable --build-directory /home/guanyu/crocoddyl/wbot/ros2_ws/build/wbot_bringup/build
[0.583s] DEBUG:colcon.colcon_core.event_handler.log_command:Invoked command in '/home/guanyu/crocoddyl/wbot/ros2_ws/build/wbot_bringup' returned '0': AMENT_PREFIX_PATH=/home/guanyu/crocoddyl/wbot/ros2_ws/install/wbot_simulator:/home/guanyu/crocoddyl/wbot/ros2_ws/install/wbot_mpc:/home/guanyu/crocoddyl/wbot/ros2_ws/install/wbot_command:/home/guanyu/crocoddyl/wbot/ros2_ws/install/wbot_msgs:${AMENT_PREFIX_PATH} CMAKE_PREFIX_PATH=/home/guanyu/crocoddyl/wbot/ros2_ws/install/wbot_msgs LD_LIBRARY_PATH=/home/guanyu/crocoddyl/wbot/ros2_ws/install/wbot_msgs/lib:${LD_LIBRARY_PATH} PYTHONPATH=/home/guanyu/crocoddyl/wbot/ros2_ws/build/wbot_bringup/prefix_override:/usr/lib/python3/dist-packages/colcon_core/task/python/colcon_distutils_commands:/home/guanyu/crocoddyl/wbot/ros2_ws/install/wbot_bringup/lib/python3.10/site-packages:/home/guanyu/crocoddyl/wbot/ros2_ws/build/wbot_simulator:/home/guanyu/crocoddyl/wbot/ros2_ws/install/wbot_simulator/lib/python3.10/site-packages:/home/guanyu/crocoddyl/wbot/ros2_ws/build/wbot_mpc:/home/guanyu/crocoddyl/wbot/ros2_ws/install/wbot_mpc/lib/python3.10/site-packages:/home/guanyu/crocoddyl/wbot/ros2_ws/build/wbot_command:/home/guanyu/crocoddyl/wbot/ros2_ws/install/wbot_command/lib/python3.10/site-packages:/home/guanyu/crocoddyl/wbot/ros2_ws/install/wbot_msgs/local/lib/python3.10/dist-packages:${PYTHONPATH} /usr/bin/python3 -W ignore:setup.py install is deprecated -W ignore:easy_install command is deprecated setup.py develop --uninstall --editable --build-directory /home/guanyu/crocoddyl/wbot/ros2_ws/build/wbot_bringup/build
[0.584s] DEBUG:colcon.colcon_core.event_handler.log_command:Invoking command in '/home/guanyu/crocoddyl/wbot/ros2_ws/src/wbot_bringup': AMENT_PREFIX_PATH=/home/guanyu/crocoddyl/wbot/ros2_ws/install/wbot_simulator:/home/guanyu/crocoddyl/wbot/ros2_ws/install/wbot_mpc:/home/guanyu/crocoddyl/wbot/ros2_ws/install/wbot_command:/home/guanyu/crocoddyl/wbot/ros2_ws/install/wbot_msgs:${AMENT_PREFIX_PATH} CMAKE_PREFIX_PATH=/home/guanyu/crocoddyl/wbot/ros2_ws/install/wbot_msgs LD_LIBRARY_PATH=/home/guanyu/crocoddyl/wbot/ros2_ws/install/wbot_msgs/lib:${LD_LIBRARY_PATH} PYTHONPATH=/home/guanyu/crocoddyl/wbot/ros2_ws/build/wbot_bringup/prefix_override:/usr/lib/python3/dist-packages/colcon_core/task/python/colcon_distutils_commands:/home/guanyu/crocoddyl/wbot/ros2_ws/install/wbot_bringup/lib/python3.10/site-packages:/home/guanyu/crocoddyl/wbot/ros2_ws/build/wbot_simulator:/home/guanyu/crocoddyl/wbot/ros2_ws/install/wbot_simulator/lib/python3.10/site-packages:/home/guanyu/crocoddyl/wbot/ros2_ws/build/wbot_mpc:/home/guanyu/crocoddyl/wbot/ros2_ws/install/wbot_mpc/lib/python3.10/site-packages:/home/guanyu/crocoddyl/wbot/ros2_ws/build/wbot_command:/home/guanyu/crocoddyl/wbot/ros2_ws/install/wbot_command/lib/python3.10/site-packages:/home/guanyu/crocoddyl/wbot/ros2_ws/install/wbot_msgs/local/lib/python3.10/dist-packages:${PYTHONPATH} /usr/bin/python3 -W ignore:setup.py install is deprecated -W ignore:easy_install command is deprecated setup.py egg_info --egg-base ../../build/wbot_bringup build --build-base /home/guanyu/crocoddyl/wbot/ros2_ws/build/wbot_bringup/build install --record /home/guanyu/crocoddyl/wbot/ros2_ws/build/wbot_bringup/install.log --single-version-externally-managed install_data --force
[0.707s] DEBUG:colcon.colcon_core.event_handler.log_command:Invoked command in '/home/guanyu/crocoddyl/wbot/ros2_ws/src/wbot_bringup' returned '0': AMENT_PREFIX_PATH=/home/guanyu/crocoddyl/wbot/ros2_ws/install/wbot_simulator:/home/guanyu/crocoddyl/wbot/ros2_ws/install/wbot_mpc:/home/guanyu/crocoddyl/wbot/ros2_ws/install/wbot_command:/home/guanyu/crocoddyl/wbot/ros2_ws/install/wbot_msgs:${AMENT_PREFIX_PATH} CMAKE_PREFIX_PATH=/home/guanyu/crocoddyl/wbot/ros2_ws/install/wbot_msgs LD_LIBRARY_PATH=/home/guanyu/crocoddyl/wbot/ros2_ws/install/wbot_msgs/lib:${LD_LIBRARY_PATH} PYTHONPATH=/home/guanyu/crocoddyl/wbot/ros2_ws/build/wbot_bringup/prefix_override:/usr/lib/python3/dist-packages/colcon_core/task/python/colcon_distutils_commands:/home/guanyu/crocoddyl/wbot/ros2_ws/install/wbot_bringup/lib/python3.10/site-packages:/home/guanyu/crocoddyl/wbot/ros2_ws/build/wbot_simulator:/home/guanyu/crocoddyl/wbot/ros2_ws/install/wbot_simulator/lib/python3.10/site-packages:/home/guanyu/crocoddyl/wbot/ros2_ws/build/wbot_mpc:/home/guanyu/crocoddyl/wbot/ros2_ws/install/wbot_mpc/lib/python3.10/site-packages:/home/guanyu/crocoddyl/wbot/ros2_ws/build/wbot_command:/home/guanyu/crocoddyl/wbot/ros2_ws/install/wbot_command/lib/python3.10/site-packages:/home/guanyu/crocoddyl/wbot/ros2_ws/install/wbot_msgs/local/lib/python3.10/dist-packages:${PYTHONPATH} /usr/bin/python3 -W ignore:setup.py install is deprecated -W ignore:easy_install command is deprecated setup.py egg_info --egg-base ../../build/wbot_bringup build --build-base /home/guanyu/crocoddyl/wbot/ros2_ws/build/wbot_bringup/build install --record /home/guanyu/crocoddyl/wbot/ros2_ws/build/wbot_bringup/install.log --single-version-externally-managed install_data --force
[0.708s] Level 1:colcon.colcon_core.environment:checking '/home/guanyu/crocoddyl/wbot/ros2_ws/install/wbot_bringup' for CMake module files
[0.708s] Level 1:colcon.colcon_core.environment:checking '/home/guanyu/crocoddyl/wbot/ros2_ws/install/wbot_bringup' for CMake config files
[0.708s] Level 1:colcon.colcon_core.environment:checking '/home/guanyu/crocoddyl/wbot/ros2_ws/install/wbot_bringup/lib'
[0.708s] Level 1:colcon.colcon_core.environment:checking '/home/guanyu/crocoddyl/wbot/ros2_ws/install/wbot_bringup/bin'
[0.708s] Level 1:colcon.colcon_core.environment:checking '/home/guanyu/crocoddyl/wbot/ros2_ws/install/wbot_bringup/lib/pkgconfig/wbot_bringup.pc'
[0.708s] Level 1:colcon.colcon_core.environment:checking '/home/guanyu/crocoddyl/wbot/ros2_ws/install/wbot_bringup/lib/python3.10/site-packages'
[0.708s] Level 1:colcon.colcon_core.shell:create_environment_hook('wbot_bringup', 'pythonpath')
[0.709s] INFO:colcon.colcon_core.shell:Creating environment hook '/home/guanyu/crocoddyl/wbot/ros2_ws/install/wbot_bringup/share/wbot_bringup/hook/pythonpath.ps1'
[0.709s] INFO:colcon.colcon_core.shell:Creating environment descriptor '/home/guanyu/crocoddyl/wbot/ros2_ws/install/wbot_bringup/share/wbot_bringup/hook/pythonpath.dsv'
[0.709s] INFO:colcon.colcon_core.shell:Creating environment hook '/home/guanyu/crocoddyl/wbot/ros2_ws/install/wbot_bringup/share/wbot_bringup/hook/pythonpath.sh'
[0.709s] Level 1:colcon.colcon_core.environment:checking '/home/guanyu/crocoddyl/wbot/ros2_ws/install/wbot_bringup/bin'
[0.709s] Level 1:colcon.colcon_core.environment:create_environment_scripts_only(wbot_bringup)
[0.709s] INFO:colcon.colcon_core.shell:Creating package script '/home/guanyu/crocoddyl/wbot/ros2_ws/install/wbot_bringup/share/wbot_bringup/package.ps1'
[0.710s] INFO:colcon.colcon_core.shell:Creating package descriptor '/home/guanyu/crocoddyl/wbot/ros2_ws/install/wbot_bringup/share/wbot_bringup/package.dsv'
[0.710s] INFO:colcon.colcon_core.shell:Creating package script '/home/guanyu/crocoddyl/wbot/ros2_ws/install/wbot_bringup/share/wbot_bringup/package.sh'
[0.710s] INFO:colcon.colcon_core.shell:Creating package script '/home/guanyu/crocoddyl/wbot/ros2_ws/install/wbot_bringup/share/wbot_bringup/package.bash'
[0.710s] INFO:colcon.colcon_core.shell:Creating package script '/home/guanyu/crocoddyl/wbot/ros2_ws/install/wbot_bringup/share/wbot_bringup/package.zsh'
[0.711s] Level 1:colcon.colcon_core.environment:create_file_with_runtime_dependencies(/home/guanyu/crocoddyl/wbot/ros2_ws/install/wbot_bringup/share/colcon-core/packages/wbot_bringup)
[0.711s] DEBUG:colcon.colcon_parallel_executor.executor.parallel:closing loop
[0.711s] DEBUG:colcon.colcon_parallel_executor.executor.parallel:loop closed
[0.711s] DEBUG:colcon.colcon_parallel_executor.executor.parallel:run_until_complete finished with '0'
[0.711s] DEBUG:colcon.colcon_core.event_reactor:joining thread
[0.713s] INFO:colcon.colcon_core.plugin_system:Skipping extension 'colcon_notification.desktop_notification.terminal_notifier': Not used on non-Darwin systems
[0.713s] INFO:colcon.colcon_core.plugin_system:Skipping extension 'colcon_notification.desktop_notification.win32': Not used on non-Windows systems
[0.713s] INFO:colcon.colcon_notification.desktop_notification:Sending desktop notification using 'notify2'
[0.718s] DEBUG:colcon.colcon_core.event_reactor:joined thread
[0.718s] INFO:colcon.colcon_core.shell:Creating prefix script '/home/guanyu/crocoddyl/wbot/ros2_ws/install/local_setup.ps1'
[0.718s] INFO:colcon.colcon_core.shell:Creating prefix util module '/home/guanyu/crocoddyl/wbot/ros2_ws/install/_local_setup_util_ps1.py'
[0.719s] INFO:colcon.colcon_core.shell:Creating prefix chain script '/home/guanyu/crocoddyl/wbot/ros2_ws/install/setup.ps1'
[0.719s] INFO:colcon.colcon_core.shell:Creating prefix script '/home/guanyu/crocoddyl/wbot/ros2_ws/install/local_setup.sh'
[0.719s] INFO:colcon.colcon_core.shell:Creating prefix util module '/home/guanyu/crocoddyl/wbot/ros2_ws/install/_local_setup_util_sh.py'
[0.719s] INFO:colcon.colcon_core.shell:Creating prefix chain script '/home/guanyu/crocoddyl/wbot/ros2_ws/install/setup.sh'
[0.720s] INFO:colcon.colcon_core.shell:Creating prefix script '/home/guanyu/crocoddyl/wbot/ros2_ws/install/local_setup.bash'
[0.720s] INFO:colcon.colcon_core.shell:Creating prefix chain script '/home/guanyu/crocoddyl/wbot/ros2_ws/install/setup.bash'
[0.720s] INFO:colcon.colcon_core.shell:Creating prefix script '/home/guanyu/crocoddyl/wbot/ros2_ws/install/local_setup.zsh'
[0.720s] INFO:colcon.colcon_core.shell:Creating prefix chain script '/home/guanyu/crocoddyl/wbot/ros2_ws/install/setup.zsh'
